[0.536s] DEBUG:colcon:Command line arguments: ['/usr/bin/colcon', 'build', '--symlink-install']
[0.537s] DEBUG:colcon:Parsed command line arguments: Namespace(log_base=None, log_level=None, verb_name='build', build_base='build', install_base='install', merge_install=False, symlink_install=True, test_result_base=None, continue_on_error=False, executor='parallel', parallel_workers=8, event_handlers=None, ignore_user_meta=False, metas=['./colcon.meta'], base_paths=['.'], packages_ignore=None, packages_ignore_regex=None, paths=None, packages_up_to=None, packages_up_to_regex=None, packages_above=None, packages_above_and_dependencies=None, packages_above_depth=None, packages_select_by_dep=None, packages_skip_by_dep=None, packages_skip_up_to=None, packages_select_build_failed=False, packages_skip_build_finished=False, packages_select_test_failures=False, packages_skip_test_passed=False, packages_select=None, packages_skip=None, packages_select_regex=None, packages_skip_regex=None, packages_start=None, packages_end=None, cmake_args=None, cmake_target=None, cmake_target_skip_unavailable=False, cmake_clean_cache=False, cmake_clean_first=False, cmake_force_configure=False, ament_cmake_args=None, catkin_cmake_args=None, catkin_skip_building_tests=False, verb_parser=<colcon_defaults.argument_parser.defaults.DefaultArgumentsDecorator object at 0x783559e1b980>, verb_extension=<colcon_core.verb.build.BuildVerb object at 0x783559e1b620>, main=<bound method BuildVerb.main of <colcon_core.verb.build.BuildVerb object at 0x783559e1b620>>)
[0.666s] Level 1:colcon.colcon_core.package_discovery:discover_packages(colcon_meta) check parameters
[0.667s] Level 1:colcon.colcon_core.package_discovery:discover_packages(recursive) check parameters
[0.667s] Level 1:colcon.colcon_core.package_discovery:discover_packages(ignore) check parameters
[0.667s] Level 1:colcon.colcon_core.package_discovery:discover_packages(path) check parameters
[0.667s] Level 1:colcon.colcon_core.package_discovery:discover_packages(colcon_meta) discover
[0.667s] Level 1:colcon.colcon_core.package_discovery:discover_packages(recursive) discover
[0.667s] INFO:colcon.colcon_core.package_discovery:Crawling recursively for packages in '/home/navab/robot-simulation'
[0.668s] Level 1:colcon.colcon_core.package_identification:_identify(.) by extensions ['ignore', 'ignore_ament_install']
[0.668s] Level 1:colcon.colcon_core.package_identification:_identify(.) by extension 'ignore'
[0.668s] Level 1:colcon.colcon_core.package_identification:_identify(.) by extension 'ignore_ament_install'
[0.668s] Level 1:colcon.colcon_core.package_identification:_identify(.) by extensions ['colcon_pkg']
[0.668s] Level 1:colcon.colcon_core.package_identification:_identify(.) by extension 'colcon_pkg'
[0.669s] Level 1:colcon.colcon_core.package_identification:_identify(.) by extensions ['colcon_meta']
[0.669s] Level 1:colcon.colcon_core.package_identification:_identify(.) by extension 'colcon_meta'
[0.669s] Level 1:colcon.colcon_core.package_identification:_identify(.) by extensions ['ros']
[0.669s] Level 1:colcon.colcon_core.package_identification:_identify(.) by extension 'ros'
[0.794s] Level 1:colcon.colcon_core.package_identification:_identify(.) by extensions ['cmake', 'python']
[0.794s] Level 1:colcon.colcon_core.package_identification:_identify(.) by extension 'cmake'
[0.794s] Level 1:colcon.colcon_core.package_identification:_identify(.) by extension 'python'
[0.794s] Level 1:colcon.colcon_core.package_identification:_identify(.) by extensions ['python_setup_py']
[0.794s] Level 1:colcon.colcon_core.package_identification:_identify(.) by extension 'python_setup_py'
[0.795s] Level 1:colcon.colcon_core.package_identification:_identify(build) by extensions ['ignore', 'ignore_ament_install']
[0.795s] Level 1:colcon.colcon_core.package_identification:_identify(build) by extension 'ignore'
[0.795s] Level 1:colcon.colcon_core.package_identification:_identify(build) ignored
[0.795s] Level 1:colcon.colcon_core.package_identification:_identify(install) by extensions ['ignore', 'ignore_ament_install']
[0.796s] Level 1:colcon.colcon_core.package_identification:_identify(install) by extension 'ignore'
[0.796s] Level 1:colcon.colcon_core.package_identification:_identify(install) ignored
[0.796s] Level 1:colcon.colcon_core.package_identification:_identify(log) by extensions ['ignore', 'ignore_ament_install']
[0.796s] Level 1:colcon.colcon_core.package_identification:_identify(log) by extension 'ignore'
[0.796s] Level 1:colcon.colcon_core.package_identification:_identify(log) ignored
[0.797s] Level 1:colcon.colcon_core.package_identification:_identify(robot_description) by extensions ['ignore', 'ignore_ament_install']
[0.797s] Level 1:colcon.colcon_core.package_identification:_identify(robot_description) by extension 'ignore'
[0.798s] Level 1:colcon.colcon_core.package_identification:_identify(robot_description) by extension 'ignore_ament_install'
[0.798s] Level 1:colcon.colcon_core.package_identification:_identify(robot_description) by extensions ['colcon_pkg']
[0.798s] Level 1:colcon.colcon_core.package_identification:_identify(robot_description) by extension 'colcon_pkg'
[0.798s] Level 1:colcon.colcon_core.package_identification:_identify(robot_description) by extensions ['colcon_meta']
[0.798s] Level 1:colcon.colcon_core.package_identification:_identify(robot_description) by extension 'colcon_meta'
[0.798s] Level 1:colcon.colcon_core.package_identification:_identify(robot_description) by extensions ['ros']
[0.798s] Level 1:colcon.colcon_core.package_identification:_identify(robot_description) by extension 'ros'
[0.798s] Level 1:colcon.colcon_core.package_identification:_identify(robot_description) by extensions ['cmake', 'python']
[0.798s] Level 1:colcon.colcon_core.package_identification:_identify(robot_description) by extension 'cmake'
[0.799s] Level 1:colcon.colcon_core.package_identification:_identify(robot_description) by extension 'python'
[0.799s] Level 1:colcon.colcon_core.package_identification:_identify(robot_description) by extensions ['python_setup_py']
[0.799s] Level 1:colcon.colcon_core.package_identification:_identify(robot_description) by extension 'python_setup_py'
[0.799s] Level 1:colcon.colcon_core.package_identification:_identify(robot_description/config) by extensions ['ignore', 'ignore_ament_install']
[0.799s] Level 1:colcon.colcon_core.package_identification:_identify(robot_description/config) by extension 'ignore'
[0.799s] Level 1:colcon.colcon_core.package_identification:_identify(robot_description/config) by extension 'ignore_ament_install'
[0.799s] Level 1:colcon.colcon_core.package_identification:_identify(robot_description/config) by extensions ['colcon_pkg']
[0.799s] Level 1:colcon.colcon_core.package_identification:_identify(robot_description/config) by extension 'colcon_pkg'
[0.800s] Level 1:colcon.colcon_core.package_identification:_identify(robot_description/config) by extensions ['colcon_meta']
[0.800s] Level 1:colcon.colcon_core.package_identification:_identify(robot_description/config) by extension 'colcon_meta'
[0.800s] Level 1:colcon.colcon_core.package_identification:_identify(robot_description/config) by extensions ['ros']
[0.800s] Level 1:colcon.colcon_core.package_identification:_identify(robot_description/config) by extension 'ros'
[0.800s] Level 1:colcon.colcon_core.package_identification:_identify(robot_description/config) by extensions ['cmake', 'python']
[0.800s] Level 1:colcon.colcon_core.package_identification:_identify(robot_description/config) by extension 'cmake'
[0.800s] Level 1:colcon.colcon_core.package_identification:_identify(robot_description/config) by extension 'python'
[0.800s] Level 1:colcon.colcon_core.package_identification:_identify(robot_description/config) by extensions ['python_setup_py']
[0.800s] Level 1:colcon.colcon_core.package_identification:_identify(robot_description/config) by extension 'python_setup_py'
[0.800s] Level 1:colcon.colcon_core.package_identification:_identify(robot_description/launch) by extensions ['ignore', 'ignore_ament_install']
[0.800s] Level 1:colcon.colcon_core.package_identification:_identify(robot_description/launch) by extension 'ignore'
[0.800s] Level 1:colcon.colcon_core.package_identification:_identify(robot_description/launch) by extension 'ignore_ament_install'
[0.801s] Level 1:colcon.colcon_core.package_identification:_identify(robot_description/launch) by extensions ['colcon_pkg']
[0.801s] Level 1:colcon.colcon_core.package_identification:_identify(robot_description/launch) by extension 'colcon_pkg'
[0.801s] Level 1:colcon.colcon_core.package_identification:_identify(robot_description/launch) by extensions ['colcon_meta']
[0.801s] Level 1:colcon.colcon_core.package_identification:_identify(robot_description/launch) by extension 'colcon_meta'
[0.801s] Level 1:colcon.colcon_core.package_identification:_identify(robot_description/launch) by extensions ['ros']
[0.801s] Level 1:colcon.colcon_core.package_identification:_identify(robot_description/launch) by extension 'ros'
[0.801s] Level 1:colcon.colcon_core.package_identification:_identify(robot_description/launch) by extensions ['cmake', 'python']
[0.801s] Level 1:colcon.colcon_core.package_identification:_identify(robot_description/launch) by extension 'cmake'
[0.801s] Level 1:colcon.colcon_core.package_identification:_identify(robot_description/launch) by extension 'python'
[0.801s] Level 1:colcon.colcon_core.package_identification:_identify(robot_description/launch) by extensions ['python_setup_py']
[0.801s] Level 1:colcon.colcon_core.package_identification:_identify(robot_description/launch) by extension 'python_setup_py'
[0.801s] Level 1:colcon.colcon_core.package_identification:_identify(robot_description/urdf) by extensions ['ignore', 'ignore_ament_install']
[0.802s] Level 1:colcon.colcon_core.package_identification:_identify(robot_description/urdf) by extension 'ignore'
[0.802s] Level 1:colcon.colcon_core.package_identification:_identify(robot_description/urdf) by extension 'ignore_ament_install'
[0.802s] Level 1:colcon.colcon_core.package_identification:_identify(robot_description/urdf) by extensions ['colcon_pkg']
[0.802s] Level 1:colcon.colcon_core.package_identification:_identify(robot_description/urdf) by extension 'colcon_pkg'
[0.802s] Level 1:colcon.colcon_core.package_identification:_identify(robot_description/urdf) by extensions ['colcon_meta']
[0.802s] Level 1:colcon.colcon_core.package_identification:_identify(robot_description/urdf) by extension 'colcon_meta'
[0.802s] Level 1:colcon.colcon_core.package_identification:_identify(robot_description/urdf) by extensions ['ros']
[0.802s] Level 1:colcon.colcon_core.package_identification:_identify(robot_description/urdf) by extension 'ros'
[0.802s] Level 1:colcon.colcon_core.package_identification:_identify(robot_description/urdf) by extensions ['cmake', 'python']
[0.802s] Level 1:colcon.colcon_core.package_identification:_identify(robot_description/urdf) by extension 'cmake'
[0.802s] Level 1:colcon.colcon_core.package_identification:_identify(robot_description/urdf) by extension 'python'
[0.802s] Level 1:colcon.colcon_core.package_identification:_identify(robot_description/urdf) by extensions ['python_setup_py']
[0.802s] Level 1:colcon.colcon_core.package_identification:_identify(robot_description/urdf) by extension 'python_setup_py'
[0.803s] Level 1:colcon.colcon_core.package_identification:_identify(screenshots) by extensions ['ignore', 'ignore_ament_install']
[0.803s] Level 1:colcon.colcon_core.package_identification:_identify(screenshots) by extension 'ignore'
[0.803s] Level 1:colcon.colcon_core.package_identification:_identify(screenshots) by extension 'ignore_ament_install'
[0.803s] Level 1:colcon.colcon_core.package_identification:_identify(screenshots) by extensions ['colcon_pkg']
[0.803s] Level 1:colcon.colcon_core.package_identification:_identify(screenshots) by extension 'colcon_pkg'
[0.803s] Level 1:colcon.colcon_core.package_identification:_identify(screenshots) by extensions ['colcon_meta']
[0.803s] Level 1:colcon.colcon_core.package_identification:_identify(screenshots) by extension 'colcon_meta'
[0.803s] Level 1:colcon.colcon_core.package_identification:_identify(screenshots) by extensions ['ros']
[0.803s] Level 1:colcon.colcon_core.package_identification:_identify(screenshots) by extension 'ros'
[0.803s] Level 1:colcon.colcon_core.package_identification:_identify(screenshots) by extensions ['cmake', 'python']
[0.803s] Level 1:colcon.colcon_core.package_identification:_identify(screenshots) by extension 'cmake'
[0.803s] Level 1:colcon.colcon_core.package_identification:_identify(screenshots) by extension 'python'
[0.803s] Level 1:colcon.colcon_core.package_identification:_identify(screenshots) by extensions ['python_setup_py']
[0.803s] Level 1:colcon.colcon_core.package_identification:_identify(screenshots) by extension 'python_setup_py'
[0.803s] Level 1:colcon.colcon_core.package_identification:_identify(scripts) by extensions ['ignore', 'ignore_ament_install']
[0.804s] Level 1:colcon.colcon_core.package_identification:_identify(scripts) by extension 'ignore'
[0.804s] Level 1:colcon.colcon_core.package_identification:_identify(scripts) by extension 'ignore_ament_install'
[0.804s] Level 1:colcon.colcon_core.package_identification:_identify(scripts) by extensions ['colcon_pkg']
[0.804s] Level 1:colcon.colcon_core.package_identification:_identify(scripts) by extension 'colcon_pkg'
[0.804s] Level 1:colcon.colcon_core.package_identification:_identify(scripts) by extensions ['colcon_meta']
[0.804s] Level 1:colcon.colcon_core.package_identification:_identify(scripts) by extension 'colcon_meta'
[0.804s] Level 1:colcon.colcon_core.package_identification:_identify(scripts) by extensions ['ros']
[0.804s] Level 1:colcon.colcon_core.package_identification:_identify(scripts) by extension 'ros'
[0.804s] Level 1:colcon.colcon_core.package_identification:_identify(scripts) by extensions ['cmake', 'python']
[0.804s] Level 1:colcon.colcon_core.package_identification:_identify(scripts) by extension 'cmake'
[0.804s] Level 1:colcon.colcon_core.package_identification:_identify(scripts) by extension 'python'
[0.804s] Level 1:colcon.colcon_core.package_identification:_identify(scripts) by extensions ['python_setup_py']
[0.804s] Level 1:colcon.colcon_core.package_identification:_identify(scripts) by extension 'python_setup_py'
[0.805s] Level 1:colcon.colcon_core.package_identification:_identify(src) by extensions ['ignore', 'ignore_ament_install']
[0.805s] Level 1:colcon.colcon_core.package_identification:_identify(src) by extension 'ignore'
[0.805s] Level 1:colcon.colcon_core.package_identification:_identify(src) by extension 'ignore_ament_install'
[0.805s] Level 1:colcon.colcon_core.package_identification:_identify(src) by extensions ['colcon_pkg']
[0.805s] Level 1:colcon.colcon_core.package_identification:_identify(src) by extension 'colcon_pkg'
[0.805s] Level 1:colcon.colcon_core.package_identification:_identify(src) by extensions ['colcon_meta']
[0.805s] Level 1:colcon.colcon_core.package_identification:_identify(src) by extension 'colcon_meta'
[0.805s] Level 1:colcon.colcon_core.package_identification:_identify(src) by extensions ['ros']
[0.805s] Level 1:colcon.colcon_core.package_identification:_identify(src) by extension 'ros'
[0.805s] Level 1:colcon.colcon_core.package_identification:_identify(src) by extensions ['cmake', 'python']
[0.805s] Level 1:colcon.colcon_core.package_identification:_identify(src) by extension 'cmake'
[0.805s] Level 1:colcon.colcon_core.package_identification:_identify(src) by extension 'python'
[0.805s] Level 1:colcon.colcon_core.package_identification:_identify(src) by extensions ['python_setup_py']
[0.805s] Level 1:colcon.colcon_core.package_identification:_identify(src) by extension 'python_setup_py'
[0.806s] Level 1:colcon.colcon_core.package_identification:_identify(src/navigrid_bringup) by extensions ['ignore', 'ignore_ament_install']
[0.806s] Level 1:colcon.colcon_core.package_identification:_identify(src/navigrid_bringup) by extension 'ignore'
[0.806s] Level 1:colcon.colcon_core.package_identification:_identify(src/navigrid_bringup) by extension 'ignore_ament_install'
[0.806s] Level 1:colcon.colcon_core.package_identification:_identify(src/navigrid_bringup) by extensions ['colcon_pkg']
[0.806s] Level 1:colcon.colcon_core.package_identification:_identify(src/navigrid_bringup) by extension 'colcon_pkg'
[0.806s] Level 1:colcon.colcon_core.package_identification:_identify(src/navigrid_bringup) by extensions ['colcon_meta']
[0.806s] Level 1:colcon.colcon_core.package_identification:_identify(src/navigrid_bringup) by extension 'colcon_meta'
[0.806s] Level 1:colcon.colcon_core.package_identification:_identify(src/navigrid_bringup) by extensions ['ros']
[0.806s] Level 1:colcon.colcon_core.package_identification:_identify(src/navigrid_bringup) by extension 'ros'
[0.817s] DEBUG:colcon.colcon_core.package_identification:Package 'src/navigrid_bringup' with type 'ros.ament_python' and name 'navigrid_bringup'
[0.817s] Level 1:colcon.colcon_core.package_identification:_identify(src/navigrid_description) by extensions ['ignore', 'ignore_ament_install']
[0.817s] Level 1:colcon.colcon_core.package_identification:_identify(src/navigrid_description) by extension 'ignore'
[0.818s] Level 1:colcon.colcon_core.package_identification:_identify(src/navigrid_description) by extension 'ignore_ament_install'
[0.818s] Level 1:colcon.colcon_core.package_identification:_identify(src/navigrid_description) by extensions ['colcon_pkg']
[0.818s] Level 1:colcon.colcon_core.package_identification:_identify(src/navigrid_description) by extension 'colcon_pkg'
[0.818s] Level 1:colcon.colcon_core.package_identification:_identify(src/navigrid_description) by extensions ['colcon_meta']
[0.818s] Level 1:colcon.colcon_core.package_identification:_identify(src/navigrid_description) by extension 'colcon_meta'
[0.818s] Level 1:colcon.colcon_core.package_identification:_identify(src/navigrid_description) by extensions ['ros']
[0.818s] Level 1:colcon.colcon_core.package_identification:_identify(src/navigrid_description) by extension 'ros'
[0.820s] DEBUG:colcon.colcon_core.package_identification:Package 'src/navigrid_description' with type 'ros.ament_python' and name 'navigrid_description'
[0.820s] Level 1:colcon.colcon_core.package_identification:_identify(src/navigrid_navigation) by extensions ['ignore', 'ignore_ament_install']
[0.821s] Level 1:colcon.colcon_core.package_identification:_identify(src/navigrid_navigation) by extension 'ignore'
[0.821s] Level 1:colcon.colcon_core.package_identification:_identify(src/navigrid_navigation) by extension 'ignore_ament_install'
[0.821s] Level 1:colcon.colcon_core.package_identification:_identify(src/navigrid_navigation) by extensions ['colcon_pkg']
[0.821s] Level 1:colcon.colcon_core.package_identification:_identify(src/navigrid_navigation) by extension 'colcon_pkg'
[0.821s] Level 1:colcon.colcon_core.package_identification:_identify(src/navigrid_navigation) by extensions ['colcon_meta']
[0.821s] Level 1:colcon.colcon_core.package_identification:_identify(src/navigrid_navigation) by extension 'colcon_meta'
[0.821s] Level 1:colcon.colcon_core.package_identification:_identify(src/navigrid_navigation) by extensions ['ros']
[0.821s] Level 1:colcon.colcon_core.package_identification:_identify(src/navigrid_navigation) by extension 'ros'
[0.823s] DEBUG:colcon.colcon_core.package_identification:Package 'src/navigrid_navigation' with type 'ros.ament_python' and name 'navigrid_navigation'
[0.823s] Level 1:colcon.colcon_core.package_identification:_identify(src/navigrid_planner) by extensions ['ignore', 'ignore_ament_install']
[0.824s] Level 1:colcon.colcon_core.package_identification:_identify(src/navigrid_planner) by extension 'ignore'
[0.824s] Level 1:colcon.colcon_core.package_identification:_identify(src/navigrid_planner) by extension 'ignore_ament_install'
[0.824s] Level 1:colcon.colcon_core.package_identification:_identify(src/navigrid_planner) by extensions ['colcon_pkg']
[0.824s] Level 1:colcon.colcon_core.package_identification:_identify(src/navigrid_planner) by extension 'colcon_pkg'
[0.824s] Level 1:colcon.colcon_core.package_identification:_identify(src/navigrid_planner) by extensions ['colcon_meta']
[0.824s] Level 1:colcon.colcon_core.package_identification:_identify(src/navigrid_planner) by extension 'colcon_meta'
[0.824s] Level 1:colcon.colcon_core.package_identification:_identify(src/navigrid_planner) by extensions ['ros']
[0.825s] Level 1:colcon.colcon_core.package_identification:_identify(src/navigrid_planner) by extension 'ros'
[0.827s] DEBUG:colcon.colcon_core.package_identification:Package 'src/navigrid_planner' with type 'ros.ament_python' and name 'navigrid_planner'
[0.827s] Level 1:colcon.colcon_core.package_identification:_identify(src/navigrid_safety) by extensions ['ignore', 'ignore_ament_install']
[0.828s] Level 1:colcon.colcon_core.package_identification:_identify(src/navigrid_safety) by extension 'ignore'
[0.828s] Level 1:colcon.colcon_core.package_identification:_identify(src/navigrid_safety) by extension 'ignore_ament_install'
[0.828s] Level 1:colcon.colcon_core.package_identification:_identify(src/navigrid_safety) by extensions ['colcon_pkg']
[0.828s] Level 1:colcon.colcon_core.package_identification:_identify(src/navigrid_safety) by extension 'colcon_pkg'
[0.828s] Level 1:colcon.colcon_core.package_identification:_identify(src/navigrid_safety) by extensions ['colcon_meta']
[0.828s] Level 1:colcon.colcon_core.package_identification:_identify(src/navigrid_safety) by extension 'colcon_meta'
[0.828s] Level 1:colcon.colcon_core.package_identification:_identify(src/navigrid_safety) by extensions ['ros']
[0.828s] Level 1:colcon.colcon_core.package_identification:_identify(src/navigrid_safety) by extension 'ros'
[0.836s] DEBUG:colcon.colcon_core.package_identification:Package 'src/navigrid_safety' with type 'ros.ament_python' and name 'navigrid_safety'
[0.836s] Level 1:colcon.colcon_core.package_identification:_identify(src/navigrid_world) by extensions ['ignore', 'ignore_ament_install']
[0.837s] Level 1:colcon.colcon_core.package_identification:_identify(src/navigrid_world) by extension 'ignore'
[0.837s] Level 1:colcon.colcon_core.package_identification:_identify(src/navigrid_world) by extension 'ignore_ament_install'
[0.837s] Level 1:colcon.colcon_core.package_identification:_identify(src/navigrid_world) by extensions ['colcon_pkg']
[0.837s] Level 1:colcon.colcon_core.package_identification:_identify(src/navigrid_world) by extension 'colcon_pkg'
[0.837s] Level 1:colcon.colcon_core.package_identification:_identify(src/navigrid_world) by extensions ['colcon_meta']
[0.837s] Level 1:colcon.colcon_core.package_identification:_identify(src/navigrid_world) by extension 'colcon_meta'
[0.838s] Level 1:colcon.colcon_core.package_identification:_identify(src/navigrid_world) by extensions ['ros']
[0.838s] Level 1:colcon.colcon_core.package_identification:_identify(src/navigrid_world) by extension 'ros'
[0.839s] DEBUG:colcon.colcon_core.package_identification:Package 'src/navigrid_world' with type 'ros.ament_python' and name 'navigrid_world'
[0.840s] Level 1:colcon.colcon_core.package_identification:_identify(worlds) by extensions ['ignore', 'ignore_ament_install']
[0.840s] Level 1:colcon.colcon_core.package_identification:_identify(worlds) by extension 'ignore'
[0.840s] Level 1:colcon.colcon_core.package_identification:_identify(worlds) by extension 'ignore_ament_install'
[0.840s] Level 1:colcon.colcon_core.package_identification:_identify(worlds) by extensions ['colcon_pkg']
[0.840s] Level 1:colcon.colcon_core.package_identification:_identify(worlds) by extension 'colcon_pkg'
[0.840s] Level 1:colcon.colcon_core.package_identification:_identify(worlds) by extensions ['colcon_meta']
[0.840s] Level 1:colcon.colcon_core.package_identification:_identify(worlds) by extension 'colcon_meta'
[0.840s] Level 1:colcon.colcon_core.package_identification:_identify(worlds) by extensions ['ros']
[0.840s] Level 1:colcon.colcon_core.package_identification:_identify(worlds) by extension 'ros'
[0.841s] Level 1:colcon.colcon_core.package_identification:_identify(worlds) by extensions ['cmake', 'python']
[0.841s] Level 1:colcon.colcon_core.package_identification:_identify(worlds) by extension 'cmake'
[0.841s] Level 1:colcon.colcon_core.package_identification:_identify(worlds) by extension 'python'
[0.841s] Level 1:colcon.colcon_core.package_identification:_identify(worlds) by extensions ['python_setup_py']
[0.841s] Level 1:colcon.colcon_core.package_identification:_identify(worlds) by extension 'python_setup_py'
[0.841s] Level 1:colcon.colcon_core.package_discovery:discover_packages(recursive) using defaults
[0.841s] Level 1:colcon.colcon_core.package_discovery:discover_packages(ignore) discover
[0.841s] Level 1:colcon.colcon_core.package_discovery:discover_packages(ignore) using defaults
[0.841s] Level 1:colcon.colcon_core.package_discovery:discover_packages(path) discover
[0.841s] Level 1:colcon.colcon_core.package_discovery:discover_packages(path) using defaults
[0.912s] Level 5:colcon.colcon_core.verb:set package 'navigrid_bringup' build argument 'cmake_args' from command line to 'None'
[0.912s] Level 5:colcon.colcon_core.verb:set package 'navigrid_bringup' build argument 'cmake_target' from command line to 'None'
[0.912s] Level 5:colcon.colcon_core.verb:set package 'navigrid_bringup' build argument 'cmake_target_skip_unavailable' from command line to 'False'
[0.912s] Level 5:colcon.colcon_core.verb:set package 'navigrid_bringup' build argument 'cmake_clean_cache' from command line to 'False'
[0.912s] Level 5:colcon.colcon_core.verb:set package 'navigrid_bringup' build argument 'cmake_clean_first' from command line to 'False'
[0.912s] Level 5:colcon.colcon_core.verb:set package 'navigrid_bringup' build argument 'cmake_force_configure' from command line to 'False'
[0.912s] Level 5:colcon.colcon_core.verb:set package 'navigrid_bringup' build argument 'ament_cmake_args' from command line to 'None'
[0.912s] Level 5:colcon.colcon_core.verb:set package 'navigrid_bringup' build argument 'catkin_cmake_args' from command line to 'None'
[0.912s] Level 5:colcon.colcon_core.verb:set package 'navigrid_bringup' build argument 'catkin_skip_building_tests' from command line to 'False'
[0.912s] DEBUG:colcon.colcon_core.verb:Building package 'navigrid_bringup' with the following arguments: {'ament_cmake_args': None, 'build_base': '/home/navab/robot-simulation/build/navigrid_bringup', 'catkin_cmake_args': None, 'catkin_skip_building_tests': False, 'cmake_args': None, 'cmake_clean_cache': False, 'cmake_clean_first': False, 'cmake_force_configure': False, 'cmake_target': None, 'cmake_target_skip_unavailable': False, 'install_base': '/home/navab/robot-simulation/install/navigrid_bringup', 'merge_install': False, 'path': '/home/navab/robot-simulation/src/navigrid_bringup', 'symlink_install': True, 'test_result_base': None}
[0.913s] Level 5:colcon.colcon_core.verb:set package 'navigrid_description' build argument 'cmake_args' from command line to 'None'
[0.913s] Level 5:colcon.colcon_core.verb:set package 'navigrid_description' build argument 'cmake_target' from command line to 'None'
[0.913s] Level 5:colcon.colcon_core.verb:set package 'navigrid_description' build argument 'cmake_target_skip_unavailable' from command line to 'False'
[0.913s] Level 5:colcon.colcon_core.verb:set package 'navigrid_description' build argument 'cmake_clean_cache' from command line to 'False'
[0.913s] Level 5:colcon.colcon_core.verb:set package 'navigrid_description' build argument 'cmake_clean_first' from command line to 'False'
[0.913s] Level 5:colcon.colcon_core.verb:set package 'navigrid_description' build argument 'cmake_force_configure' from command line to 'False'
[0.913s] Level 5:colcon.colcon_core.verb:set package 'navigrid_description' build argument 'ament_cmake_args' from command line to 'None'
[0.913s] Level 5:colcon.colcon_core.verb:set package 'navigrid_description' build argument 'catkin_cmake_args' from command line to 'None'
[0.913s] Level 5:colcon.colcon_core.verb:set package 'navigrid_description' build argument 'catkin_skip_building_tests' from command line to 'False'
[0.913s] DEBUG:colcon.colcon_core.verb:Building package 'navigrid_description' with the following arguments: {'ament_cmake_args': None, 'build_base': '/home/navab/robot-simulation/build/navigrid_description', 'catkin_cmake_args': None, 'catkin_skip_building_tests': False, 'cmake_args': None, 'cmake_clean_cache': False, 'cmake_clean_first': False, 'cmake_force_configure': False, 'cmake_target': None, 'cmake_target_skip_unavailable': False, 'install_base': '/home/navab/robot-simulation/install/navigrid_description', 'merge_install': False, 'path': '/home/navab/robot-simulation/src/navigrid_description', 'symlink_install': True, 'test_result_base': None}
[0.914s] Level 5:colcon.colcon_core.verb:set package 'navigrid_navigation' build argument 'cmake_args' from command line to 'None'
[0.914s] Level 5:colcon.colcon_core.verb:set package 'navigrid_navigation' build argument 'cmake_target' from command line to 'None'
[0.914s] Level 5:colcon.colcon_core.verb:set package 'navigrid_navigation' build argument 'cmake_target_skip_unavailable' from command line to 'False'
[0.914s] Level 5:colcon.colcon_core.verb:set package 'navigrid_navigation' build argument 'cmake_clean_cache' from command line to 'False'
[0.914s] Level 5:colcon.colcon_core.verb:set package 'navigrid_navigation' build argument 'cmake_clean_first' from command line to 'False'
[0.914s] Level 5:colcon.colcon_core.verb:set package 'navigrid_navigation' build argument 'cmake_force_configure' from command line to 'False'
[0.914s] Level 5:colcon.colcon_core.verb:set package 'navigrid_navigation' build argument 'ament_cmake_args' from command line to 'None'
[0.914s] Level 5:colcon.colcon_core.verb:set package 'navigrid_navigation' build argument 'catkin_cmake_args' from command line to 'None'
[0.914s] Level 5:colcon.colcon_core.verb:set package 'navigrid_navigation' build argument 'catkin_skip_building_tests' from command line to 'False'
[0.914s] DEBUG:colcon.colcon_core.verb:Building package 'navigrid_navigation' with the following arguments: {'ament_cmake_args': None, 'build_base': '/home/navab/robot-simulation/build/navigrid_navigation', 'catkin_cmake_args': None, 'catkin_skip_building_tests': False, 'cmake_args': None, 'cmake_clean_cache': False, 'cmake_clean_first': False, 'cmake_force_configure': False, 'cmake_target': None, 'cmake_target_skip_unavailable': False, 'install_base': '/home/navab/robot-simulation/install/navigrid_navigation', 'merge_install': False, 'path': '/home/navab/robot-simulation/src/navigrid_navigation', 'symlink_install': True, 'test_result_base': None}
[0.915s] Level 5:colcon.colcon_core.verb:set package 'navigrid_planner' build argument 'cmake_args' from command line to 'None'
[0.915s] Level 5:colcon.colcon_core.verb:set package 'navigrid_planner' build argument 'cmake_target' from command line to 'None'
[0.915s] Level 5:colcon.colcon_core.verb:set package 'navigrid_planner' build argument 'cmake_target_skip_unavailable' from command line to 'False'
[0.915s] Level 5:colcon.colcon_core.verb:set package 'navigrid_planner' build argument 'cmake_clean_cache' from command line to 'False'
[0.915s] Level 5:colcon.colcon_core.verb:set package 'navigrid_planner' build argument 'cmake_clean_first' from command line to 'False'
[0.915s] Level 5:colcon.colcon_core.verb:set package 'navigrid_planner' build argument 'cmake_force_configure' from command line to 'False'
[0.916s] Level 5:colcon.colcon_core.verb:set package 'navigrid_planner' build argument 'ament_cmake_args' from command line to 'None'
[0.916s] Level 5:colcon.colcon_core.verb:set package 'navigrid_planner' build argument 'catkin_cmake_args' from command line to 'None'
[0.916s] Level 5:colcon.colcon_core.verb:set package 'navigrid_planner' build argument 'catkin_skip_building_tests' from command line to 'False'
[0.916s] DEBUG:colcon.colcon_core.verb:Building package 'navigrid_planner' with the following arguments: {'ament_cmake_args': None, 'build_base': '/home/navab/robot-simulation/build/navigrid_planner', 'catkin_cmake_args': None, 'catkin_skip_building_tests': False, 'cmake_args': None, 'cmake_clean_cache': False, 'cmake_clean_first': False, 'cmake_force_configure': False, 'cmake_target': None, 'cmake_target_skip_unavailable': False, 'install_base': '/home/navab/robot-simulation/install/navigrid_planner', 'merge_install': False, 'path': '/home/navab/robot-simulation/src/navigrid_planner', 'symlink_install': True, 'test_result_base': None}
[0.916s] Level 5:colcon.colcon_core.verb:set package 'navigrid_safety' build argument 'cmake_args' from command line to 'None'
[0.916s] Level 5:colcon.colcon_core.verb:set package 'navigrid_safety' build argument 'cmake_target' from command line to 'None'
[0.916s] Level 5:colcon.colcon_core.verb:set package 'navigrid_safety' build argument 'cmake_target_skip_unavailable' from command line to 'False'
[0.916s] Level 5:colcon.colcon_core.verb:set package 'navigrid_safety' build argument 'cmake_clean_cache' from command line to 'False'
[0.916s] Level 5:colcon.colcon_core.verb:set package 'navigrid_safety' build argument 'cmake_clean_first' from command line to 'False'
[0.916s] Level 5:colcon.colcon_core.verb:set package 'navigrid_safety' build argument 'cmake_force_configure' from command line to 'False'
[0.916s] Level 5:colcon.colcon_core.verb:set package 'navigrid_safety' build argument 'ament_cmake_args' from command line to 'None'
[0.917s] Level 5:colcon.colcon_core.verb:set package 'navigrid_safety' build argument 'catkin_cmake_args' from command line to 'None'
[0.917s] Level 5:colcon.colcon_core.verb:set package 'navigrid_safety' build argument 'catkin_skip_building_tests' from command line to 'False'
[0.917s] DEBUG:colcon.colcon_core.verb:Building package 'navigrid_safety' with the following arguments: {'ament_cmake_args': None, 'build_base': '/home/navab/robot-simulation/build/navigrid_safety', 'catkin_cmake_args': None, 'catkin_skip_building_tests': False, 'cmake_args': None, 'cmake_clean_cache': False, 'cmake_clean_first': False, 'cmake_force_configure': False, 'cmake_target': None, 'cmake_target_skip_unavailable': False, 'install_base': '/home/navab/robot-simulation/install/navigrid_safety', 'merge_install': False, 'path': '/home/navab/robot-simulation/src/navigrid_safety', 'symlink_install': True, 'test_result_base': None}
[0.917s] Level 5:colcon.colcon_core.verb:set package 'navigrid_world' build argument 'cmake_args' from command line to 'None'
[0.917s] Level 5:colcon.colcon_core.verb:set package 'navigrid_world' build argument 'cmake_target' from command line to 'None'
[0.917s] Level 5:colcon.colcon_core.verb:set package 'navigrid_world' build argument 'cmake_target_skip_unavailable' from command line to 'False'
[0.917s] Level 5:colcon.colcon_core.verb:set package 'navigrid_world' build argument 'cmake_clean_cache' from command line to 'False'
[0.917s] Level 5:colcon.colcon_core.verb:set package 'navigrid_world' build argument 'cmake_clean_first' from command line to 'False'
[0.917s] Level 5:colcon.colcon_core.verb:set package 'navigrid_world' build argument 'cmake_force_configure' from command line to 'False'
[0.917s] Level 5:colcon.colcon_core.verb:set package 'navigrid_world' build argument 'ament_cmake_args' from command line to 'None'
[0.917s] Level 5:colcon.colcon_core.verb:set package 'navigrid_world' build argument 'catkin_cmake_args' from command line to 'None'
[0.917s] Level 5:colcon.colcon_core.verb:set package 'navigrid_world' build argument 'catkin_skip_building_tests' from command line to 'False'
[0.917s] DEBUG:colcon.colcon_core.verb:Building package 'navigrid_world' with the following arguments: {'ament_cmake_args': None, 'build_base': '/home/navab/robot-simulation/build/navigrid_world', 'catkin_cmake_args': None, 'catkin_skip_building_tests': False, 'cmake_args': None, 'cmake_clean_cache': False, 'cmake_clean_first': False, 'cmake_force_configure': False, 'cmake_target': None, 'cmake_target_skip_unavailable': False, 'install_base': '/home/navab/robot-simulation/install/navigrid_world', 'merge_install': False, 'path': '/home/navab/robot-simulation/src/navigrid_world', 'symlink_install': True, 'test_result_base': None}
[0.917s] INFO:colcon.colcon_core.executor:Executing jobs using 'parallel' executor
[0.920s] DEBUG:colcon.colcon_parallel_executor.executor.parallel:run_until_complete
[0.921s] INFO:colcon.colcon_ros.task.ament_python.build:Building ROS package in '/home/navab/robot-simulation/src/navigrid_bringup' with build type 'ament_python'
[0.921s] Level 1:colcon.colcon_core.shell:create_environment_hook('navigrid_bringup', 'ament_prefix_path')
[0.932s] INFO:colcon.colcon_core.plugin_system:Skipping extension 'colcon_core.shell.bat': Not used on non-Windows systems
[0.933s] INFO:colcon.colcon_core.shell:Creating environment descriptor '/home/navab/robot-simulation/install/navigrid_bringup/share/navigrid_bringup/hook/ament_prefix_path.dsv'
[0.934s] INFO:colcon.colcon_core.shell:Creating environment hook '/home/navab/robot-simulation/install/navigrid_bringup/share/navigrid_bringup/hook/ament_prefix_path.sh'
[0.936s] DEBUG:colcon.colcon_core.shell:Skip shell extension 'dsv' for command environment
[0.956s] INFO:colcon.colcon_ros.task.ament_python.build:Building ROS package in '/home/navab/robot-simulation/src/navigrid_description' with build type 'ament_python'
[0.957s] Level 1:colcon.colcon_core.shell:create_environment_hook('navigrid_description', 'ament_prefix_path')
[0.962s] INFO:colcon.colcon_core.shell:Creating environment descriptor '/home/navab/robot-simulation/install/navigrid_description/share/navigrid_description/hook/ament_prefix_path.dsv'
[0.967s] INFO:colcon.colcon_core.shell:Creating environment hook '/home/navab/robot-simulation/install/navigrid_description/share/navigrid_description/hook/ament_prefix_path.sh'
[0.970s] DEBUG:colcon.colcon_core.shell:Skip shell extension 'dsv' for command environment
[0.984s] INFO:colcon.colcon_ros.task.ament_python.build:Building ROS package in '/home/navab/robot-simulation/src/navigrid_navigation' with build type 'ament_python'
[0.985s] Level 1:colcon.colcon_core.shell:create_environment_hook('navigrid_navigation', 'ament_prefix_path')
[0.985s] INFO:colcon.colcon_core.shell:Creating environment descriptor '/home/navab/robot-simulation/install/navigrid_navigation/share/navigrid_navigation/hook/ament_prefix_path.dsv'
[0.987s] INFO:colcon.colcon_core.shell:Creating environment hook '/home/navab/robot-simulation/install/navigrid_navigation/share/navigrid_navigation/hook/ament_prefix_path.sh'
[0.989s] DEBUG:colcon.colcon_core.shell:Skip shell extension 'dsv' for command environment
[1.000s] INFO:colcon.colcon_ros.task.ament_python.build:Building ROS package in '/home/navab/robot-simulation/src/navigrid_planner' with build type 'ament_python'
[1.001s] Level 1:colcon.colcon_core.shell:create_environment_hook('navigrid_planner', 'ament_prefix_path')
[1.002s] INFO:colcon.colcon_core.shell:Creating environment descriptor '/home/navab/robot-simulation/install/navigrid_planner/share/navigrid_planner/hook/ament_prefix_path.dsv'
[1.004s] INFO:colcon.colcon_core.shell:Creating environment hook '/home/navab/robot-simulation/install/navigrid_planner/share/navigrid_planner/hook/ament_prefix_path.sh'
[1.006s] DEBUG:colcon.colcon_core.shell:Skip shell extension 'dsv' for command environment
[1.022s] INFO:colcon.colcon_ros.task.ament_python.build:Building ROS package in '/home/navab/robot-simulation/src/navigrid_safety' with build type 'ament_python'
[1.032s] Level 1:colcon.colcon_core.shell:create_environment_hook('navigrid_safety', 'ament_prefix_path')
[1.033s] INFO:colcon.colcon_core.shell:Creating environment descriptor '/home/navab/robot-simulation/install/navigrid_safety/share/navigrid_safety/hook/ament_prefix_path.dsv'
[1.034s] INFO:colcon.colcon_core.shell:Creating environment hook '/home/navab/robot-simulation/install/navigrid_safety/share/navigrid_safety/hook/ament_prefix_path.sh'
[1.035s] DEBUG:colcon.colcon_core.shell:Skip shell extension 'dsv' for command environment
[1.052s] INFO:colcon.colcon_ros.task.ament_python.build:Building ROS package in '/home/navab/robot-simulation/src/navigrid_world' with build type 'ament_python'
[1.052s] Level 1:colcon.colcon_core.shell:create_environment_hook('navigrid_world', 'ament_prefix_path')
[1.053s] INFO:colcon.colcon_core.shell:Creating environment descriptor '/home/navab/robot-simulation/install/navigrid_world/share/navigrid_world/hook/ament_prefix_path.dsv'
[1.053s] INFO:colcon.colcon_core.shell:Creating environment hook '/home/navab/robot-simulation/install/navigrid_world/share/navigrid_world/hook/ament_prefix_path.sh'
[1.055s] DEBUG:colcon.colcon_core.shell:Skip shell extension 'dsv' for command environment
[1.730s] INFO:colcon.colcon_core.task.python.build:Building Python package in '/home/navab/robot-simulation/src/navigrid_bringup'
[1.730s] DEBUG:colcon.colcon_core.shell:Skip shell extension 'dsv' for command environment
[2.206s] INFO:colcon.colcon_core.task.python.build:Building Python package in '/home/navab/robot-simulation/src/navigrid_description'
[2.206s] DEBUG:colcon.colcon_core.shell:Skip shell extension 'dsv' for command environment
[2.669s] INFO:colcon.colcon_core.task.python.build:Building Python package in '/home/navab/robot-simulation/src/navigrid_navigation'
[2.670s] DEBUG:colcon.colcon_core.shell:Skip shell extension 'dsv' for command environment
[3.168s] INFO:colcon.colcon_core.task.python.build:Building Python package in '/home/navab/robot-simulation/src/navigrid_planner'
[3.168s] DEBUG:colcon.colcon_core.shell:Skip shell extension 'dsv' for command environment
[3.754s] INFO:colcon.colcon_core.task.python.build:Building Python package in '/home/navab/robot-simulation/src/navigrid_safety'
[3.755s] DEBUG:colcon.colcon_core.shell:Skip shell extension 'dsv' for command environment
[4.312s] INFO:colcon.colcon_core.task.python.build:Building Python package in '/home/navab/robot-simulation/src/navigrid_world'
[4.312s] DEBUG:colcon.colcon_core.shell:Skip shell extension 'dsv' for command environment
[6.691s] DEBUG:colcon.colcon_core.task.python.build:Available setuptools commands: easy_install, install_scripts, dist_info, setopt, clean, symlink_data, extract_messages, upload_docs, register, saveopts, egg_info, bdist_egg, sdist, install_egg_info, install_lib, compile_catalog, init_catalog, bdist_rpm, bdist_dumb, install_headers, alias, build_ext, install_data, develop, rotate, build_scripts, install, test, build_clib, editable_wheel, build_py, bdist, build, check, update_catalog, upload
[6.716s] DEBUG:colcon.colcon_core.task.python.build:Available setuptools commands: easy_install, install_scripts, dist_info, setopt, clean, symlink_data, extract_messages, upload_docs, register, saveopts, egg_info, bdist_egg, sdist, install_egg_info, install_lib, compile_catalog, init_catalog, bdist_rpm, bdist_dumb, install_headers, alias, build_ext, install_data, develop, rotate, build_scripts, install, test, build_clib, editable_wheel, build_py, bdist, build, check, update_catalog, upload
[6.841s] DEBUG:colcon.colcon_core.task.python.build:Available setuptools commands: easy_install, install_scripts, dist_info, setopt, clean, symlink_data, extract_messages, upload_docs, register, saveopts, egg_info, bdist_egg, sdist, install_egg_info, install_lib, compile_catalog, init_catalog, bdist_rpm, bdist_dumb, install_headers, alias, build_ext, install_data, develop, rotate, build_scripts, install, test, build_clib, editable_wheel, build_py, bdist, build, check, update_catalog, upload
[6.888s] DEBUG:colcon.colcon_core.task.python.build:Available setuptools commands: easy_install, install_scripts, dist_info, setopt, clean, symlink_data, extract_messages, upload_docs, register, saveopts, egg_info, bdist_egg, sdist, install_egg_info, install_lib, compile_catalog, init_catalog, bdist_rpm, bdist_dumb, install_headers, alias, build_ext, install_data, develop, rotate, build_scripts, install, test, build_clib, editable_wheel, build_py, bdist, build, check, update_catalog, upload
[7.233s] DEBUG:colcon.colcon_core.task.python.build:Available setuptools commands: easy_install, install_scripts, dist_info, setopt, clean, symlink_data, extract_messages, upload_docs, register, saveopts, egg_info, bdist_egg, sdist, install_egg_info, install_lib, compile_catalog, init_catalog, bdist_rpm, bdist_dumb, install_headers, alias, build_ext, install_data, develop, rotate, build_scripts, install, test, build_clib, editable_wheel, build_py, bdist, build, check, update_catalog, upload
[7.260s] DEBUG:colcon.colcon_core.task.python.build:Available setuptools commands: easy_install, install_scripts, dist_info, setopt, clean, symlink_data, extract_messages, upload_docs, register, saveopts, egg_info, bdist_egg, sdist, install_egg_info, install_lib, compile_catalog, init_catalog, bdist_rpm, bdist_dumb, install_headers, alias, build_ext, install_data, develop, rotate, build_scripts, install, test, build_clib, editable_wheel, build_py, bdist, build, check, update_catalog, upload
[8.276s] DEBUG:colcon.colcon_core.task.python.build:Available setuptools 'develop' options: --zip-ok, --version, --always-copy, --quiet, --local-snapshots-ok, --site-dirs, --no-find-links, --help, --dry-run, --uninstall, --always-unzip, --editable, --egg-path, --exclude-scripts, --index-url, --no-user-cfg, --optimize, --upgrade, --install-dir, --prefix, --verbose, --record, --multi-version, --allow-hosts, --find-links, --user, --build-directory, --install-layout, --no-deps, --force-installation-into-system-dir, --script-dir
[8.337s] DEBUG:colcon.colcon_core.event_handler.log_command:Invoking command in '/home/navab/robot-simulation/build/navigrid_world': PYTHONPATH=/home/navab/robot-simulation/build/navigrid_world/prefix_override:/usr/lib/python3/dist-packages/colcon_core/task/python/colcon_distutils_commands:/home/navab/robot-simulation/install/navigrid_world/lib/python3.12/site-packages:${PYTHONPATH} /usr/bin/python3 -W ignore:setup.py install is deprecated -W ignore:easy_install command is deprecated setup.py develop --editable --build-directory /home/navab/robot-simulation/build/navigrid_world/build --no-deps symlink_data
[8.399s] DEBUG:colcon.colcon_core.task.python.build:Available setuptools 'develop' options: --zip-ok, --version, --always-copy, --quiet, --local-snapshots-ok, --site-dirs, --no-find-links, --help, --dry-run, --uninstall, --always-unzip, --editable, --egg-path, --exclude-scripts, --index-url, --no-user-cfg, --optimize, --upgrade, --install-dir, --prefix, --verbose, --record, --multi-version, --allow-hosts, --find-links, --user, --build-directory, --install-layout, --no-deps, --force-installation-into-system-dir, --script-dir
[8.418s] DEBUG:colcon.colcon_core.event_handler.log_command:Invoking command in '/home/navab/robot-simulation/build/navigrid_planner': PYTHONPATH=/home/navab/robot-simulation/build/navigrid_planner/prefix_override:/usr/lib/python3/dist-packages/colcon_core/task/python/colcon_distutils_commands:/home/navab/robot-simulation/install/navigrid_planner/lib/python3.12/site-packages:${PYTHONPATH} /usr/bin/python3 -W ignore:setup.py install is deprecated -W ignore:easy_install command is deprecated setup.py develop --editable --build-directory /home/navab/robot-simulation/build/navigrid_planner/build --no-deps symlink_data
[8.800s] DEBUG:colcon.colcon_core.task.python.build:Available setuptools 'develop' options: --zip-ok, --version, --always-copy, --quiet, --local-snapshots-ok, --site-dirs, --no-find-links, --help, --dry-run, --uninstall, --always-unzip, --editable, --egg-path, --exclude-scripts, --index-url, --no-user-cfg, --optimize, --upgrade, --install-dir, --prefix, --verbose, --record, --multi-version, --allow-hosts, --find-links, --user, --build-directory, --install-layout, --no-deps, --force-installation-into-system-dir, --script-dir
[8.825s] DEBUG:colcon.colcon_core.event_handler.log_command:Invoking command in '/home/navab/robot-simulation/build/navigrid_description': PYTHONPATH=/home/navab/robot-simulation/build/navigrid_description/prefix_override:/usr/lib/python3/dist-packages/colcon_core/task/python/colcon_distutils_commands:/home/navab/robot-simulation/install/navigrid_description/lib/python3.12/site-packages:${PYTHONPATH} /usr/bin/python3 -W ignore:setup.py install is deprecated -W ignore:easy_install command is deprecated setup.py develop --editable --build-directory /home/navab/robot-simulation/build/navigrid_description/build --no-deps symlink_data
[8.860s] DEBUG:colcon.colcon_core.task.python.build:Available setuptools 'develop' options: --zip-ok, --version, --always-copy, --quiet, --local-snapshots-ok, --site-dirs, --no-find-links, --help, --dry-run, --uninstall, --always-unzip, --editable, --egg-path, --exclude-scripts, --index-url, --no-user-cfg, --optimize, --upgrade, --install-dir, --prefix, --verbose, --record, --multi-version, --allow-hosts, --find-links, --user, --build-directory, --install-layout, --no-deps, --force-installation-into-system-dir, --script-dir
[8.868s] DEBUG:colcon.colcon_core.event_handler.log_command:Invoking command in '/home/navab/robot-simulation/build/navigrid_navigation': PYTHONPATH=/home/navab/robot-simulation/build/navigrid_navigation/prefix_override:/usr/lib/python3/dist-packages/colcon_core/task/python/colcon_distutils_commands:/home/navab/robot-simulation/install/navigrid_navigation/lib/python3.12/site-packages:${PYTHONPATH} /usr/bin/python3 -W ignore:setup.py install is deprecated -W ignore:easy_install command is deprecated setup.py develop --editable --build-directory /home/navab/robot-simulation/build/navigrid_navigation/build --no-deps symlink_data
[8.879s] DEBUG:colcon.colcon_core.task.python.build:Available setuptools 'develop' options: --zip-ok, --version, --always-copy, --quiet, --local-snapshots-ok, --site-dirs, --no-find-links, --help, --dry-run, --uninstall, --always-unzip, --editable, --egg-path, --exclude-scripts, --index-url, --no-user-cfg, --optimize, --upgrade, --install-dir, --prefix, --verbose, --record, --multi-version, --allow-hosts, --find-links, --user, --build-directory, --install-layout, --no-deps, --force-installation-into-system-dir, --script-dir
[8.895s] DEBUG:colcon.colcon_core.event_handler.log_command:Invoking command in '/home/navab/robot-simulation/build/navigrid_bringup': PYTHONPATH=/home/navab/robot-simulation/build/navigrid_bringup/prefix_override:/usr/lib/python3/dist-packages/colcon_core/task/python/colcon_distutils_commands:/home/navab/robot-simulation/install/navigrid_bringup/lib/python3.12/site-packages:${PYTHONPATH} /usr/bin/python3 -W ignore:setup.py install is deprecated -W ignore:easy_install command is deprecated setup.py develop --editable --build-directory /home/navab/robot-simulation/build/navigrid_bringup/build --no-deps symlink_data
[9.182s] DEBUG:colcon.colcon_core.task.python.build:Available setuptools 'develop' options: --zip-ok, --version, --always-copy, --quiet, --local-snapshots-ok, --site-dirs, --no-find-links, --help, --dry-run, --uninstall, --always-unzip, --editable, --egg-path, --exclude-scripts, --index-url, --no-user-cfg, --optimize, --upgrade, --install-dir, --prefix, --verbose, --record, --multi-version, --allow-hosts, --find-links, --user, --build-directory, --install-layout, --no-deps, --force-installation-into-system-dir, --script-dir
[9.192s] DEBUG:colcon.colcon_core.event_handler.log_command:Invoking command in '/home/navab/robot-simulation/build/navigrid_safety': PYTHONPATH=/home/navab/robot-simulation/build/navigrid_safety/prefix_override:/usr/lib/python3/dist-packages/colcon_core/task/python/colcon_distutils_commands:/home/navab/robot-simulation/install/navigrid_safety/lib/python3.12/site-packages:${PYTHONPATH} /usr/bin/python3 -W ignore:setup.py install is deprecated -W ignore:easy_install command is deprecated setup.py develop --editable --build-directory /home/navab/robot-simulation/build/navigrid_safety/build --no-deps symlink_data
[11.066s] Level 1:colcon.colcon_core.shell:create_environment_hook('navigrid_planner', 'pythonpath_develop')
[11.069s] DEBUG:colcon.colcon_core.event_handler.log_command:Invoked command in '/home/navab/robot-simulation/build/navigrid_planner' returned '0': PYTHONPATH=/home/navab/robot-simulation/build/navigrid_planner/prefix_override:/usr/lib/python3/dist-packages/colcon_core/task/python/colcon_distutils_commands:/home/navab/robot-simulation/install/navigrid_planner/lib/python3.12/site-packages:${PYTHONPATH} /usr/bin/python3 -W ignore:setup.py install is deprecated -W ignore:easy_install command is deprecated setup.py develop --editable --build-directory /home/navab/robot-simulation/build/navigrid_planner/build --no-deps symlink_data
[11.070s] INFO:colcon.colcon_core.shell:Creating environment descriptor '/home/navab/robot-simulation/build/navigrid_planner/share/navigrid_planner/hook/pythonpath_develop.dsv'
[11.072s] INFO:colcon.colcon_core.shell:Creating environment hook '/home/navab/robot-simulation/build/navigrid_planner/share/navigrid_planner/hook/pythonpath_develop.sh'
[11.086s] Level 1:colcon.colcon_core.environment:checking '/home/navab/robot-simulation/install/navigrid_planner' for CMake module files
[11.098s] Level 1:colcon.colcon_core.environment:checking '/home/navab/robot-simulation/install/navigrid_planner' for CMake config files
[11.101s] Level 1:colcon.colcon_core.environment:checking '/home/navab/robot-simulation/install/navigrid_planner/lib'
[11.109s] Level 1:colcon.colcon_core.environment:checking '/home/navab/robot-simulation/install/navigrid_planner/bin'
[11.109s] Level 1:colcon.colcon_core.environment:checking '/home/navab/robot-simulation/install/navigrid_planner/lib/pkgconfig/navigrid_planner.pc'
[11.109s] Level 1:colcon.colcon_core.environment:checking '/home/navab/robot-simulation/install/navigrid_planner/lib/python3.12/site-packages'
[11.110s] Level 1:colcon.colcon_core.shell:create_environment_hook('navigrid_planner', 'pythonpath')
[11.110s] INFO:colcon.colcon_core.shell:Creating environment descriptor '/home/navab/robot-simulation/install/navigrid_planner/share/navigrid_planner/hook/pythonpath.dsv'
[11.111s] INFO:colcon.colcon_core.shell:Creating environment hook '/home/navab/robot-simulation/install/navigrid_planner/share/navigrid_planner/hook/pythonpath.sh'
[11.114s] Level 1:colcon.colcon_core.environment:checking '/home/navab/robot-simulation/install/navigrid_planner/bin'
[11.115s] Level 1:colcon.colcon_core.environment:create_environment_scripts_only(navigrid_planner)
[11.115s] INFO:colcon.colcon_core.shell:Creating package descriptor '/home/navab/robot-simulation/install/navigrid_planner/share/navigrid_planner/package.dsv'
[11.117s] INFO:colcon.colcon_core.shell:Creating package script '/home/navab/robot-simulation/install/navigrid_planner/share/navigrid_planner/package.sh'
[11.123s] INFO:colcon.colcon_core.shell:Creating package script '/home/navab/robot-simulation/install/navigrid_planner/share/navigrid_planner/package.bash'
[11.124s] INFO:colcon.colcon_core.shell:Creating package script '/home/navab/robot-simulation/install/navigrid_planner/share/navigrid_planner/package.zsh'
[11.125s] Level 1:colcon.colcon_core.environment:create_file_with_runtime_dependencies(/home/navab/robot-simulation/install/navigrid_planner/share/colcon-core/packages/navigrid_planner)
[11.132s] Level 1:colcon.colcon_core.shell:create_environment_hook('navigrid_description', 'pythonpath_develop')
[11.132s] INFO:colcon.colcon_core.shell:Creating environment descriptor '/home/navab/robot-simulation/build/navigrid_description/share/navigrid_description/hook/pythonpath_develop.dsv'
[11.134s] INFO:colcon.colcon_core.shell:Creating environment hook '/home/navab/robot-simulation/build/navigrid_description/share/navigrid_description/hook/pythonpath_develop.sh'
[11.135s] DEBUG:colcon.colcon_core.event_handler.log_command:Invoked command in '/home/navab/robot-simulation/build/navigrid_description' returned '0': PYTHONPATH=/home/navab/robot-simulation/build/navigrid_description/prefix_override:/usr/lib/python3/dist-packages/colcon_core/task/python/colcon_distutils_commands:/home/navab/robot-simulation/install/navigrid_description/lib/python3.12/site-packages:${PYTHONPATH} /usr/bin/python3 -W ignore:setup.py install is deprecated -W ignore:easy_install command is deprecated setup.py develop --editable --build-directory /home/navab/robot-simulation/build/navigrid_description/build --no-deps symlink_data
[11.139s] Level 1:colcon.colcon_core.environment:checking '/home/navab/robot-simulation/install/navigrid_description' for CMake module files
[11.141s] Level 1:colcon.colcon_core.environment:checking '/home/navab/robot-simulation/install/navigrid_description' for CMake config files
[11.144s] Level 1:colcon.colcon_core.environment:checking '/home/navab/robot-simulation/install/navigrid_description/lib'
[11.144s] Level 1:colcon.colcon_core.environment:checking '/home/navab/robot-simulation/install/navigrid_description/bin'
[11.144s] Level 1:colcon.colcon_core.environment:checking '/home/navab/robot-simulation/install/navigrid_description/lib/pkgconfig/navigrid_description.pc'
[11.145s] Level 1:colcon.colcon_core.environment:checking '/home/navab/robot-simulation/install/navigrid_description/lib/python3.12/site-packages'
[11.145s] Level 1:colcon.colcon_core.shell:create_environment_hook('navigrid_description', 'pythonpath')
[11.145s] INFO:colcon.colcon_core.shell:Creating environment descriptor '/home/navab/robot-simulation/install/navigrid_description/share/navigrid_description/hook/pythonpath.dsv'
[11.146s] INFO:colcon.colcon_core.shell:Creating environment hook '/home/navab/robot-simulation/install/navigrid_description/share/navigrid_description/hook/pythonpath.sh'
[11.147s] Level 1:colcon.colcon_core.environment:checking '/home/navab/robot-simulation/install/navigrid_description/bin'
[11.147s] Level 1:colcon.colcon_core.environment:create_environment_scripts_only(navigrid_description)
[11.148s] INFO:colcon.colcon_core.shell:Creating package descriptor '/home/navab/robot-simulation/install/navigrid_description/share/navigrid_description/package.dsv'
[11.149s] INFO:colcon.colcon_core.shell:Creating package script '/home/navab/robot-simulation/install/navigrid_description/share/navigrid_description/package.sh'
[11.155s] INFO:colcon.colcon_core.shell:Creating package script '/home/navab/robot-simulation/install/navigrid_description/share/navigrid_description/package.bash'
[11.159s] INFO:colcon.colcon_core.shell:Creating package script '/home/navab/robot-simulation/install/navigrid_description/share/navigrid_description/package.zsh'
[11.162s] Level 1:colcon.colcon_core.environment:create_file_with_runtime_dependencies(/home/navab/robot-simulation/install/navigrid_description/share/colcon-core/packages/navigrid_description)
[11.164s] Level 1:colcon.colcon_core.shell:create_environment_hook('navigrid_world', 'pythonpath_develop')
[11.165s] INFO:colcon.colcon_core.shell:Creating environment descriptor '/home/navab/robot-simulation/build/navigrid_world/share/navigrid_world/hook/pythonpath_develop.dsv'
[11.167s] INFO:colcon.colcon_core.shell:Creating environment hook '/home/navab/robot-simulation/build/navigrid_world/share/navigrid_world/hook/pythonpath_develop.sh'
[11.171s] Level 1:colcon.colcon_core.environment:checking '/home/navab/robot-simulation/install/navigrid_world' for CMake module files
[11.172s] Level 1:colcon.colcon_core.environment:checking '/home/navab/robot-simulation/install/navigrid_world' for CMake config files
[11.173s] Level 1:colcon.colcon_core.environment:checking '/home/navab/robot-simulation/install/navigrid_world/lib'
[11.173s] Level 1:colcon.colcon_core.environment:checking '/home/navab/robot-simulation/install/navigrid_world/bin'
[11.173s] Level 1:colcon.colcon_core.environment:checking '/home/navab/robot-simulation/install/navigrid_world/lib/pkgconfig/navigrid_world.pc'
[11.173s] Level 1:colcon.colcon_core.environment:checking '/home/navab/robot-simulation/install/navigrid_world/lib/python3.12/site-packages'
[11.174s] Level 1:colcon.colcon_core.shell:create_environment_hook('navigrid_world', 'pythonpath')
[11.174s] INFO:colcon.colcon_core.shell:Creating environment descriptor '/home/navab/robot-simulation/install/navigrid_world/share/navigrid_world/hook/pythonpath.dsv'
[11.177s] INFO:colcon.colcon_core.shell:Creating environment hook '/home/navab/robot-simulation/install/navigrid_world/share/navigrid_world/hook/pythonpath.sh'
[11.179s] Level 1:colcon.colcon_core.environment:checking '/home/navab/robot-simulation/install/navigrid_world/bin'
[11.179s] Level 1:colcon.colcon_core.environment:create_environment_scripts_only(navigrid_world)
[11.179s] INFO:colcon.colcon_core.shell:Creating package descriptor '/home/navab/robot-simulation/install/navigrid_world/share/navigrid_world/package.dsv'
[11.181s] INFO:colcon.colcon_core.shell:Creating package script '/home/navab/robot-simulation/install/navigrid_world/share/navigrid_world/package.sh'
[11.176s] DEBUG:colcon.colcon_core.event_handler.log_command:Invoked command in '/home/navab/robot-simulation/build/navigrid_world' returned '0': PYTHONPATH=/home/navab/robot-simulation/build/navigrid_world/prefix_override:/usr/lib/python3/dist-packages/colcon_core/task/python/colcon_distutils_commands:/home/navab/robot-simulation/install/navigrid_world/lib/python3.12/site-packages:${PYTHONPATH} /usr/bin/python3 -W ignore:setup.py install is deprecated -W ignore:easy_install command is deprecated setup.py develop --editable --build-directory /home/navab/robot-simulation/build/navigrid_world/build --no-deps symlink_data
[11.182s] INFO:colcon.colcon_core.shell:Creating package script '/home/navab/robot-simulation/install/navigrid_world/share/navigrid_world/package.bash'
[11.183s] INFO:colcon.colcon_core.shell:Creating package script '/home/navab/robot-simulation/install/navigrid_world/share/navigrid_world/package.zsh'
[11.184s] Level 1:colcon.colcon_core.environment:create_file_with_runtime_dependencies(/home/navab/robot-simulation/install/navigrid_world/share/colcon-core/packages/navigrid_world)
[11.319s] Level 1:colcon.colcon_core.shell:create_environment_hook('navigrid_safety', 'pythonpath_develop')
[11.320s] INFO:colcon.colcon_core.shell:Creating environment descriptor '/home/navab/robot-simulation/build/navigrid_safety/share/navigrid_safety/hook/pythonpath_develop.dsv'
[11.321s] INFO:colcon.colcon_core.shell:Creating environment hook '/home/navab/robot-simulation/build/navigrid_safety/share/navigrid_safety/hook/pythonpath_develop.sh'
[11.322s] DEBUG:colcon.colcon_core.event_handler.log_command:Invoked command in '/home/navab/robot-simulation/build/navigrid_safety' returned '0': PYTHONPATH=/home/navab/robot-simulation/build/navigrid_safety/prefix_override:/usr/lib/python3/dist-packages/colcon_core/task/python/colcon_distutils_commands:/home/navab/robot-simulation/install/navigrid_safety/lib/python3.12/site-packages:${PYTHONPATH} /usr/bin/python3 -W ignore:setup.py install is deprecated -W ignore:easy_install command is deprecated setup.py develop --editable --build-directory /home/navab/robot-simulation/build/navigrid_safety/build --no-deps symlink_data
[11.324s] Level 1:colcon.colcon_core.environment:checking '/home/navab/robot-simulation/install/navigrid_safety' for CMake module files
[11.325s] Level 1:colcon.colcon_core.environment:checking '/home/navab/robot-simulation/install/navigrid_safety' for CMake config files
[11.326s] Level 1:colcon.colcon_core.environment:checking '/home/navab/robot-simulation/install/navigrid_safety/lib'
[11.326s] Level 1:colcon.colcon_core.environment:checking '/home/navab/robot-simulation/install/navigrid_safety/bin'
[11.326s] Level 1:colcon.colcon_core.environment:checking '/home/navab/robot-simulation/install/navigrid_safety/lib/pkgconfig/navigrid_safety.pc'
[11.326s] Level 1:colcon.colcon_core.environment:checking '/home/navab/robot-simulation/install/navigrid_safety/lib/python3.12/site-packages'
[11.327s] Level 1:colcon.colcon_core.shell:create_environment_hook('navigrid_safety', 'pythonpath')
[11.327s] INFO:colcon.colcon_core.shell:Creating environment descriptor '/home/navab/robot-simulation/install/navigrid_safety/share/navigrid_safety/hook/pythonpath.dsv'
[11.328s] INFO:colcon.colcon_core.shell:Creating environment hook '/home/navab/robot-simulation/install/navigrid_safety/share/navigrid_safety/hook/pythonpath.sh'
[11.331s] Level 1:colcon.colcon_core.environment:checking '/home/navab/robot-simulation/install/navigrid_safety/bin'
[11.332s] Level 1:colcon.colcon_core.environment:create_environment_scripts_only(navigrid_safety)
[11.333s] INFO:colcon.colcon_core.shell:Creating package descriptor '/home/navab/robot-simulation/install/navigrid_safety/share/navigrid_safety/package.dsv'
[11.334s] INFO:colcon.colcon_core.shell:Creating package script '/home/navab/robot-simulation/install/navigrid_safety/share/navigrid_safety/package.sh'
[11.335s] INFO:colcon.colcon_core.shell:Creating package script '/home/navab/robot-simulation/install/navigrid_safety/share/navigrid_safety/package.bash'
[11.336s] INFO:colcon.colcon_core.shell:Creating package script '/home/navab/robot-simulation/install/navigrid_safety/share/navigrid_safety/package.zsh'
[11.338s] Level 1:colcon.colcon_core.environment:create_file_with_runtime_dependencies(/home/navab/robot-simulation/install/navigrid_safety/share/colcon-core/packages/navigrid_safety)
[11.395s] Level 1:colcon.colcon_core.shell:create_environment_hook('navigrid_bringup', 'pythonpath_develop')
[11.396s] INFO:colcon.colcon_core.shell:Creating environment descriptor '/home/navab/robot-simulation/build/navigrid_bringup/share/navigrid_bringup/hook/pythonpath_develop.dsv'
[11.398s] DEBUG:colcon.colcon_core.event_handler.log_command:Invoked command in '/home/navab/robot-simulation/build/navigrid_bringup' returned '0': PYTHONPATH=/home/navab/robot-simulation/build/navigrid_bringup/prefix_override:/usr/lib/python3/dist-packages/colcon_core/task/python/colcon_distutils_commands:/home/navab/robot-simulation/install/navigrid_bringup/lib/python3.12/site-packages:${PYTHONPATH} /usr/bin/python3 -W ignore:setup.py install is deprecated -W ignore:easy_install command is deprecated setup.py develop --editable --build-directory /home/navab/robot-simulation/build/navigrid_bringup/build --no-deps symlink_data
[11.399s] INFO:colcon.colcon_core.shell:Creating environment hook '/home/navab/robot-simulation/build/navigrid_bringup/share/navigrid_bringup/hook/pythonpath_develop.sh'
[11.402s] Level 1:colcon.colcon_core.environment:checking '/home/navab/robot-simulation/install/navigrid_bringup' for CMake module files
[11.403s] Level 1:colcon.colcon_core.environment:checking '/home/navab/robot-simulation/install/navigrid_bringup' for CMake config files
[11.404s] Level 1:colcon.colcon_core.environment:checking '/home/navab/robot-simulation/install/navigrid_bringup/lib'
[11.404s] Level 1:colcon.colcon_core.environment:checking '/home/navab/robot-simulation/install/navigrid_bringup/bin'
[11.405s] Level 1:colcon.colcon_core.environment:checking '/home/navab/robot-simulation/install/navigrid_bringup/lib/pkgconfig/navigrid_bringup.pc'
[11.405s] Level 1:colcon.colcon_core.environment:checking '/home/navab/robot-simulation/install/navigrid_bringup/lib/python3.12/site-packages'
[11.406s] Level 1:colcon.colcon_core.shell:create_environment_hook('navigrid_bringup', 'pythonpath')
[11.406s] INFO:colcon.colcon_core.shell:Creating environment descriptor '/home/navab/robot-simulation/install/navigrid_bringup/share/navigrid_bringup/hook/pythonpath.dsv'
[11.407s] INFO:colcon.colcon_core.shell:Creating environment hook '/home/navab/robot-simulation/install/navigrid_bringup/share/navigrid_bringup/hook/pythonpath.sh'
[11.410s] Level 1:colcon.colcon_core.environment:checking '/home/navab/robot-simulation/install/navigrid_bringup/bin'
[11.410s] Level 1:colcon.colcon_core.environment:create_environment_scripts_only(navigrid_bringup)
[11.411s] INFO:colcon.colcon_core.shell:Creating package descriptor '/home/navab/robot-simulation/install/navigrid_bringup/share/navigrid_bringup/package.dsv'
[11.412s] INFO:colcon.colcon_core.shell:Creating package script '/home/navab/robot-simulation/install/navigrid_bringup/share/navigrid_bringup/package.sh'
[11.413s] INFO:colcon.colcon_core.shell:Creating package script '/home/navab/robot-simulation/install/navigrid_bringup/share/navigrid_bringup/package.bash'
[11.414s] INFO:colcon.colcon_core.shell:Creating package script '/home/navab/robot-simulation/install/navigrid_bringup/share/navigrid_bringup/package.zsh'
[11.414s] Level 1:colcon.colcon_core.environment:create_file_with_runtime_dependencies(/home/navab/robot-simulation/install/navigrid_bringup/share/colcon-core/packages/navigrid_bringup)
[11.490s] Level 1:colcon.colcon_core.shell:create_environment_hook('navigrid_navigation', 'pythonpath_develop')
[11.491s] INFO:colcon.colcon_core.shell:Creating environment descriptor '/home/navab/robot-simulation/build/navigrid_navigation/share/navigrid_navigation/hook/pythonpath_develop.dsv'
[11.492s] INFO:colcon.colcon_core.shell:Creating environment hook '/home/navab/robot-simulation/build/navigrid_navigation/share/navigrid_navigation/hook/pythonpath_develop.sh'
[11.492s] Level 1:colcon.colcon_core.environment:checking '/home/navab/robot-simulation/install/navigrid_navigation' for CMake module files
[11.493s] Level 1:colcon.colcon_core.environment:checking '/home/navab/robot-simulation/install/navigrid_navigation' for CMake config files
[11.494s] Level 1:colcon.colcon_core.environment:checking '/home/navab/robot-simulation/install/navigrid_navigation/lib'
[11.494s] Level 1:colcon.colcon_core.environment:checking '/home/navab/robot-simulation/install/navigrid_navigation/bin'
[11.494s] Level 1:colcon.colcon_core.environment:checking '/home/navab/robot-simulation/install/navigrid_navigation/lib/pkgconfig/navigrid_navigation.pc'
[11.494s] Level 1:colcon.colcon_core.environment:checking '/home/navab/robot-simulation/install/navigrid_navigation/lib/python3.12/site-packages'
[11.495s] DEBUG:colcon.colcon_core.event_handler.log_command:Invoked command in '/home/navab/robot-simulation/build/navigrid_navigation' returned '0': PYTHONPATH=/home/navab/robot-simulation/build/navigrid_navigation/prefix_override:/usr/lib/python3/dist-packages/colcon_core/task/python/colcon_distutils_commands:/home/navab/robot-simulation/install/navigrid_navigation/lib/python3.12/site-packages:${PYTHONPATH} /usr/bin/python3 -W ignore:setup.py install is deprecated -W ignore:easy_install command is deprecated setup.py develop --editable --build-directory /home/navab/robot-simulation/build/navigrid_navigation/build --no-deps symlink_data
[11.495s] Level 1:colcon.colcon_core.shell:create_environment_hook('navigrid_navigation', 'pythonpath')
[11.495s] INFO:colcon.colcon_core.shell:Creating environment descriptor '/home/navab/robot-simulation/install/navigrid_navigation/share/navigrid_navigation/hook/pythonpath.dsv'
[11.496s] INFO:colcon.colcon_core.shell:Creating environment hook '/home/navab/robot-simulation/install/navigrid_navigation/share/navigrid_navigation/hook/pythonpath.sh'
[11.499s] Level 1:colcon.colcon_core.environment:checking '/home/navab/robot-simulation/install/navigrid_navigation/bin'
[11.499s] Level 1:colcon.colcon_core.environment:create_environment_scripts_only(navigrid_navigation)
[11.499s] INFO:colcon.colcon_core.shell:Creating package descriptor '/home/navab/robot-simulation/install/navigrid_navigation/share/navigrid_navigation/package.dsv'
[11.500s] INFO:colcon.colcon_core.shell:Creating package script '/home/navab/robot-simulation/install/navigrid_navigation/share/navigrid_navigation/package.sh'
[11.502s] INFO:colcon.colcon_core.shell:Creating package script '/home/navab/robot-simulation/install/navigrid_navigation/share/navigrid_navigation/package.bash'
[11.503s] INFO:colcon.colcon_core.shell:Creating package script '/home/navab/robot-simulation/install/navigrid_navigation/share/navigrid_navigation/package.zsh'
[11.504s] Level 1:colcon.colcon_core.environment:create_file_with_runtime_dependencies(/home/navab/robot-simulation/install/navigrid_navigation/share/colcon-core/packages/navigrid_navigation)
[11.505s] DEBUG:colcon.colcon_parallel_executor.executor.parallel:closing loop
[11.509s] DEBUG:colcon.colcon_parallel_executor.executor.parallel:loop closed
[11.510s] DEBUG:colcon.colcon_parallel_executor.executor.parallel:run_until_complete finished with '0'
[11.510s] DEBUG:colcon.colcon_core.event_reactor:joining thread
[11.841s] INFO:colcon.colcon_core.plugin_system:Skipping extension 'colcon_notification.desktop_notification.notify_send': Could not find 'notify-send'
[11.842s] INFO:colcon.colcon_core.plugin_system:Skipping extension 'colcon_notification.desktop_notification.terminal_notifier': Not used on non-Darwin systems
[11.842s] INFO:colcon.colcon_core.plugin_system:Skipping extension 'colcon_notification.desktop_notification.win32': Not used on non-Windows systems
[11.842s] INFO:colcon.colcon_notification.desktop_notification:Sending desktop notification using 'notify2'
[11.845s] DEBUG:colcon.colcon_notification.desktop_notification.notify2:Failed to initialize notify2: org.freedesktop.DBus.Error.ServiceUnknown: The name org.freedesktop.Notifications was not provided by any .service files
[11.845s] DEBUG:colcon.colcon_core.event_reactor:joined thread
[11.846s] INFO:colcon.colcon_core.shell:Creating prefix script '/home/navab/robot-simulation/install/local_setup.sh'
[11.847s] INFO:colcon.colcon_core.shell:Creating prefix util module '/home/navab/robot-simulation/install/_local_setup_util_sh.py'
[11.849s] INFO:colcon.colcon_core.shell:Creating prefix chain script '/home/navab/robot-simulation/install/setup.sh'
[11.856s] INFO:colcon.colcon_core.shell:Creating prefix script '/home/navab/robot-simulation/install/local_setup.bash'
[11.857s] INFO:colcon.colcon_core.shell:Creating prefix chain script '/home/navab/robot-simulation/install/setup.bash'
[11.859s] INFO:colcon.colcon_core.shell:Creating prefix script '/home/navab/robot-simulation/install/local_setup.zsh'
[11.860s] INFO:colcon.colcon_core.shell:Creating prefix chain script '/home/navab/robot-simulation/install/setup.zsh'
