running develop
Removing /home/navab/robot-simulation/install/navigrid_description/lib/python3.12/site-packages/navigrid-description.egg-link (link to .)
running egg_info
writing ../../build/navigrid_description/navigrid_description.egg-info/PKG-INFO
writing dependency_links to ../../build/navigrid_description/navigrid_description.egg-info/dependency_links.txt
writing requirements to ../../build/navigrid_description/navigrid_description.egg-info/requires.txt
writing top-level names to ../../build/navigrid_description/navigrid_description.egg-info/top_level.txt
reading manifest file '../../build/navigrid_description/navigrid_description.egg-info/SOURCES.txt'
writing manifest file '../../build/navigrid_description/navigrid_description.egg-info/SOURCES.txt'
running build
running build_py
creating /home/navab/robot-simulation/build/navigrid_description/build
creating /home/navab/robot-simulation/build/navigrid_description/build/lib
creating /home/navab/robot-simulation/build/navigrid_description/build/lib/navigrid_description
copying navigrid_description/__init__.py -> /home/navab/robot-simulation/build/navigrid_description/build/lib/navigrid_description
running install
running install_lib
creating /home/navab/robot-simulation/install/navigrid_description/lib/python3.12/site-packages/navigrid_description
copying /home/navab/robot-simulation/build/navigrid_description/build/lib/navigrid_description/__init__.py -> /home/navab/robot-simulation/install/navigrid_description/lib/python3.12/site-packages/navigrid_description
byte-compiling /home/navab/robot-simulation/install/navigrid_description/lib/python3.12/site-packages/navigrid_description/__init__.py to __init__.cpython-312.pyc
running install_data
copying resource/navigrid_description -> /home/navab/robot-simulation/install/navigrid_description/share/ament_index/resource_index/packages
copying package.xml -> /home/navab/robot-simulation/install/navigrid_description/share/navigrid_description
copying urdf/navigrid_robot.urdf -> /home/navab/robot-simulation/install/navigrid_description/share/navigrid_description/urdf
copying launch/robot_gazebo.launch.py -> /home/navab/robot-simulation/install/navigrid_description/share/navigrid_description/launch
running install_egg_info
Copying ../../build/navigrid_description/navigrid_description.egg-info to /home/navab/robot-simulation/install/navigrid_description/lib/python3.12/site-packages/navigrid_description-0.0.0-py3.12.egg-info
running install_scripts
writing list of installed files to '/home/navab/robot-simulation/build/navigrid_description/install.log'
