running develop
Removing /home/navab/robot-simulation/install/navigrid_planner/lib/python3.12/site-packages/navigrid-planner.egg-link (link to .)
running egg_info
writing ../../build/navigrid_planner/navigrid_planner.egg-info/PKG-INFO
writing dependency_links to ../../build/navigrid_planner/navigrid_planner.egg-info/dependency_links.txt
writing requirements to ../../build/navigrid_planner/navigrid_planner.egg-info/requires.txt
writing top-level names to ../../build/navigrid_planner/navigrid_planner.egg-info/top_level.txt
reading manifest file '../../build/navigrid_planner/navigrid_planner.egg-info/SOURCES.txt'
writing manifest file '../../build/navigrid_planner/navigrid_planner.egg-info/SOURCES.txt'
running build
running build_py
creating /home/navab/robot-simulation/build/navigrid_planner/build
creating /home/navab/robot-simulation/build/navigrid_planner/build/lib
creating /home/navab/robot-simulation/build/navigrid_planner/build/lib/navigrid_planner
copying navigrid_planner/__init__.py -> /home/navab/robot-simulation/build/navigrid_planner/build/lib/navigrid_planner
running install
running install_lib
creating /home/navab/robot-simulation/install/navigrid_planner/lib/python3.12/site-packages/navigrid_planner
copying /home/navab/robot-simulation/build/navigrid_planner/build/lib/navigrid_planner/__init__.py -> /home/navab/robot-simulation/install/navigrid_planner/lib/python3.12/site-packages/navigrid_planner
byte-compiling /home/navab/robot-simulation/install/navigrid_planner/lib/python3.12/site-packages/navigrid_planner/__init__.py to __init__.cpython-312.pyc
running install_data
copying resource/navigrid_planner -> /home/navab/robot-simulation/install/navigrid_planner/share/ament_index/resource_index/packages
copying package.xml -> /home/navab/robot-simulation/install/navigrid_planner/share/navigrid_planner
running install_egg_info
Copying ../../build/navigrid_planner/navigrid_planner.egg-info to /home/navab/robot-simulation/install/navigrid_planner/lib/python3.12/site-packages/navigrid_planner-0.0.0-py3.12.egg-info
running install_scripts
writing list of installed files to '/home/navab/robot-simulation/build/navigrid_planner/install.log'
