[2.238s] Invoking command in '/home/navab/robot-simulation/build/navigrid_planner': PYTHONPATH=/home/navab/robot-simulation/build/navigrid_planner/prefix_override:/usr/lib/python3/dist-packages/colcon_core/task/python/colcon_distutils_commands:/home/navab/robot-simulation/install/navigrid_planner/lib/python3.12/site-packages:${PYTHONPATH} /usr/bin/python3 -W ignore:setup.py install is deprecated -W ignore:easy_install command is deprecated setup.py develop --uninstall --editable --build-directory /home/navab/robot-simulation/build/navigrid_planner/build
[2.667s] running develop
[2.879s] Removing /home/navab/robot-simulation/install/navigrid_planner/lib/python3.12/site-packages/navigrid-planner.egg-link (link to .)
[2.946s] Invoked command in '/home/navab/robot-simulation/build/navigrid_planner' returned '0': PYTHONPATH=/home/navab/robot-simulation/build/navigrid_planner/prefix_override:/usr/lib/python3/dist-packages/colcon_core/task/python/colcon_distutils_commands:/home/navab/robot-simulation/install/navigrid_planner/lib/python3.12/site-packages:${PYTHONPATH} /usr/bin/python3 -W ignore:setup.py install is deprecated -W ignore:easy_install command is deprecated setup.py develop --uninstall --editable --build-directory /home/navab/robot-simulation/build/navigrid_planner/build
[2.949s] Invoking command in '/home/navab/robot-simulation/src/navigrid_planner': PYTHONPATH=/home/navab/robot-simulation/build/navigrid_planner/prefix_override:/usr/lib/python3/dist-packages/colcon_core/task/python/colcon_distutils_commands:/home/navab/robot-simulation/install/navigrid_planner/lib/python3.12/site-packages:${PYTHONPATH} /usr/bin/python3 -W ignore:setup.py install is deprecated -W ignore:easy_install command is deprecated setup.py egg_info --egg-base ../../build/navigrid_planner build --build-base /home/navab/robot-simulation/build/navigrid_planner/build install --record /home/navab/robot-simulation/build/navigrid_planner/install.log --install-scripts $base/lib/navigrid_planner --single-version-externally-managed install_data --force
[3.309s] running egg_info
[3.322s] writing ../../build/navigrid_planner/navigrid_planner.egg-info/PKG-INFO
[3.322s] writing dependency_links to ../../build/navigrid_planner/navigrid_planner.egg-info/dependency_links.txt
[3.323s] writing requirements to ../../build/navigrid_planner/navigrid_planner.egg-info/requires.txt
[3.323s] writing top-level names to ../../build/navigrid_planner/navigrid_planner.egg-info/top_level.txt
[3.359s] reading manifest file '../../build/navigrid_planner/navigrid_planner.egg-info/SOURCES.txt'
[3.360s] writing manifest file '../../build/navigrid_planner/navigrid_planner.egg-info/SOURCES.txt'
[3.361s] running build
[3.361s] running build_py
[3.361s] creating /home/navab/robot-simulation/build/navigrid_planner/build
[3.362s] creating /home/navab/robot-simulation/build/navigrid_planner/build/lib
[3.363s] creating /home/navab/robot-simulation/build/navigrid_planner/build/lib/navigrid_planner
[3.364s] copying navigrid_planner/__init__.py -> /home/navab/robot-simulation/build/navigrid_planner/build/lib/navigrid_planner
[3.365s] running install
[3.373s] running install_lib
[3.408s] creating /home/navab/robot-simulation/install/navigrid_planner/lib/python3.12/site-packages/navigrid_planner
[3.410s] copying /home/navab/robot-simulation/build/navigrid_planner/build/lib/navigrid_planner/__init__.py -> /home/navab/robot-simulation/install/navigrid_planner/lib/python3.12/site-packages/navigrid_planner
[3.416s] byte-compiling /home/navab/robot-simulation/install/navigrid_planner/lib/python3.12/site-packages/navigrid_planner/__init__.py to __init__.cpython-312.pyc
[3.633s] running install_data
[3.634s] copying resource/navigrid_planner -> /home/navab/robot-simulation/install/navigrid_planner/share/ament_index/resource_index/packages
[3.634s] copying package.xml -> /home/navab/robot-simulation/install/navigrid_planner/share/navigrid_planner
[3.634s] running install_egg_info
[3.675s] Copying ../../build/navigrid_planner/navigrid_planner.egg-info to /home/navab/robot-simulation/install/navigrid_planner/lib/python3.12/site-packages/navigrid_planner-0.0.0-py3.12.egg-info
[3.687s] running install_scripts
[3.953s] writing list of installed files to '/home/navab/robot-simulation/build/navigrid_planner/install.log'
[4.016s] Invoked command in '/home/navab/robot-simulation/src/navigrid_planner' returned '0': PYTHONPATH=/home/navab/robot-simulation/build/navigrid_planner/prefix_override:/usr/lib/python3/dist-packages/colcon_core/task/python/colcon_distutils_commands:/home/navab/robot-simulation/install/navigrid_planner/lib/python3.12/site-packages:${PYTHONPATH} /usr/bin/python3 -W ignore:setup.py install is deprecated -W ignore:easy_install command is deprecated setup.py egg_info --egg-base ../../build/navigrid_planner build --build-base /home/navab/robot-simulation/build/navigrid_planner/build install --record /home/navab/robot-simulation/build/navigrid_planner/install.log --install-scripts $base/lib/navigrid_planner --single-version-externally-managed install_data --force
