[0.807s] Invoking command in '/home/navab/robot-simulation/src/navigrid_safety': PYTHONPATH=/home/navab/robot-simulation/build/navigrid_safety/prefix_override:/usr/lib/python3/dist-packages/colcon_core/task/python/colcon_distutils_commands:/home/navab/robot-simulation/install/navigrid_safety/lib/python3.12/site-packages:${PYTHONPATH} /usr/bin/python3 -W ignore:setup.py install is deprecated -W ignore:easy_install command is deprecated setup.py egg_info --egg-base ../../build/navigrid_safety build --build-base /home/navab/robot-simulation/build/navigrid_safety/build install --record /home/navab/robot-simulation/build/navigrid_safety/install.log --install-scripts $base/lib/navigrid_safety --single-version-externally-managed install_data
[1.023s] running egg_info
[1.037s] writing ../../build/navigrid_safety/navigrid_safety.egg-info/PKG-INFO
[1.037s] writing dependency_links to ../../build/navigrid_safety/navigrid_safety.egg-info/dependency_links.txt
[1.038s] writing entry points to ../../build/navigrid_safety/navigrid_safety.egg-info/entry_points.txt
[1.038s] writing requirements to ../../build/navigrid_safety/navigrid_safety.egg-info/requires.txt
[1.038s] writing top-level names to ../../build/navigrid_safety/navigrid_safety.egg-info/top_level.txt
[1.067s] reading manifest file '../../build/navigrid_safety/navigrid_safety.egg-info/SOURCES.txt'
[1.067s] writing manifest file '../../build/navigrid_safety/navigrid_safety.egg-info/SOURCES.txt'
[1.067s] running build
[1.068s] running build_py
[1.068s] running install
[1.073s] running install_lib
[1.086s] running install_data
[1.086s] running install_egg_info
[1.101s] removing '/home/navab/robot-simulation/install/navigrid_safety/lib/python3.12/site-packages/navigrid_safety-0.0.0-py3.12.egg-info' (and everything under it)
[1.101s] Copying ../../build/navigrid_safety/navigrid_safety.egg-info to /home/navab/robot-simulation/install/navigrid_safety/lib/python3.12/site-packages/navigrid_safety-0.0.0-py3.12.egg-info
[1.104s] running install_scripts
[1.207s] Installing safety_override script to /home/navab/robot-simulation/install/navigrid_safety/lib/navigrid_safety
[1.207s] Installing test_scan script to /home/navab/robot-simulation/install/navigrid_safety/lib/navigrid_safety
[1.207s] writing list of installed files to '/home/navab/robot-simulation/build/navigrid_safety/install.log'
[1.243s] Invoked command in '/home/navab/robot-simulation/src/navigrid_safety' returned '0': PYTHONPATH=/home/navab/robot-simulation/build/navigrid_safety/prefix_override:/usr/lib/python3/dist-packages/colcon_core/task/python/colcon_distutils_commands:/home/navab/robot-simulation/install/navigrid_safety/lib/python3.12/site-packages:${PYTHONPATH} /usr/bin/python3 -W ignore:setup.py install is deprecated -W ignore:easy_install command is deprecated setup.py egg_info --egg-base ../../build/navigrid_safety build --build-base /home/navab/robot-simulation/build/navigrid_safety/build install --record /home/navab/robot-simulation/build/navigrid_safety/install.log --install-scripts $base/lib/navigrid_safety --single-version-externally-managed install_data
