running develop
Removing /home/navab/robot-simulation/install/navigrid_safety/lib/python3.12/site-packages/navigrid-safety.egg-link (link to .)
running egg_info
writing ../../build/navigrid_safety/navigrid_safety.egg-info/PKG-INFO
writing dependency_links to ../../build/navigrid_safety/navigrid_safety.egg-info/dependency_links.txt
writing entry points to ../../build/navigrid_safety/navigrid_safety.egg-info/entry_points.txt
writing requirements to ../../build/navigrid_safety/navigrid_safety.egg-info/requires.txt
writing top-level names to ../../build/navigrid_safety/navigrid_safety.egg-info/top_level.txt
reading manifest file '../../build/navigrid_safety/navigrid_safety.egg-info/SOURCES.txt'
writing manifest file '../../build/navigrid_safety/navigrid_safety.egg-info/SOURCES.txt'
running build
running build_py
creating /home/navab/robot-simulation/build/navigrid_safety/build
creating /home/navab/robot-simulation/build/navigrid_safety/build/lib
creating /home/navab/robot-simulation/build/navigrid_safety/build/lib/navigrid_safety
copying navigrid_safety/safety_override.py -> /home/navab/robot-simulation/build/navigrid_safety/build/lib/navigrid_safety
copying navigrid_safety/__init__.py -> /home/navab/robot-simulation/build/navigrid_safety/build/lib/navigrid_safety
running install
running install_lib
creating /home/navab/robot-simulation/install/navigrid_safety/lib/python3.12/site-packages/navigrid_safety
copying /home/navab/robot-simulation/build/navigrid_safety/build/lib/navigrid_safety/safety_override.py -> /home/navab/robot-simulation/install/navigrid_safety/lib/python3.12/site-packages/navigrid_safety
copying /home/navab/robot-simulation/build/navigrid_safety/build/lib/navigrid_safety/__init__.py -> /home/navab/robot-simulation/install/navigrid_safety/lib/python3.12/site-packages/navigrid_safety
byte-compiling /home/navab/robot-simulation/install/navigrid_safety/lib/python3.12/site-packages/navigrid_safety/safety_override.py to safety_override.cpython-312.pyc
byte-compiling /home/navab/robot-simulation/install/navigrid_safety/lib/python3.12/site-packages/navigrid_safety/__init__.py to __init__.cpython-312.pyc
running install_data
copying resource/navigrid_safety -> /home/navab/robot-simulation/install/navigrid_safety/share/ament_index/resource_index/packages
copying package.xml -> /home/navab/robot-simulation/install/navigrid_safety/share/navigrid_safety
running install_egg_info
Copying ../../build/navigrid_safety/navigrid_safety.egg-info to /home/navab/robot-simulation/install/navigrid_safety/lib/python3.12/site-packages/navigrid_safety-0.0.0-py3.12.egg-info
running install_scripts
Installing safety_override script to /home/navab/robot-simulation/install/navigrid_safety/lib/navigrid_safety
writing list of installed files to '/home/navab/robot-simulation/build/navigrid_safety/install.log'
