[2.179s] Invoking command in '/home/navab/robot-simulation/src/navigrid_navigation': PYTHONPATH=/home/navab/robot-simulation/build/navigrid_navigation/prefix_override:/usr/lib/python3/dist-packages/colcon_core/task/python/colcon_distutils_commands:/home/navab/robot-simulation/install/navigrid_navigation/lib/python3.12/site-packages:${PYTHONPATH} /usr/bin/python3 -W ignore:setup.py install is deprecated -W ignore:easy_install command is deprecated setup.py egg_info --egg-base ../../build/navigrid_navigation build --build-base /home/navab/robot-simulation/build/navigrid_navigation/build install --record /home/navab/robot-simulation/build/navigrid_navigation/install.log --install-scripts $base/lib/navigrid_navigation --single-version-externally-managed install_data
[3.014s] running egg_info
[3.050s] writing ../../build/navigrid_navigation/navigrid_navigation.egg-info/PKG-INFO
[3.050s] writing dependency_links to ../../build/navigrid_navigation/navigrid_navigation.egg-info/dependency_links.txt
[3.050s] writing entry points to ../../build/navigrid_navigation/navigrid_navigation.egg-info/entry_points.txt
[3.050s] writing requirements to ../../build/navigrid_navigation/navigrid_navigation.egg-info/requires.txt
[3.050s] writing top-level names to ../../build/navigrid_navigation/navigrid_navigation.egg-info/top_level.txt
[3.117s] reading manifest file '../../build/navigrid_navigation/navigrid_navigation.egg-info/SOURCES.txt'
[3.118s] writing manifest file '../../build/navigrid_navigation/navigrid_navigation.egg-info/SOURCES.txt'
[3.119s] running build
[3.119s] running build_py
[3.119s] running install
[3.132s] running install_lib
[3.172s] running install_data
[3.174s] copying launch/navigation.launch.py -> /home/navab/robot-simulation/install/navigrid_navigation/share/navigrid_navigation/launch
[3.174s] running install_egg_info
[3.242s] removing '/home/navab/robot-simulation/install/navigrid_navigation/lib/python3.12/site-packages/navigrid_navigation-0.0.0-py3.12.egg-info' (and everything under it)
[3.243s] Copying ../../build/navigrid_navigation/navigrid_navigation.egg-info to /home/navab/robot-simulation/install/navigrid_navigation/lib/python3.12/site-packages/navigrid_navigation-0.0.0-py3.12.egg-info
[3.248s] running install_scripts
[3.542s] Installing odom_tf_broadcaster script to /home/navab/robot-simulation/install/navigrid_navigation/lib/navigrid_navigation
[3.543s] writing list of installed files to '/home/navab/robot-simulation/build/navigrid_navigation/install.log'
[3.630s] Invoked command in '/home/navab/robot-simulation/src/navigrid_navigation' returned '0': PYTHONPATH=/home/navab/robot-simulation/build/navigrid_navigation/prefix_override:/usr/lib/python3/dist-packages/colcon_core/task/python/colcon_distutils_commands:/home/navab/robot-simulation/install/navigrid_navigation/lib/python3.12/site-packages:${PYTHONPATH} /usr/bin/python3 -W ignore:setup.py install is deprecated -W ignore:easy_install command is deprecated setup.py egg_info --egg-base ../../build/navigrid_navigation build --build-base /home/navab/robot-simulation/build/navigrid_navigation/build install --record /home/navab/robot-simulation/build/navigrid_navigation/install.log --install-scripts $base/lib/navigrid_navigation --single-version-externally-managed install_data
