[1.104s] DEBUG:colcon:Command line arguments: ['/usr/bin/colcon', 'build', '--symlink-install']
[1.105s] DEBUG:colcon:Parsed command line arguments: Namespace(log_base=None, log_level=None, verb_name='build', build_base='build', install_base='install', merge_install=False, symlink_install=True, test_result_base=None, continue_on_error=False, executor='parallel', parallel_workers=8, event_handlers=None, ignore_user_meta=False, metas=['./colcon.meta'], base_paths=['.'], packages_ignore=None, packages_ignore_regex=None, paths=None, packages_up_to=None, packages_up_to_regex=None, packages_above=None, packages_above_and_dependencies=None, packages_above_depth=None, packages_select_by_dep=None, packages_skip_by_dep=None, packages_skip_up_to=None, packages_select_build_failed=False, packages_skip_build_finished=False, packages_select_test_failures=False, packages_skip_test_passed=False, packages_select=None, packages_skip=None, packages_select_regex=None, packages_skip_regex=None, packages_start=None, packages_end=None, cmake_args=None, cmake_target=None, cmake_target_skip_unavailable=False, cmake_clean_cache=False, cmake_clean_first=False, cmake_force_configure=False, ament_cmake_args=None, catkin_cmake_args=None, catkin_skip_building_tests=False, verb_parser=<colcon_defaults.argument_parser.defaults.DefaultArgumentsDecorator object at 0x7e75c7f06540>, verb_extension=<colcon_core.verb.build.BuildVerb object at 0x7e75c8a1f530>, main=<bound method BuildVerb.main of <colcon_core.verb.build.BuildVerb object at 0x7e75c8a1f530>>)
[1.416s] Level 1:colcon.colcon_core.package_discovery:discover_packages(colcon_meta) check parameters
[1.417s] Level 1:colcon.colcon_core.package_discovery:discover_packages(recursive) check parameters
[1.417s] Level 1:colcon.colcon_core.package_discovery:discover_packages(ignore) check parameters
[1.417s] Level 1:colcon.colcon_core.package_discovery:discover_packages(path) check parameters
[1.417s] Level 1:colcon.colcon_core.package_discovery:discover_packages(colcon_meta) discover
[1.417s] Level 1:colcon.colcon_core.package_discovery:discover_packages(recursive) discover
[1.418s] INFO:colcon.colcon_core.package_discovery:Crawling recursively for packages in '/home/navab/robot-simulation'
[1.419s] Level 1:colcon.colcon_core.package_identification:_identify(.) by extensions ['ignore', 'ignore_ament_install']
[1.419s] Level 1:colcon.colcon_core.package_identification:_identify(.) by extension 'ignore'
[1.420s] Level 1:colcon.colcon_core.package_identification:_identify(.) by extension 'ignore_ament_install'
[1.420s] Level 1:colcon.colcon_core.package_identification:_identify(.) by extensions ['colcon_pkg']
[1.420s] Level 1:colcon.colcon_core.package_identification:_identify(.) by extension 'colcon_pkg'
[1.420s] Level 1:colcon.colcon_core.package_identification:_identify(.) by extensions ['colcon_meta']
[1.420s] Level 1:colcon.colcon_core.package_identification:_identify(.) by extension 'colcon_meta'
[1.420s] Level 1:colcon.colcon_core.package_identification:_identify(.) by extensions ['ros']
[1.420s] Level 1:colcon.colcon_core.package_identification:_identify(.) by extension 'ros'
[1.602s] Level 1:colcon.colcon_core.package_identification:_identify(.) by extensions ['cmake', 'python']
[1.602s] Level 1:colcon.colcon_core.package_identification:_identify(.) by extension 'cmake'
[1.602s] Level 1:colcon.colcon_core.package_identification:_identify(.) by extension 'python'
[1.602s] Level 1:colcon.colcon_core.package_identification:_identify(.) by extensions ['python_setup_py']
[1.602s] Level 1:colcon.colcon_core.package_identification:_identify(.) by extension 'python_setup_py'
[1.603s] Level 1:colcon.colcon_core.package_identification:_identify(build) by extensions ['ignore', 'ignore_ament_install']
[1.603s] Level 1:colcon.colcon_core.package_identification:_identify(build) by extension 'ignore'
[1.603s] Level 1:colcon.colcon_core.package_identification:_identify(build) ignored
[1.604s] Level 1:colcon.colcon_core.package_identification:_identify(install) by extensions ['ignore', 'ignore_ament_install']
[1.605s] Level 1:colcon.colcon_core.package_identification:_identify(install) by extension 'ignore'
[1.605s] Level 1:colcon.colcon_core.package_identification:_identify(install) ignored
[1.606s] Level 1:colcon.colcon_core.package_identification:_identify(log) by extensions ['ignore', 'ignore_ament_install']
[1.606s] Level 1:colcon.colcon_core.package_identification:_identify(log) by extension 'ignore'
[1.606s] Level 1:colcon.colcon_core.package_identification:_identify(log) ignored
[1.607s] Level 1:colcon.colcon_core.package_identification:_identify(robot_description) by extensions ['ignore', 'ignore_ament_install']
[1.607s] Level 1:colcon.colcon_core.package_identification:_identify(robot_description) by extension 'ignore'
[1.607s] Level 1:colcon.colcon_core.package_identification:_identify(robot_description) by extension 'ignore_ament_install'
[1.608s] Level 1:colcon.colcon_core.package_identification:_identify(robot_description) by extensions ['colcon_pkg']
[1.608s] Level 1:colcon.colcon_core.package_identification:_identify(robot_description) by extension 'colcon_pkg'
[1.608s] Level 1:colcon.colcon_core.package_identification:_identify(robot_description) by extensions ['colcon_meta']
[1.608s] Level 1:colcon.colcon_core.package_identification:_identify(robot_description) by extension 'colcon_meta'
[1.608s] Level 1:colcon.colcon_core.package_identification:_identify(robot_description) by extensions ['ros']
[1.608s] Level 1:colcon.colcon_core.package_identification:_identify(robot_description) by extension 'ros'
[1.609s] Level 1:colcon.colcon_core.package_identification:_identify(robot_description) by extensions ['cmake', 'python']
[1.609s] Level 1:colcon.colcon_core.package_identification:_identify(robot_description) by extension 'cmake'
[1.609s] Level 1:colcon.colcon_core.package_identification:_identify(robot_description) by extension 'python'
[1.609s] Level 1:colcon.colcon_core.package_identification:_identify(robot_description) by extensions ['python_setup_py']
[1.609s] Level 1:colcon.colcon_core.package_identification:_identify(robot_description) by extension 'python_setup_py'
[1.610s] Level 1:colcon.colcon_core.package_identification:_identify(robot_description/config) by extensions ['ignore', 'ignore_ament_install']
[1.611s] Level 1:colcon.colcon_core.package_identification:_identify(robot_description/config) by extension 'ignore'
[1.611s] Level 1:colcon.colcon_core.package_identification:_identify(robot_description/config) by extension 'ignore_ament_install'
[1.611s] Level 1:colcon.colcon_core.package_identification:_identify(robot_description/config) by extensions ['colcon_pkg']
[1.611s] Level 1:colcon.colcon_core.package_identification:_identify(robot_description/config) by extension 'colcon_pkg'
[1.611s] Level 1:colcon.colcon_core.package_identification:_identify(robot_description/config) by extensions ['colcon_meta']
[1.611s] Level 1:colcon.colcon_core.package_identification:_identify(robot_description/config) by extension 'colcon_meta'
[1.611s] Level 1:colcon.colcon_core.package_identification:_identify(robot_description/config) by extensions ['ros']
[1.611s] Level 1:colcon.colcon_core.package_identification:_identify(robot_description/config) by extension 'ros'
[1.612s] Level 1:colcon.colcon_core.package_identification:_identify(robot_description/config) by extensions ['cmake', 'python']
[1.612s] Level 1:colcon.colcon_core.package_identification:_identify(robot_description/config) by extension 'cmake'
[1.612s] Level 1:colcon.colcon_core.package_identification:_identify(robot_description/config) by extension 'python'
[1.612s] Level 1:colcon.colcon_core.package_identification:_identify(robot_description/config) by extensions ['python_setup_py']
[1.612s] Level 1:colcon.colcon_core.package_identification:_identify(robot_description/config) by extension 'python_setup_py'
[1.614s] Level 1:colcon.colcon_core.package_identification:_identify(robot_description/launch) by extensions ['ignore', 'ignore_ament_install']
[1.614s] Level 1:colcon.colcon_core.package_identification:_identify(robot_description/launch) by extension 'ignore'
[1.614s] Level 1:colcon.colcon_core.package_identification:_identify(robot_description/launch) by extension 'ignore_ament_install'
[1.614s] Level 1:colcon.colcon_core.package_identification:_identify(robot_description/launch) by extensions ['colcon_pkg']
[1.614s] Level 1:colcon.colcon_core.package_identification:_identify(robot_description/launch) by extension 'colcon_pkg'
[1.614s] Level 1:colcon.colcon_core.package_identification:_identify(robot_description/launch) by extensions ['colcon_meta']
[1.614s] Level 1:colcon.colcon_core.package_identification:_identify(robot_description/launch) by extension 'colcon_meta'
[1.614s] Level 1:colcon.colcon_core.package_identification:_identify(robot_description/launch) by extensions ['ros']
[1.614s] Level 1:colcon.colcon_core.package_identification:_identify(robot_description/launch) by extension 'ros'
[1.614s] Level 1:colcon.colcon_core.package_identification:_identify(robot_description/launch) by extensions ['cmake', 'python']
[1.614s] Level 1:colcon.colcon_core.package_identification:_identify(robot_description/launch) by extension 'cmake'
[1.614s] Level 1:colcon.colcon_core.package_identification:_identify(robot_description/launch) by extension 'python'
[1.615s] Level 1:colcon.colcon_core.package_identification:_identify(robot_description/launch) by extensions ['python_setup_py']
[1.615s] Level 1:colcon.colcon_core.package_identification:_identify(robot_description/launch) by extension 'python_setup_py'
[1.615s] Level 1:colcon.colcon_core.package_identification:_identify(robot_description/urdf) by extensions ['ignore', 'ignore_ament_install']
[1.616s] Level 1:colcon.colcon_core.package_identification:_identify(robot_description/urdf) by extension 'ignore'
[1.616s] Level 1:colcon.colcon_core.package_identification:_identify(robot_description/urdf) by extension 'ignore_ament_install'
[1.616s] Level 1:colcon.colcon_core.package_identification:_identify(robot_description/urdf) by extensions ['colcon_pkg']
[1.616s] Level 1:colcon.colcon_core.package_identification:_identify(robot_description/urdf) by extension 'colcon_pkg'
[1.616s] Level 1:colcon.colcon_core.package_identification:_identify(robot_description/urdf) by extensions ['colcon_meta']
[1.616s] Level 1:colcon.colcon_core.package_identification:_identify(robot_description/urdf) by extension 'colcon_meta'
[1.616s] Level 1:colcon.colcon_core.package_identification:_identify(robot_description/urdf) by extensions ['ros']
[1.616s] Level 1:colcon.colcon_core.package_identification:_identify(robot_description/urdf) by extension 'ros'
[1.616s] Level 1:colcon.colcon_core.package_identification:_identify(robot_description/urdf) by extensions ['cmake', 'python']
[1.616s] Level 1:colcon.colcon_core.package_identification:_identify(robot_description/urdf) by extension 'cmake'
[1.616s] Level 1:colcon.colcon_core.package_identification:_identify(robot_description/urdf) by extension 'python'
[1.616s] Level 1:colcon.colcon_core.package_identification:_identify(robot_description/urdf) by extensions ['python_setup_py']
[1.616s] Level 1:colcon.colcon_core.package_identification:_identify(robot_description/urdf) by extension 'python_setup_py'
[1.620s] Level 1:colcon.colcon_core.package_identification:_identify(screenshots) by extensions ['ignore', 'ignore_ament_install']
[1.620s] Level 1:colcon.colcon_core.package_identification:_identify(screenshots) by extension 'ignore'
[1.620s] Level 1:colcon.colcon_core.package_identification:_identify(screenshots) by extension 'ignore_ament_install'
[1.620s] Level 1:colcon.colcon_core.package_identification:_identify(screenshots) by extensions ['colcon_pkg']
[1.621s] Level 1:colcon.colcon_core.package_identification:_identify(screenshots) by extension 'colcon_pkg'
[1.621s] Level 1:colcon.colcon_core.package_identification:_identify(screenshots) by extensions ['colcon_meta']
[1.621s] Level 1:colcon.colcon_core.package_identification:_identify(screenshots) by extension 'colcon_meta'
[1.621s] Level 1:colcon.colcon_core.package_identification:_identify(screenshots) by extensions ['ros']
[1.621s] Level 1:colcon.colcon_core.package_identification:_identify(screenshots) by extension 'ros'
[1.621s] Level 1:colcon.colcon_core.package_identification:_identify(screenshots) by extensions ['cmake', 'python']
[1.621s] Level 1:colcon.colcon_core.package_identification:_identify(screenshots) by extension 'cmake'
[1.621s] Level 1:colcon.colcon_core.package_identification:_identify(screenshots) by extension 'python'
[1.621s] Level 1:colcon.colcon_core.package_identification:_identify(screenshots) by extensions ['python_setup_py']
[1.621s] Level 1:colcon.colcon_core.package_identification:_identify(screenshots) by extension 'python_setup_py'
[1.623s] Level 1:colcon.colcon_core.package_identification:_identify(scripts) by extensions ['ignore', 'ignore_ament_install']
[1.624s] Level 1:colcon.colcon_core.package_identification:_identify(scripts) by extension 'ignore'
[1.624s] Level 1:colcon.colcon_core.package_identification:_identify(scripts) by extension 'ignore_ament_install'
[1.624s] Level 1:colcon.colcon_core.package_identification:_identify(scripts) by extensions ['colcon_pkg']
[1.624s] Level 1:colcon.colcon_core.package_identification:_identify(scripts) by extension 'colcon_pkg'
[1.624s] Level 1:colcon.colcon_core.package_identification:_identify(scripts) by extensions ['colcon_meta']
[1.624s] Level 1:colcon.colcon_core.package_identification:_identify(scripts) by extension 'colcon_meta'
[1.624s] Level 1:colcon.colcon_core.package_identification:_identify(scripts) by extensions ['ros']
[1.624s] Level 1:colcon.colcon_core.package_identification:_identify(scripts) by extension 'ros'
[1.624s] Level 1:colcon.colcon_core.package_identification:_identify(scripts) by extensions ['cmake', 'python']
[1.624s] Level 1:colcon.colcon_core.package_identification:_identify(scripts) by extension 'cmake'
[1.624s] Level 1:colcon.colcon_core.package_identification:_identify(scripts) by extension 'python'
[1.624s] Level 1:colcon.colcon_core.package_identification:_identify(scripts) by extensions ['python_setup_py']
[1.624s] Level 1:colcon.colcon_core.package_identification:_identify(scripts) by extension 'python_setup_py'
[1.625s] Level 1:colcon.colcon_core.package_identification:_identify(src) by extensions ['ignore', 'ignore_ament_install']
[1.625s] Level 1:colcon.colcon_core.package_identification:_identify(src) by extension 'ignore'
[1.625s] Level 1:colcon.colcon_core.package_identification:_identify(src) by extension 'ignore_ament_install'
[1.626s] Level 1:colcon.colcon_core.package_identification:_identify(src) by extensions ['colcon_pkg']
[1.626s] Level 1:colcon.colcon_core.package_identification:_identify(src) by extension 'colcon_pkg'
[1.626s] Level 1:colcon.colcon_core.package_identification:_identify(src) by extensions ['colcon_meta']
[1.626s] Level 1:colcon.colcon_core.package_identification:_identify(src) by extension 'colcon_meta'
[1.626s] Level 1:colcon.colcon_core.package_identification:_identify(src) by extensions ['ros']
[1.626s] Level 1:colcon.colcon_core.package_identification:_identify(src) by extension 'ros'
[1.626s] Level 1:colcon.colcon_core.package_identification:_identify(src) by extensions ['cmake', 'python']
[1.626s] Level 1:colcon.colcon_core.package_identification:_identify(src) by extension 'cmake'
[1.626s] Level 1:colcon.colcon_core.package_identification:_identify(src) by extension 'python'
[1.626s] Level 1:colcon.colcon_core.package_identification:_identify(src) by extensions ['python_setup_py']
[1.626s] Level 1:colcon.colcon_core.package_identification:_identify(src) by extension 'python_setup_py'
[1.628s] Level 1:colcon.colcon_core.package_identification:_identify(src/navigrid_bringup) by extensions ['ignore', 'ignore_ament_install']
[1.628s] Level 1:colcon.colcon_core.package_identification:_identify(src/navigrid_bringup) by extension 'ignore'
[1.628s] Level 1:colcon.colcon_core.package_identification:_identify(src/navigrid_bringup) by extension 'ignore_ament_install'
[1.628s] Level 1:colcon.colcon_core.package_identification:_identify(src/navigrid_bringup) by extensions ['colcon_pkg']
[1.629s] Level 1:colcon.colcon_core.package_identification:_identify(src/navigrid_bringup) by extension 'colcon_pkg'
[1.629s] Level 1:colcon.colcon_core.package_identification:_identify(src/navigrid_bringup) by extensions ['colcon_meta']
[1.629s] Level 1:colcon.colcon_core.package_identification:_identify(src/navigrid_bringup) by extension 'colcon_meta'
[1.629s] Level 1:colcon.colcon_core.package_identification:_identify(src/navigrid_bringup) by extensions ['ros']
[1.629s] Level 1:colcon.colcon_core.package_identification:_identify(src/navigrid_bringup) by extension 'ros'
[1.648s] DEBUG:colcon.colcon_core.package_identification:Package 'src/navigrid_bringup' with type 'ros.ament_python' and name 'navigrid_bringup'
[1.649s] Level 1:colcon.colcon_core.package_identification:_identify(src/navigrid_description) by extensions ['ignore', 'ignore_ament_install']
[1.649s] Level 1:colcon.colcon_core.package_identification:_identify(src/navigrid_description) by extension 'ignore'
[1.649s] Level 1:colcon.colcon_core.package_identification:_identify(src/navigrid_description) by extension 'ignore_ament_install'
[1.649s] Level 1:colcon.colcon_core.package_identification:_identify(src/navigrid_description) by extensions ['colcon_pkg']
[1.649s] Level 1:colcon.colcon_core.package_identification:_identify(src/navigrid_description) by extension 'colcon_pkg'
[1.649s] Level 1:colcon.colcon_core.package_identification:_identify(src/navigrid_description) by extensions ['colcon_meta']
[1.649s] Level 1:colcon.colcon_core.package_identification:_identify(src/navigrid_description) by extension 'colcon_meta'
[1.649s] Level 1:colcon.colcon_core.package_identification:_identify(src/navigrid_description) by extensions ['ros']
[1.649s] Level 1:colcon.colcon_core.package_identification:_identify(src/navigrid_description) by extension 'ros'
[1.652s] DEBUG:colcon.colcon_core.package_identification:Package 'src/navigrid_description' with type 'ros.ament_python' and name 'navigrid_description'
[1.652s] Level 1:colcon.colcon_core.package_identification:_identify(src/navigrid_navigation) by extensions ['ignore', 'ignore_ament_install']
[1.652s] Level 1:colcon.colcon_core.package_identification:_identify(src/navigrid_navigation) by extension 'ignore'
[1.652s] Level 1:colcon.colcon_core.package_identification:_identify(src/navigrid_navigation) by extension 'ignore_ament_install'
[1.653s] Level 1:colcon.colcon_core.package_identification:_identify(src/navigrid_navigation) by extensions ['colcon_pkg']
[1.653s] Level 1:colcon.colcon_core.package_identification:_identify(src/navigrid_navigation) by extension 'colcon_pkg'
[1.653s] Level 1:colcon.colcon_core.package_identification:_identify(src/navigrid_navigation) by extensions ['colcon_meta']
[1.654s] Level 1:colcon.colcon_core.package_identification:_identify(src/navigrid_navigation) by extension 'colcon_meta'
[1.654s] Level 1:colcon.colcon_core.package_identification:_identify(src/navigrid_navigation) by extensions ['ros']
[1.654s] Level 1:colcon.colcon_core.package_identification:_identify(src/navigrid_navigation) by extension 'ros'
[1.656s] DEBUG:colcon.colcon_core.package_identification:Package 'src/navigrid_navigation' with type 'ros.ament_python' and name 'navigrid_navigation'
[1.659s] Level 1:colcon.colcon_core.package_identification:_identify(src/navigrid_planner) by extensions ['ignore', 'ignore_ament_install']
[1.659s] Level 1:colcon.colcon_core.package_identification:_identify(src/navigrid_planner) by extension 'ignore'
[1.660s] Level 1:colcon.colcon_core.package_identification:_identify(src/navigrid_planner) by extension 'ignore_ament_install'
[1.660s] Level 1:colcon.colcon_core.package_identification:_identify(src/navigrid_planner) by extensions ['colcon_pkg']
[1.660s] Level 1:colcon.colcon_core.package_identification:_identify(src/navigrid_planner) by extension 'colcon_pkg'
[1.660s] Level 1:colcon.colcon_core.package_identification:_identify(src/navigrid_planner) by extensions ['colcon_meta']
[1.660s] Level 1:colcon.colcon_core.package_identification:_identify(src/navigrid_planner) by extension 'colcon_meta'
[1.661s] Level 1:colcon.colcon_core.package_identification:_identify(src/navigrid_planner) by extensions ['ros']
[1.661s] Level 1:colcon.colcon_core.package_identification:_identify(src/navigrid_planner) by extension 'ros'
[1.662s] DEBUG:colcon.colcon_core.package_identification:Package 'src/navigrid_planner' with type 'ros.ament_python' and name 'navigrid_planner'
[1.664s] Level 1:colcon.colcon_core.package_identification:_identify(src/navigrid_safety) by extensions ['ignore', 'ignore_ament_install']
[1.664s] Level 1:colcon.colcon_core.package_identification:_identify(src/navigrid_safety) by extension 'ignore'
[1.664s] Level 1:colcon.colcon_core.package_identification:_identify(src/navigrid_safety) by extension 'ignore_ament_install'
[1.664s] Level 1:colcon.colcon_core.package_identification:_identify(src/navigrid_safety) by extensions ['colcon_pkg']
[1.664s] Level 1:colcon.colcon_core.package_identification:_identify(src/navigrid_safety) by extension 'colcon_pkg'
[1.664s] Level 1:colcon.colcon_core.package_identification:_identify(src/navigrid_safety) by extensions ['colcon_meta']
[1.664s] Level 1:colcon.colcon_core.package_identification:_identify(src/navigrid_safety) by extension 'colcon_meta'
[1.665s] Level 1:colcon.colcon_core.package_identification:_identify(src/navigrid_safety) by extensions ['ros']
[1.665s] Level 1:colcon.colcon_core.package_identification:_identify(src/navigrid_safety) by extension 'ros'
[1.666s] DEBUG:colcon.colcon_core.package_identification:Package 'src/navigrid_safety' with type 'ros.ament_python' and name 'navigrid_safety'
[1.668s] Level 1:colcon.colcon_core.package_identification:_identify(src/navigrid_world) by extensions ['ignore', 'ignore_ament_install']
[1.668s] Level 1:colcon.colcon_core.package_identification:_identify(src/navigrid_world) by extension 'ignore'
[1.668s] Level 1:colcon.colcon_core.package_identification:_identify(src/navigrid_world) by extension 'ignore_ament_install'
[1.668s] Level 1:colcon.colcon_core.package_identification:_identify(src/navigrid_world) by extensions ['colcon_pkg']
[1.668s] Level 1:colcon.colcon_core.package_identification:_identify(src/navigrid_world) by extension 'colcon_pkg'
[1.669s] Level 1:colcon.colcon_core.package_identification:_identify(src/navigrid_world) by extensions ['colcon_meta']
[1.669s] Level 1:colcon.colcon_core.package_identification:_identify(src/navigrid_world) by extension 'colcon_meta'
[1.669s] Level 1:colcon.colcon_core.package_identification:_identify(src/navigrid_world) by extensions ['ros']
[1.669s] Level 1:colcon.colcon_core.package_identification:_identify(src/navigrid_world) by extension 'ros'
[1.670s] DEBUG:colcon.colcon_core.package_identification:Package 'src/navigrid_world' with type 'ros.ament_python' and name 'navigrid_world'
[1.673s] Level 1:colcon.colcon_core.package_identification:_identify(worlds) by extensions ['ignore', 'ignore_ament_install']
[1.673s] Level 1:colcon.colcon_core.package_identification:_identify(worlds) by extension 'ignore'
[1.673s] Level 1:colcon.colcon_core.package_identification:_identify(worlds) by extension 'ignore_ament_install'
[1.673s] Level 1:colcon.colcon_core.package_identification:_identify(worlds) by extensions ['colcon_pkg']
[1.674s] Level 1:colcon.colcon_core.package_identification:_identify(worlds) by extension 'colcon_pkg'
[1.674s] Level 1:colcon.colcon_core.package_identification:_identify(worlds) by extensions ['colcon_meta']
[1.674s] Level 1:colcon.colcon_core.package_identification:_identify(worlds) by extension 'colcon_meta'
[1.674s] Level 1:colcon.colcon_core.package_identification:_identify(worlds) by extensions ['ros']
[1.674s] Level 1:colcon.colcon_core.package_identification:_identify(worlds) by extension 'ros'
[1.674s] Level 1:colcon.colcon_core.package_identification:_identify(worlds) by extensions ['cmake', 'python']
[1.674s] Level 1:colcon.colcon_core.package_identification:_identify(worlds) by extension 'cmake'
[1.675s] Level 1:colcon.colcon_core.package_identification:_identify(worlds) by extension 'python'
[1.675s] Level 1:colcon.colcon_core.package_identification:_identify(worlds) by extensions ['python_setup_py']
[1.675s] Level 1:colcon.colcon_core.package_identification:_identify(worlds) by extension 'python_setup_py'
[1.676s] Level 1:colcon.colcon_core.package_discovery:discover_packages(recursive) using defaults
[1.676s] Level 1:colcon.colcon_core.package_discovery:discover_packages(ignore) discover
[1.676s] Level 1:colcon.colcon_core.package_discovery:discover_packages(ignore) using defaults
[1.676s] Level 1:colcon.colcon_core.package_discovery:discover_packages(path) discover
[1.676s] Level 1:colcon.colcon_core.package_discovery:discover_packages(path) using defaults
[1.797s] Level 5:colcon.colcon_core.verb:set package 'navigrid_bringup' build argument 'cmake_args' from command line to 'None'
[1.797s] Level 5:colcon.colcon_core.verb:set package 'navigrid_bringup' build argument 'cmake_target' from command line to 'None'
[1.797s] Level 5:colcon.colcon_core.verb:set package 'navigrid_bringup' build argument 'cmake_target_skip_unavailable' from command line to 'False'
[1.797s] Level 5:colcon.colcon_core.verb:set package 'navigrid_bringup' build argument 'cmake_clean_cache' from command line to 'False'
[1.798s] Level 5:colcon.colcon_core.verb:set package 'navigrid_bringup' build argument 'cmake_clean_first' from command line to 'False'
[1.798s] Level 5:colcon.colcon_core.verb:set package 'navigrid_bringup' build argument 'cmake_force_configure' from command line to 'False'
[1.798s] Level 5:colcon.colcon_core.verb:set package 'navigrid_bringup' build argument 'ament_cmake_args' from command line to 'None'
[1.798s] Level 5:colcon.colcon_core.verb:set package 'navigrid_bringup' build argument 'catkin_cmake_args' from command line to 'None'
[1.798s] Level 5:colcon.colcon_core.verb:set package 'navigrid_bringup' build argument 'catkin_skip_building_tests' from command line to 'False'
[1.798s] DEBUG:colcon.colcon_core.verb:Building package 'navigrid_bringup' with the following arguments: {'ament_cmake_args': None, 'build_base': '/home/navab/robot-simulation/build/navigrid_bringup', 'catkin_cmake_args': None, 'catkin_skip_building_tests': False, 'cmake_args': None, 'cmake_clean_cache': False, 'cmake_clean_first': False, 'cmake_force_configure': False, 'cmake_target': None, 'cmake_target_skip_unavailable': False, 'install_base': '/home/navab/robot-simulation/install/navigrid_bringup', 'merge_install': False, 'path': '/home/navab/robot-simulation/src/navigrid_bringup', 'symlink_install': True, 'test_result_base': None}
[1.798s] Level 5:colcon.colcon_core.verb:set package 'navigrid_description' build argument 'cmake_args' from command line to 'None'
[1.799s] Level 5:colcon.colcon_core.verb:set package 'navigrid_description' build argument 'cmake_target' from command line to 'None'
[1.799s] Level 5:colcon.colcon_core.verb:set package 'navigrid_description' build argument 'cmake_target_skip_unavailable' from command line to 'False'
[1.799s] Level 5:colcon.colcon_core.verb:set package 'navigrid_description' build argument 'cmake_clean_cache' from command line to 'False'
[1.799s] Level 5:colcon.colcon_core.verb:set package 'navigrid_description' build argument 'cmake_clean_first' from command line to 'False'
[1.799s] Level 5:colcon.colcon_core.verb:set package 'navigrid_description' build argument 'cmake_force_configure' from command line to 'False'
[1.799s] Level 5:colcon.colcon_core.verb:set package 'navigrid_description' build argument 'ament_cmake_args' from command line to 'None'
[1.799s] Level 5:colcon.colcon_core.verb:set package 'navigrid_description' build argument 'catkin_cmake_args' from command line to 'None'
[1.799s] Level 5:colcon.colcon_core.verb:set package 'navigrid_description' build argument 'catkin_skip_building_tests' from command line to 'False'
[1.799s] DEBUG:colcon.colcon_core.verb:Building package 'navigrid_description' with the following arguments: {'ament_cmake_args': None, 'build_base': '/home/navab/robot-simulation/build/navigrid_description', 'catkin_cmake_args': None, 'catkin_skip_building_tests': False, 'cmake_args': None, 'cmake_clean_cache': False, 'cmake_clean_first': False, 'cmake_force_configure': False, 'cmake_target': None, 'cmake_target_skip_unavailable': False, 'install_base': '/home/navab/robot-simulation/install/navigrid_description', 'merge_install': False, 'path': '/home/navab/robot-simulation/src/navigrid_description', 'symlink_install': True, 'test_result_base': None}
[1.799s] Level 5:colcon.colcon_core.verb:set package 'navigrid_navigation' build argument 'cmake_args' from command line to 'None'
[1.800s] Level 5:colcon.colcon_core.verb:set package 'navigrid_navigation' build argument 'cmake_target' from command line to 'None'
[1.800s] Level 5:colcon.colcon_core.verb:set package 'navigrid_navigation' build argument 'cmake_target_skip_unavailable' from command line to 'False'
[1.800s] Level 5:colcon.colcon_core.verb:set package 'navigrid_navigation' build argument 'cmake_clean_cache' from command line to 'False'
[1.800s] Level 5:colcon.colcon_core.verb:set package 'navigrid_navigation' build argument 'cmake_clean_first' from command line to 'False'
[1.800s] Level 5:colcon.colcon_core.verb:set package 'navigrid_navigation' build argument 'cmake_force_configure' from command line to 'False'
[1.800s] Level 5:colcon.colcon_core.verb:set package 'navigrid_navigation' build argument 'ament_cmake_args' from command line to 'None'
[1.800s] Level 5:colcon.colcon_core.verb:set package 'navigrid_navigation' build argument 'catkin_cmake_args' from command line to 'None'
[1.800s] Level 5:colcon.colcon_core.verb:set package 'navigrid_navigation' build argument 'catkin_skip_building_tests' from command line to 'False'
[1.800s] DEBUG:colcon.colcon_core.verb:Building package 'navigrid_navigation' with the following arguments: {'ament_cmake_args': None, 'build_base': '/home/navab/robot-simulation/build/navigrid_navigation', 'catkin_cmake_args': None, 'catkin_skip_building_tests': False, 'cmake_args': None, 'cmake_clean_cache': False, 'cmake_clean_first': False, 'cmake_force_configure': False, 'cmake_target': None, 'cmake_target_skip_unavailable': False, 'install_base': '/home/navab/robot-simulation/install/navigrid_navigation', 'merge_install': False, 'path': '/home/navab/robot-simulation/src/navigrid_navigation', 'symlink_install': True, 'test_result_base': None}
[1.800s] Level 5:colcon.colcon_core.verb:set package 'navigrid_planner' build argument 'cmake_args' from command line to 'None'
[1.801s] Level 5:colcon.colcon_core.verb:set package 'navigrid_planner' build argument 'cmake_target' from command line to 'None'
[1.801s] Level 5:colcon.colcon_core.verb:set package 'navigrid_planner' build argument 'cmake_target_skip_unavailable' from command line to 'False'
[1.801s] Level 5:colcon.colcon_core.verb:set package 'navigrid_planner' build argument 'cmake_clean_cache' from command line to 'False'
[1.801s] Level 5:colcon.colcon_core.verb:set package 'navigrid_planner' build argument 'cmake_clean_first' from command line to 'False'
[1.801s] Level 5:colcon.colcon_core.verb:set package 'navigrid_planner' build argument 'cmake_force_configure' from command line to 'False'
[1.801s] Level 5:colcon.colcon_core.verb:set package 'navigrid_planner' build argument 'ament_cmake_args' from command line to 'None'
[1.801s] Level 5:colcon.colcon_core.verb:set package 'navigrid_planner' build argument 'catkin_cmake_args' from command line to 'None'
[1.801s] Level 5:colcon.colcon_core.verb:set package 'navigrid_planner' build argument 'catkin_skip_building_tests' from command line to 'False'
[1.801s] DEBUG:colcon.colcon_core.verb:Building package 'navigrid_planner' with the following arguments: {'ament_cmake_args': None, 'build_base': '/home/navab/robot-simulation/build/navigrid_planner', 'catkin_cmake_args': None, 'catkin_skip_building_tests': False, 'cmake_args': None, 'cmake_clean_cache': False, 'cmake_clean_first': False, 'cmake_force_configure': False, 'cmake_target': None, 'cmake_target_skip_unavailable': False, 'install_base': '/home/navab/robot-simulation/install/navigrid_planner', 'merge_install': False, 'path': '/home/navab/robot-simulation/src/navigrid_planner', 'symlink_install': True, 'test_result_base': None}
[1.801s] Level 5:colcon.colcon_core.verb:set package 'navigrid_safety' build argument 'cmake_args' from command line to 'None'
[1.801s] Level 5:colcon.colcon_core.verb:set package 'navigrid_safety' build argument 'cmake_target' from command line to 'None'
[1.802s] Level 5:colcon.colcon_core.verb:set package 'navigrid_safety' build argument 'cmake_target_skip_unavailable' from command line to 'False'
[1.802s] Level 5:colcon.colcon_core.verb:set package 'navigrid_safety' build argument 'cmake_clean_cache' from command line to 'False'
[1.802s] Level 5:colcon.colcon_core.verb:set package 'navigrid_safety' build argument 'cmake_clean_first' from command line to 'False'
[1.802s] Level 5:colcon.colcon_core.verb:set package 'navigrid_safety' build argument 'cmake_force_configure' from command line to 'False'
[1.802s] Level 5:colcon.colcon_core.verb:set package 'navigrid_safety' build argument 'ament_cmake_args' from command line to 'None'
[1.802s] Level 5:colcon.colcon_core.verb:set package 'navigrid_safety' build argument 'catkin_cmake_args' from command line to 'None'
[1.802s] Level 5:colcon.colcon_core.verb:set package 'navigrid_safety' build argument 'catkin_skip_building_tests' from command line to 'False'
[1.802s] DEBUG:colcon.colcon_core.verb:Building package 'navigrid_safety' with the following arguments: {'ament_cmake_args': None, 'build_base': '/home/navab/robot-simulation/build/navigrid_safety', 'catkin_cmake_args': None, 'catkin_skip_building_tests': False, 'cmake_args': None, 'cmake_clean_cache': False, 'cmake_clean_first': False, 'cmake_force_configure': False, 'cmake_target': None, 'cmake_target_skip_unavailable': False, 'install_base': '/home/navab/robot-simulation/install/navigrid_safety', 'merge_install': False, 'path': '/home/navab/robot-simulation/src/navigrid_safety', 'symlink_install': True, 'test_result_base': None}
[1.802s] Level 5:colcon.colcon_core.verb:set package 'navigrid_world' build argument 'cmake_args' from command line to 'None'
[1.802s] Level 5:colcon.colcon_core.verb:set package 'navigrid_world' build argument 'cmake_target' from command line to 'None'
[1.802s] Level 5:colcon.colcon_core.verb:set package 'navigrid_world' build argument 'cmake_target_skip_unavailable' from command line to 'False'
[1.802s] Level 5:colcon.colcon_core.verb:set package 'navigrid_world' build argument 'cmake_clean_cache' from command line to 'False'
[1.802s] Level 5:colcon.colcon_core.verb:set package 'navigrid_world' build argument 'cmake_clean_first' from command line to 'False'
[1.802s] Level 5:colcon.colcon_core.verb:set package 'navigrid_world' build argument 'cmake_force_configure' from command line to 'False'
[1.802s] Level 5:colcon.colcon_core.verb:set package 'navigrid_world' build argument 'ament_cmake_args' from command line to 'None'
[1.802s] Level 5:colcon.colcon_core.verb:set package 'navigrid_world' build argument 'catkin_cmake_args' from command line to 'None'
[1.802s] Level 5:colcon.colcon_core.verb:set package 'navigrid_world' build argument 'catkin_skip_building_tests' from command line to 'False'
[1.802s] DEBUG:colcon.colcon_core.verb:Building package 'navigrid_world' with the following arguments: {'ament_cmake_args': None, 'build_base': '/home/navab/robot-simulation/build/navigrid_world', 'catkin_cmake_args': None, 'catkin_skip_building_tests': False, 'cmake_args': None, 'cmake_clean_cache': False, 'cmake_clean_first': False, 'cmake_force_configure': False, 'cmake_target': None, 'cmake_target_skip_unavailable': False, 'install_base': '/home/navab/robot-simulation/install/navigrid_world', 'merge_install': False, 'path': '/home/navab/robot-simulation/src/navigrid_world', 'symlink_install': True, 'test_result_base': None}
[1.802s] INFO:colcon.colcon_core.executor:Executing jobs using 'parallel' executor
[1.806s] DEBUG:colcon.colcon_parallel_executor.executor.parallel:run_until_complete
[1.806s] INFO:colcon.colcon_ros.task.ament_python.build:Building ROS package in '/home/navab/robot-simulation/src/navigrid_bringup' with build type 'ament_python'
[1.807s] Level 1:colcon.colcon_core.shell:create_environment_hook('navigrid_bringup', 'ament_prefix_path')
[1.823s] INFO:colcon.colcon_core.plugin_system:Skipping extension 'colcon_core.shell.bat': Not used on non-Windows systems
[1.823s] INFO:colcon.colcon_core.shell:Creating environment descriptor '/home/navab/robot-simulation/install/navigrid_bringup/share/navigrid_bringup/hook/ament_prefix_path.dsv'
[1.833s] INFO:colcon.colcon_core.shell:Creating environment hook '/home/navab/robot-simulation/install/navigrid_bringup/share/navigrid_bringup/hook/ament_prefix_path.sh'
[1.835s] DEBUG:colcon.colcon_core.shell:Skip shell extension 'dsv' for command environment
[1.863s] INFO:colcon.colcon_ros.task.ament_python.build:Building ROS package in '/home/navab/robot-simulation/src/navigrid_description' with build type 'ament_python'
[1.864s] Level 1:colcon.colcon_core.shell:create_environment_hook('navigrid_description', 'ament_prefix_path')
[1.864s] INFO:colcon.colcon_core.shell:Creating environment descriptor '/home/navab/robot-simulation/install/navigrid_description/share/navigrid_description/hook/ament_prefix_path.dsv'
[1.870s] INFO:colcon.colcon_core.shell:Creating environment hook '/home/navab/robot-simulation/install/navigrid_description/share/navigrid_description/hook/ament_prefix_path.sh'
[1.873s] DEBUG:colcon.colcon_core.shell:Skip shell extension 'dsv' for command environment
[1.898s] INFO:colcon.colcon_ros.task.ament_python.build:Building ROS package in '/home/navab/robot-simulation/src/navigrid_navigation' with build type 'ament_python'
[1.898s] Level 1:colcon.colcon_core.shell:create_environment_hook('navigrid_navigation', 'ament_prefix_path')
[1.899s] INFO:colcon.colcon_core.shell:Creating environment descriptor '/home/navab/robot-simulation/install/navigrid_navigation/share/navigrid_navigation/hook/ament_prefix_path.dsv'
[1.908s] INFO:colcon.colcon_core.shell:Creating environment hook '/home/navab/robot-simulation/install/navigrid_navigation/share/navigrid_navigation/hook/ament_prefix_path.sh'
[1.918s] DEBUG:colcon.colcon_core.shell:Skip shell extension 'dsv' for command environment
[1.932s] INFO:colcon.colcon_ros.task.ament_python.build:Building ROS package in '/home/navab/robot-simulation/src/navigrid_planner' with build type 'ament_python'
[1.932s] Level 1:colcon.colcon_core.shell:create_environment_hook('navigrid_planner', 'ament_prefix_path')
[1.933s] INFO:colcon.colcon_core.shell:Creating environment descriptor '/home/navab/robot-simulation/install/navigrid_planner/share/navigrid_planner/hook/ament_prefix_path.dsv'
[1.935s] INFO:colcon.colcon_core.shell:Creating environment hook '/home/navab/robot-simulation/install/navigrid_planner/share/navigrid_planner/hook/ament_prefix_path.sh'
[1.937s] DEBUG:colcon.colcon_core.shell:Skip shell extension 'dsv' for command environment
[1.947s] INFO:colcon.colcon_ros.task.ament_python.build:Building ROS package in '/home/navab/robot-simulation/src/navigrid_safety' with build type 'ament_python'
[1.947s] Level 1:colcon.colcon_core.shell:create_environment_hook('navigrid_safety', 'ament_prefix_path')
[1.948s] INFO:colcon.colcon_core.shell:Creating environment descriptor '/home/navab/robot-simulation/install/navigrid_safety/share/navigrid_safety/hook/ament_prefix_path.dsv'
[1.952s] INFO:colcon.colcon_core.shell:Creating environment hook '/home/navab/robot-simulation/install/navigrid_safety/share/navigrid_safety/hook/ament_prefix_path.sh'
[1.954s] DEBUG:colcon.colcon_core.shell:Skip shell extension 'dsv' for command environment
[1.965s] INFO:colcon.colcon_ros.task.ament_python.build:Building ROS package in '/home/navab/robot-simulation/src/navigrid_world' with build type 'ament_python'
[1.965s] Level 1:colcon.colcon_core.shell:create_environment_hook('navigrid_world', 'ament_prefix_path')
[1.966s] INFO:colcon.colcon_core.shell:Creating environment descriptor '/home/navab/robot-simulation/install/navigrid_world/share/navigrid_world/hook/ament_prefix_path.dsv'
[1.970s] INFO:colcon.colcon_core.shell:Creating environment hook '/home/navab/robot-simulation/install/navigrid_world/share/navigrid_world/hook/ament_prefix_path.sh'
[1.978s] DEBUG:colcon.colcon_core.shell:Skip shell extension 'dsv' for command environment
[2.791s] INFO:colcon.colcon_core.task.python.build:Building Python package in '/home/navab/robot-simulation/src/navigrid_bringup'
[2.791s] DEBUG:colcon.colcon_core.shell:Skip shell extension 'dsv' for command environment
[3.267s] INFO:colcon.colcon_core.task.python.build:Building Python package in '/home/navab/robot-simulation/src/navigrid_description'
[3.267s] DEBUG:colcon.colcon_core.shell:Skip shell extension 'dsv' for command environment
[3.720s] INFO:colcon.colcon_core.task.python.build:Building Python package in '/home/navab/robot-simulation/src/navigrid_navigation'
[3.720s] DEBUG:colcon.colcon_core.shell:Skip shell extension 'dsv' for command environment
[4.554s] INFO:colcon.colcon_core.task.python.build:Building Python package in '/home/navab/robot-simulation/src/navigrid_planner'
[4.554s] DEBUG:colcon.colcon_core.shell:Skip shell extension 'dsv' for command environment
[5.058s] INFO:colcon.colcon_core.task.python.build:Building Python package in '/home/navab/robot-simulation/src/navigrid_safety'
[5.058s] DEBUG:colcon.colcon_core.shell:Skip shell extension 'dsv' for command environment
[5.767s] INFO:colcon.colcon_core.task.python.build:Building Python package in '/home/navab/robot-simulation/src/navigrid_world'
[5.767s] DEBUG:colcon.colcon_core.shell:Skip shell extension 'dsv' for command environment
[8.331s] DEBUG:colcon.colcon_core.task.python.build:Available setuptools commands: symlink_data, clean, extract_messages, easy_install, bdist_egg, rotate, bdist_rpm, install_egg_info, build_clib, editable_wheel, build_ext, saveopts, build_py, bdist_dumb, install, alias, register, update_catalog, install_data, install_headers, sdist, upload_docs, test, install_lib, check, develop, build_scripts, egg_info, upload, install_scripts, bdist, compile_catalog, build, init_catalog, dist_info, setopt
[8.359s] DEBUG:colcon.colcon_core.task.python.build:Available setuptools commands: symlink_data, clean, extract_messages, easy_install, bdist_egg, rotate, bdist_rpm, install_egg_info, build_clib, editable_wheel, build_ext, saveopts, build_py, bdist_dumb, install, alias, register, update_catalog, install_data, install_headers, sdist, upload_docs, test, install_lib, check, develop, build_scripts, egg_info, upload, install_scripts, bdist, compile_catalog, build, init_catalog, dist_info, setopt
[8.413s] DEBUG:colcon.colcon_core.task.python.build:Available setuptools commands: symlink_data, clean, extract_messages, easy_install, bdist_egg, rotate, bdist_rpm, install_egg_info, build_clib, editable_wheel, build_ext, saveopts, build_py, bdist_dumb, install, alias, register, update_catalog, install_data, install_headers, sdist, upload_docs, test, install_lib, check, develop, build_scripts, egg_info, upload, install_scripts, bdist, compile_catalog, build, init_catalog, dist_info, setopt
[8.574s] DEBUG:colcon.colcon_core.task.python.build:Available setuptools commands: symlink_data, clean, extract_messages, easy_install, bdist_egg, rotate, bdist_rpm, install_egg_info, build_clib, editable_wheel, build_ext, saveopts, build_py, bdist_dumb, install, alias, register, update_catalog, install_data, install_headers, sdist, upload_docs, test, install_lib, check, develop, build_scripts, egg_info, upload, install_scripts, bdist, compile_catalog, build, init_catalog, dist_info, setopt
[8.587s] DEBUG:colcon.colcon_core.task.python.build:Available setuptools commands: symlink_data, clean, extract_messages, easy_install, bdist_egg, rotate, bdist_rpm, install_egg_info, build_clib, editable_wheel, build_ext, saveopts, build_py, bdist_dumb, install, alias, register, update_catalog, install_data, install_headers, sdist, upload_docs, test, install_lib, check, develop, build_scripts, egg_info, upload, install_scripts, bdist, compile_catalog, build, init_catalog, dist_info, setopt
[8.652s] DEBUG:colcon.colcon_core.task.python.build:Available setuptools commands: symlink_data, clean, extract_messages, easy_install, bdist_egg, rotate, bdist_rpm, install_egg_info, build_clib, editable_wheel, build_ext, saveopts, build_py, bdist_dumb, install, alias, register, update_catalog, install_data, install_headers, sdist, upload_docs, test, install_lib, check, develop, build_scripts, egg_info, upload, install_scripts, bdist, compile_catalog, build, init_catalog, dist_info, setopt
[9.466s] DEBUG:colcon.colcon_core.task.python.build:Available setuptools 'develop' options: --allow-hosts, --exclude-scripts, --quiet, --egg-path, --install-dir, --record, --find-links, --build-directory, --help, --zip-ok, --editable, --always-unzip, --local-snapshots-ok, --index-url, --multi-version, --force-installation-into-system-dir, --uninstall, --site-dirs, --no-deps, --verbose, --version, --script-dir, --optimize, --no-user-cfg, --install-layout, --prefix, --user, --no-find-links, --upgrade, --always-copy, --dry-run
[9.496s] DEBUG:colcon.colcon_core.event_handler.log_command:Invoking command in '/home/navab/robot-simulation/build/navigrid_description': PYTHONPATH=/home/navab/robot-simulation/build/navigrid_description/prefix_override:/usr/lib/python3/dist-packages/colcon_core/task/python/colcon_distutils_commands:/home/navab/robot-simulation/install/navigrid_description/lib/python3.12/site-packages:${PYTHONPATH} /usr/bin/python3 -W ignore:setup.py install is deprecated -W ignore:easy_install command is deprecated setup.py develop --editable --build-directory /home/navab/robot-simulation/build/navigrid_description/build --no-deps symlink_data
[9.564s] DEBUG:colcon.colcon_core.task.python.build:Available setuptools 'develop' options: --allow-hosts, --exclude-scripts, --quiet, --egg-path, --install-dir, --record, --find-links, --build-directory, --help, --zip-ok, --editable, --always-unzip, --local-snapshots-ok, --index-url, --multi-version, --force-installation-into-system-dir, --uninstall, --site-dirs, --no-deps, --verbose, --version, --script-dir, --optimize, --no-user-cfg, --install-layout, --prefix, --user, --no-find-links, --upgrade, --always-copy, --dry-run
[9.601s] DEBUG:colcon.colcon_core.event_handler.log_command:Invoking command in '/home/navab/robot-simulation/build/navigrid_planner': PYTHONPATH=/home/navab/robot-simulation/build/navigrid_planner/prefix_override:/usr/lib/python3/dist-packages/colcon_core/task/python/colcon_distutils_commands:/home/navab/robot-simulation/install/navigrid_planner/lib/python3.12/site-packages:${PYTHONPATH} /usr/bin/python3 -W ignore:setup.py install is deprecated -W ignore:easy_install command is deprecated setup.py develop --editable --build-directory /home/navab/robot-simulation/build/navigrid_planner/build --no-deps symlink_data
[9.619s] DEBUG:colcon.colcon_core.task.python.build:Available setuptools 'develop' options: --allow-hosts, --exclude-scripts, --quiet, --egg-path, --install-dir, --record, --find-links, --build-directory, --help, --zip-ok, --editable, --always-unzip, --local-snapshots-ok, --index-url, --multi-version, --force-installation-into-system-dir, --uninstall, --site-dirs, --no-deps, --verbose, --version, --script-dir, --optimize, --no-user-cfg, --install-layout, --prefix, --user, --no-find-links, --upgrade, --always-copy, --dry-run
[9.636s] DEBUG:colcon.colcon_core.event_handler.log_command:Invoking command in '/home/navab/robot-simulation/build/navigrid_safety': PYTHONPATH=/home/navab/robot-simulation/build/navigrid_safety/prefix_override:/usr/lib/python3/dist-packages/colcon_core/task/python/colcon_distutils_commands:/home/navab/robot-simulation/install/navigrid_safety/lib/python3.12/site-packages:${PYTHONPATH} /usr/bin/python3 -W ignore:setup.py install is deprecated -W ignore:easy_install command is deprecated setup.py develop --editable --build-directory /home/navab/robot-simulation/build/navigrid_safety/build --no-deps symlink_data
[9.665s] DEBUG:colcon.colcon_core.task.python.build:Available setuptools 'develop' options: --allow-hosts, --exclude-scripts, --quiet, --egg-path, --install-dir, --record, --find-links, --build-directory, --help, --zip-ok, --editable, --always-unzip, --local-snapshots-ok, --index-url, --multi-version, --force-installation-into-system-dir, --uninstall, --site-dirs, --no-deps, --verbose, --version, --script-dir, --optimize, --no-user-cfg, --install-layout, --prefix, --user, --no-find-links, --upgrade, --always-copy, --dry-run
[9.685s] DEBUG:colcon.colcon_core.event_handler.log_command:Invoking command in '/home/navab/robot-simulation/build/navigrid_navigation': PYTHONPATH=/home/navab/robot-simulation/build/navigrid_navigation/prefix_override:/usr/lib/python3/dist-packages/colcon_core/task/python/colcon_distutils_commands:/home/navab/robot-simulation/install/navigrid_navigation/lib/python3.12/site-packages:${PYTHONPATH} /usr/bin/python3 -W ignore:setup.py install is deprecated -W ignore:easy_install command is deprecated setup.py develop --editable --build-directory /home/navab/robot-simulation/build/navigrid_navigation/build --no-deps symlink_data
[9.932s] DEBUG:colcon.colcon_core.task.python.build:Available setuptools 'develop' options: --allow-hosts, --exclude-scripts, --quiet, --egg-path, --install-dir, --record, --find-links, --build-directory, --help, --zip-ok, --editable, --always-unzip, --local-snapshots-ok, --index-url, --multi-version, --force-installation-into-system-dir, --uninstall, --site-dirs, --no-deps, --verbose, --version, --script-dir, --optimize, --no-user-cfg, --install-layout, --prefix, --user, --no-find-links, --upgrade, --always-copy, --dry-run
[10.032s] DEBUG:colcon.colcon_core.event_handler.log_command:Invoking command in '/home/navab/robot-simulation/build/navigrid_bringup': PYTHONPATH=/home/navab/robot-simulation/build/navigrid_bringup/prefix_override:/usr/lib/python3/dist-packages/colcon_core/task/python/colcon_distutils_commands:/home/navab/robot-simulation/install/navigrid_bringup/lib/python3.12/site-packages:${PYTHONPATH} /usr/bin/python3 -W ignore:setup.py install is deprecated -W ignore:easy_install command is deprecated setup.py develop --editable --build-directory /home/navab/robot-simulation/build/navigrid_bringup/build --no-deps symlink_data
[10.230s] DEBUG:colcon.colcon_core.task.python.build:Available setuptools 'develop' options: --allow-hosts, --exclude-scripts, --quiet, --egg-path, --install-dir, --record, --find-links, --build-directory, --help, --zip-ok, --editable, --always-unzip, --local-snapshots-ok, --index-url, --multi-version, --force-installation-into-system-dir, --uninstall, --site-dirs, --no-deps, --verbose, --version, --script-dir, --optimize, --no-user-cfg, --install-layout, --prefix, --user, --no-find-links, --upgrade, --always-copy, --dry-run
[10.287s] DEBUG:colcon.colcon_core.event_handler.log_command:Invoking command in '/home/navab/robot-simulation/build/navigrid_world': PYTHONPATH=/home/navab/robot-simulation/build/navigrid_world/prefix_override:/usr/lib/python3/dist-packages/colcon_core/task/python/colcon_distutils_commands:/home/navab/robot-simulation/install/navigrid_world/lib/python3.12/site-packages:${PYTHONPATH} /usr/bin/python3 -W ignore:setup.py install is deprecated -W ignore:easy_install command is deprecated setup.py develop --editable --build-directory /home/navab/robot-simulation/build/navigrid_world/build --no-deps symlink_data
[12.355s] Level 1:colcon.colcon_core.shell:create_environment_hook('navigrid_safety', 'pythonpath_develop')
[12.355s] INFO:colcon.colcon_core.shell:Creating environment descriptor '/home/navab/robot-simulation/build/navigrid_safety/share/navigrid_safety/hook/pythonpath_develop.dsv'
[12.356s] DEBUG:colcon.colcon_core.event_handler.log_command:Invoked command in '/home/navab/robot-simulation/build/navigrid_safety' returned '0': PYTHONPATH=/home/navab/robot-simulation/build/navigrid_safety/prefix_override:/usr/lib/python3/dist-packages/colcon_core/task/python/colcon_distutils_commands:/home/navab/robot-simulation/install/navigrid_safety/lib/python3.12/site-packages:${PYTHONPATH} /usr/bin/python3 -W ignore:setup.py install is deprecated -W ignore:easy_install command is deprecated setup.py develop --editable --build-directory /home/navab/robot-simulation/build/navigrid_safety/build --no-deps symlink_data
[12.361s] INFO:colcon.colcon_core.shell:Creating environment hook '/home/navab/robot-simulation/build/navigrid_safety/share/navigrid_safety/hook/pythonpath_develop.sh'
[12.396s] Level 1:colcon.colcon_core.environment:checking '/home/navab/robot-simulation/install/navigrid_safety' for CMake module files
[12.398s] Level 1:colcon.colcon_core.environment:checking '/home/navab/robot-simulation/install/navigrid_safety' for CMake config files
[12.403s] Level 1:colcon.colcon_core.environment:checking '/home/navab/robot-simulation/install/navigrid_safety/lib'
[12.403s] Level 1:colcon.colcon_core.environment:checking '/home/navab/robot-simulation/install/navigrid_safety/bin'
[12.404s] Level 1:colcon.colcon_core.environment:checking '/home/navab/robot-simulation/install/navigrid_safety/lib/pkgconfig/navigrid_safety.pc'
[12.404s] Level 1:colcon.colcon_core.environment:checking '/home/navab/robot-simulation/install/navigrid_safety/lib/python3.12/site-packages'
[12.405s] Level 1:colcon.colcon_core.shell:create_environment_hook('navigrid_safety', 'pythonpath')
[12.405s] INFO:colcon.colcon_core.shell:Creating environment descriptor '/home/navab/robot-simulation/install/navigrid_safety/share/navigrid_safety/hook/pythonpath.dsv'
[12.407s] INFO:colcon.colcon_core.shell:Creating environment hook '/home/navab/robot-simulation/install/navigrid_safety/share/navigrid_safety/hook/pythonpath.sh'
[12.409s] Level 1:colcon.colcon_core.environment:checking '/home/navab/robot-simulation/install/navigrid_safety/bin'
[12.409s] Level 1:colcon.colcon_core.environment:create_environment_scripts_only(navigrid_safety)
[12.410s] INFO:colcon.colcon_core.shell:Creating package descriptor '/home/navab/robot-simulation/install/navigrid_safety/share/navigrid_safety/package.dsv'
[12.413s] INFO:colcon.colcon_core.shell:Creating package script '/home/navab/robot-simulation/install/navigrid_safety/share/navigrid_safety/package.sh'
[12.415s] INFO:colcon.colcon_core.shell:Creating package script '/home/navab/robot-simulation/install/navigrid_safety/share/navigrid_safety/package.bash'
[12.418s] INFO:colcon.colcon_core.shell:Creating package script '/home/navab/robot-simulation/install/navigrid_safety/share/navigrid_safety/package.zsh'
[12.422s] Level 1:colcon.colcon_core.environment:create_file_with_runtime_dependencies(/home/navab/robot-simulation/install/navigrid_safety/share/colcon-core/packages/navigrid_safety)
[12.426s] Level 1:colcon.colcon_core.shell:create_environment_hook('navigrid_description', 'pythonpath_develop')
[12.427s] INFO:colcon.colcon_core.shell:Creating environment descriptor '/home/navab/robot-simulation/build/navigrid_description/share/navigrid_description/hook/pythonpath_develop.dsv'
[12.431s] INFO:colcon.colcon_core.shell:Creating environment hook '/home/navab/robot-simulation/build/navigrid_description/share/navigrid_description/hook/pythonpath_develop.sh'
[12.432s] DEBUG:colcon.colcon_core.event_handler.log_command:Invoked command in '/home/navab/robot-simulation/build/navigrid_description' returned '0': PYTHONPATH=/home/navab/robot-simulation/build/navigrid_description/prefix_override:/usr/lib/python3/dist-packages/colcon_core/task/python/colcon_distutils_commands:/home/navab/robot-simulation/install/navigrid_description/lib/python3.12/site-packages:${PYTHONPATH} /usr/bin/python3 -W ignore:setup.py install is deprecated -W ignore:easy_install command is deprecated setup.py develop --editable --build-directory /home/navab/robot-simulation/build/navigrid_description/build --no-deps symlink_data
[12.436s] Level 1:colcon.colcon_core.environment:checking '/home/navab/robot-simulation/install/navigrid_description' for CMake module files
[12.438s] Level 1:colcon.colcon_core.environment:checking '/home/navab/robot-simulation/install/navigrid_description' for CMake config files
[12.446s] Level 1:colcon.colcon_core.environment:checking '/home/navab/robot-simulation/install/navigrid_description/lib'
[12.446s] Level 1:colcon.colcon_core.environment:checking '/home/navab/robot-simulation/install/navigrid_description/bin'
[12.446s] Level 1:colcon.colcon_core.environment:checking '/home/navab/robot-simulation/install/navigrid_description/lib/pkgconfig/navigrid_description.pc'
[12.447s] Level 1:colcon.colcon_core.environment:checking '/home/navab/robot-simulation/install/navigrid_description/lib/python3.12/site-packages'
[12.447s] Level 1:colcon.colcon_core.shell:create_environment_hook('navigrid_description', 'pythonpath')
[12.447s] INFO:colcon.colcon_core.shell:Creating environment descriptor '/home/navab/robot-simulation/install/navigrid_description/share/navigrid_description/hook/pythonpath.dsv'
[12.448s] INFO:colcon.colcon_core.shell:Creating environment hook '/home/navab/robot-simulation/install/navigrid_description/share/navigrid_description/hook/pythonpath.sh'
[12.450s] Level 1:colcon.colcon_core.environment:checking '/home/navab/robot-simulation/install/navigrid_description/bin'
[12.450s] Level 1:colcon.colcon_core.environment:create_environment_scripts_only(navigrid_description)
[12.451s] INFO:colcon.colcon_core.shell:Creating package descriptor '/home/navab/robot-simulation/install/navigrid_description/share/navigrid_description/package.dsv'
[12.454s] INFO:colcon.colcon_core.shell:Creating package script '/home/navab/robot-simulation/install/navigrid_description/share/navigrid_description/package.sh'
[12.457s] INFO:colcon.colcon_core.shell:Creating package script '/home/navab/robot-simulation/install/navigrid_description/share/navigrid_description/package.bash'
[12.460s] INFO:colcon.colcon_core.shell:Creating package script '/home/navab/robot-simulation/install/navigrid_description/share/navigrid_description/package.zsh'
[12.463s] Level 1:colcon.colcon_core.environment:create_file_with_runtime_dependencies(/home/navab/robot-simulation/install/navigrid_description/share/colcon-core/packages/navigrid_description)
[12.514s] Level 1:colcon.colcon_core.shell:create_environment_hook('navigrid_planner', 'pythonpath_develop')
[12.514s] INFO:colcon.colcon_core.shell:Creating environment descriptor '/home/navab/robot-simulation/build/navigrid_planner/share/navigrid_planner/hook/pythonpath_develop.dsv'
[12.516s] INFO:colcon.colcon_core.shell:Creating environment hook '/home/navab/robot-simulation/build/navigrid_planner/share/navigrid_planner/hook/pythonpath_develop.sh'
[12.518s] DEBUG:colcon.colcon_core.event_handler.log_command:Invoked command in '/home/navab/robot-simulation/build/navigrid_planner' returned '0': PYTHONPATH=/home/navab/robot-simulation/build/navigrid_planner/prefix_override:/usr/lib/python3/dist-packages/colcon_core/task/python/colcon_distutils_commands:/home/navab/robot-simulation/install/navigrid_planner/lib/python3.12/site-packages:${PYTHONPATH} /usr/bin/python3 -W ignore:setup.py install is deprecated -W ignore:easy_install command is deprecated setup.py develop --editable --build-directory /home/navab/robot-simulation/build/navigrid_planner/build --no-deps symlink_data
[12.520s] Level 1:colcon.colcon_core.environment:checking '/home/navab/robot-simulation/install/navigrid_planner' for CMake module files
[12.526s] Level 1:colcon.colcon_core.environment:checking '/home/navab/robot-simulation/install/navigrid_planner' for CMake config files
[12.545s] Level 1:colcon.colcon_core.environment:checking '/home/navab/robot-simulation/install/navigrid_planner/lib'
[12.545s] Level 1:colcon.colcon_core.environment:checking '/home/navab/robot-simulation/install/navigrid_planner/bin'
[12.546s] Level 1:colcon.colcon_core.environment:checking '/home/navab/robot-simulation/install/navigrid_planner/lib/pkgconfig/navigrid_planner.pc'
[12.546s] Level 1:colcon.colcon_core.environment:checking '/home/navab/robot-simulation/install/navigrid_planner/lib/python3.12/site-packages'
[12.546s] Level 1:colcon.colcon_core.shell:create_environment_hook('navigrid_planner', 'pythonpath')
[12.547s] INFO:colcon.colcon_core.shell:Creating environment descriptor '/home/navab/robot-simulation/install/navigrid_planner/share/navigrid_planner/hook/pythonpath.dsv'
[12.549s] INFO:colcon.colcon_core.shell:Creating environment hook '/home/navab/robot-simulation/install/navigrid_planner/share/navigrid_planner/hook/pythonpath.sh'
[12.552s] Level 1:colcon.colcon_core.environment:checking '/home/navab/robot-simulation/install/navigrid_planner/bin'
[12.552s] Level 1:colcon.colcon_core.environment:create_environment_scripts_only(navigrid_planner)
[12.553s] INFO:colcon.colcon_core.shell:Creating package descriptor '/home/navab/robot-simulation/install/navigrid_planner/share/navigrid_planner/package.dsv'
[12.555s] INFO:colcon.colcon_core.shell:Creating package script '/home/navab/robot-simulation/install/navigrid_planner/share/navigrid_planner/package.sh'
[12.557s] INFO:colcon.colcon_core.shell:Creating package script '/home/navab/robot-simulation/install/navigrid_planner/share/navigrid_planner/package.bash'
[12.560s] INFO:colcon.colcon_core.shell:Creating package script '/home/navab/robot-simulation/install/navigrid_planner/share/navigrid_planner/package.zsh'
[12.568s] Level 1:colcon.colcon_core.environment:create_file_with_runtime_dependencies(/home/navab/robot-simulation/install/navigrid_planner/share/colcon-core/packages/navigrid_planner)
[12.612s] Level 1:colcon.colcon_core.shell:create_environment_hook('navigrid_world', 'pythonpath_develop')
[12.612s] INFO:colcon.colcon_core.shell:Creating environment descriptor '/home/navab/robot-simulation/build/navigrid_world/share/navigrid_world/hook/pythonpath_develop.dsv'
[12.614s] INFO:colcon.colcon_core.shell:Creating environment hook '/home/navab/robot-simulation/build/navigrid_world/share/navigrid_world/hook/pythonpath_develop.sh'
[12.616s] Level 1:colcon.colcon_core.environment:checking '/home/navab/robot-simulation/install/navigrid_world' for CMake module files
[12.618s] DEBUG:colcon.colcon_core.event_handler.log_command:Invoked command in '/home/navab/robot-simulation/build/navigrid_world' returned '0': PYTHONPATH=/home/navab/robot-simulation/build/navigrid_world/prefix_override:/usr/lib/python3/dist-packages/colcon_core/task/python/colcon_distutils_commands:/home/navab/robot-simulation/install/navigrid_world/lib/python3.12/site-packages:${PYTHONPATH} /usr/bin/python3 -W ignore:setup.py install is deprecated -W ignore:easy_install command is deprecated setup.py develop --editable --build-directory /home/navab/robot-simulation/build/navigrid_world/build --no-deps symlink_data
[12.620s] Level 1:colcon.colcon_core.environment:checking '/home/navab/robot-simulation/install/navigrid_world' for CMake config files
[12.625s] Level 1:colcon.colcon_core.environment:checking '/home/navab/robot-simulation/install/navigrid_world/lib'
[12.625s] Level 1:colcon.colcon_core.environment:checking '/home/navab/robot-simulation/install/navigrid_world/bin'
[12.625s] Level 1:colcon.colcon_core.environment:checking '/home/navab/robot-simulation/install/navigrid_world/lib/pkgconfig/navigrid_world.pc'
[12.626s] Level 1:colcon.colcon_core.environment:checking '/home/navab/robot-simulation/install/navigrid_world/lib/python3.12/site-packages'
[12.626s] Level 1:colcon.colcon_core.shell:create_environment_hook('navigrid_world', 'pythonpath')
[12.626s] INFO:colcon.colcon_core.shell:Creating environment descriptor '/home/navab/robot-simulation/install/navigrid_world/share/navigrid_world/hook/pythonpath.dsv'
[12.627s] INFO:colcon.colcon_core.shell:Creating environment hook '/home/navab/robot-simulation/install/navigrid_world/share/navigrid_world/hook/pythonpath.sh'
[12.629s] Level 1:colcon.colcon_core.environment:checking '/home/navab/robot-simulation/install/navigrid_world/bin'
[12.630s] Level 1:colcon.colcon_core.environment:create_environment_scripts_only(navigrid_world)
[12.630s] INFO:colcon.colcon_core.shell:Creating package descriptor '/home/navab/robot-simulation/install/navigrid_world/share/navigrid_world/package.dsv'
[12.631s] INFO:colcon.colcon_core.shell:Creating package script '/home/navab/robot-simulation/install/navigrid_world/share/navigrid_world/package.sh'
[12.632s] INFO:colcon.colcon_core.shell:Creating package script '/home/navab/robot-simulation/install/navigrid_world/share/navigrid_world/package.bash'
[12.633s] INFO:colcon.colcon_core.shell:Creating package script '/home/navab/robot-simulation/install/navigrid_world/share/navigrid_world/package.zsh'
[12.636s] Level 1:colcon.colcon_core.environment:create_file_with_runtime_dependencies(/home/navab/robot-simulation/install/navigrid_world/share/colcon-core/packages/navigrid_world)
[12.666s] Level 1:colcon.colcon_core.shell:create_environment_hook('navigrid_bringup', 'pythonpath_develop')
[12.667s] DEBUG:colcon.colcon_core.event_handler.log_command:Invoked command in '/home/navab/robot-simulation/build/navigrid_bringup' returned '0': PYTHONPATH=/home/navab/robot-simulation/build/navigrid_bringup/prefix_override:/usr/lib/python3/dist-packages/colcon_core/task/python/colcon_distutils_commands:/home/navab/robot-simulation/install/navigrid_bringup/lib/python3.12/site-packages:${PYTHONPATH} /usr/bin/python3 -W ignore:setup.py install is deprecated -W ignore:easy_install command is deprecated setup.py develop --editable --build-directory /home/navab/robot-simulation/build/navigrid_bringup/build --no-deps symlink_data
[12.668s] INFO:colcon.colcon_core.shell:Creating environment descriptor '/home/navab/robot-simulation/build/navigrid_bringup/share/navigrid_bringup/hook/pythonpath_develop.dsv'
[12.670s] INFO:colcon.colcon_core.shell:Creating environment hook '/home/navab/robot-simulation/build/navigrid_bringup/share/navigrid_bringup/hook/pythonpath_develop.sh'
[12.674s] Level 1:colcon.colcon_core.environment:checking '/home/navab/robot-simulation/install/navigrid_bringup' for CMake module files
[12.676s] Level 1:colcon.colcon_core.environment:checking '/home/navab/robot-simulation/install/navigrid_bringup' for CMake config files
[12.682s] Level 1:colcon.colcon_core.environment:checking '/home/navab/robot-simulation/install/navigrid_bringup/lib'
[12.682s] Level 1:colcon.colcon_core.environment:checking '/home/navab/robot-simulation/install/navigrid_bringup/bin'
[12.683s] Level 1:colcon.colcon_core.environment:checking '/home/navab/robot-simulation/install/navigrid_bringup/lib/pkgconfig/navigrid_bringup.pc'
[12.683s] Level 1:colcon.colcon_core.environment:checking '/home/navab/robot-simulation/install/navigrid_bringup/lib/python3.12/site-packages'
[12.683s] Level 1:colcon.colcon_core.shell:create_environment_hook('navigrid_bringup', 'pythonpath')
[12.684s] INFO:colcon.colcon_core.shell:Creating environment descriptor '/home/navab/robot-simulation/install/navigrid_bringup/share/navigrid_bringup/hook/pythonpath.dsv'
[12.687s] INFO:colcon.colcon_core.shell:Creating environment hook '/home/navab/robot-simulation/install/navigrid_bringup/share/navigrid_bringup/hook/pythonpath.sh'
[12.689s] Level 1:colcon.colcon_core.environment:checking '/home/navab/robot-simulation/install/navigrid_bringup/bin'
[12.689s] Level 1:colcon.colcon_core.environment:create_environment_scripts_only(navigrid_bringup)
[12.690s] INFO:colcon.colcon_core.shell:Creating package descriptor '/home/navab/robot-simulation/install/navigrid_bringup/share/navigrid_bringup/package.dsv'
[12.691s] INFO:colcon.colcon_core.shell:Creating package script '/home/navab/robot-simulation/install/navigrid_bringup/share/navigrid_bringup/package.sh'
[12.692s] INFO:colcon.colcon_core.shell:Creating package script '/home/navab/robot-simulation/install/navigrid_bringup/share/navigrid_bringup/package.bash'
[12.693s] INFO:colcon.colcon_core.shell:Creating package script '/home/navab/robot-simulation/install/navigrid_bringup/share/navigrid_bringup/package.zsh'
[12.693s] Level 1:colcon.colcon_core.environment:create_file_with_runtime_dependencies(/home/navab/robot-simulation/install/navigrid_bringup/share/colcon-core/packages/navigrid_bringup)
[12.697s] Level 1:colcon.colcon_core.shell:create_environment_hook('navigrid_navigation', 'pythonpath_develop')
[12.698s] INFO:colcon.colcon_core.shell:Creating environment descriptor '/home/navab/robot-simulation/build/navigrid_navigation/share/navigrid_navigation/hook/pythonpath_develop.dsv'
[12.698s] DEBUG:colcon.colcon_core.event_handler.log_command:Invoked command in '/home/navab/robot-simulation/build/navigrid_navigation' returned '0': PYTHONPATH=/home/navab/robot-simulation/build/navigrid_navigation/prefix_override:/usr/lib/python3/dist-packages/colcon_core/task/python/colcon_distutils_commands:/home/navab/robot-simulation/install/navigrid_navigation/lib/python3.12/site-packages:${PYTHONPATH} /usr/bin/python3 -W ignore:setup.py install is deprecated -W ignore:easy_install command is deprecated setup.py develop --editable --build-directory /home/navab/robot-simulation/build/navigrid_navigation/build --no-deps symlink_data
[12.700s] INFO:colcon.colcon_core.shell:Creating environment hook '/home/navab/robot-simulation/build/navigrid_navigation/share/navigrid_navigation/hook/pythonpath_develop.sh'
[12.702s] Level 1:colcon.colcon_core.environment:checking '/home/navab/robot-simulation/install/navigrid_navigation' for CMake module files
[12.703s] Level 1:colcon.colcon_core.environment:checking '/home/navab/robot-simulation/install/navigrid_navigation' for CMake config files
[12.709s] Level 1:colcon.colcon_core.environment:checking '/home/navab/robot-simulation/install/navigrid_navigation/lib'
[12.709s] Level 1:colcon.colcon_core.environment:checking '/home/navab/robot-simulation/install/navigrid_navigation/bin'
[12.709s] Level 1:colcon.colcon_core.environment:checking '/home/navab/robot-simulation/install/navigrid_navigation/lib/pkgconfig/navigrid_navigation.pc'
[12.709s] Level 1:colcon.colcon_core.environment:checking '/home/navab/robot-simulation/install/navigrid_navigation/lib/python3.12/site-packages'
[12.710s] Level 1:colcon.colcon_core.shell:create_environment_hook('navigrid_navigation', 'pythonpath')
[12.710s] INFO:colcon.colcon_core.shell:Creating environment descriptor '/home/navab/robot-simulation/install/navigrid_navigation/share/navigrid_navigation/hook/pythonpath.dsv'
[12.711s] INFO:colcon.colcon_core.shell:Creating environment hook '/home/navab/robot-simulation/install/navigrid_navigation/share/navigrid_navigation/hook/pythonpath.sh'
[12.713s] Level 1:colcon.colcon_core.environment:checking '/home/navab/robot-simulation/install/navigrid_navigation/bin'
[12.713s] Level 1:colcon.colcon_core.environment:create_environment_scripts_only(navigrid_navigation)
[12.714s] INFO:colcon.colcon_core.shell:Creating package descriptor '/home/navab/robot-simulation/install/navigrid_navigation/share/navigrid_navigation/package.dsv'
[12.715s] INFO:colcon.colcon_core.shell:Creating package script '/home/navab/robot-simulation/install/navigrid_navigation/share/navigrid_navigation/package.sh'
[12.716s] INFO:colcon.colcon_core.shell:Creating package script '/home/navab/robot-simulation/install/navigrid_navigation/share/navigrid_navigation/package.bash'
[12.717s] INFO:colcon.colcon_core.shell:Creating package script '/home/navab/robot-simulation/install/navigrid_navigation/share/navigrid_navigation/package.zsh'
[12.719s] Level 1:colcon.colcon_core.environment:create_file_with_runtime_dependencies(/home/navab/robot-simulation/install/navigrid_navigation/share/colcon-core/packages/navigrid_navigation)
[12.721s] DEBUG:colcon.colcon_parallel_executor.executor.parallel:closing loop
[12.722s] DEBUG:colcon.colcon_parallel_executor.executor.parallel:loop closed
[12.722s] DEBUG:colcon.colcon_parallel_executor.executor.parallel:run_until_complete finished with '0'
[12.722s] DEBUG:colcon.colcon_core.event_reactor:joining thread
[13.066s] INFO:colcon.colcon_core.plugin_system:Skipping extension 'colcon_notification.desktop_notification.notify_send': Could not find 'notify-send'
[13.067s] INFO:colcon.colcon_core.plugin_system:Skipping extension 'colcon_notification.desktop_notification.terminal_notifier': Not used on non-Darwin systems
[13.067s] INFO:colcon.colcon_core.plugin_system:Skipping extension 'colcon_notification.desktop_notification.win32': Not used on non-Windows systems
[13.067s] INFO:colcon.colcon_notification.desktop_notification:Sending desktop notification using 'notify2'
[13.109s] DEBUG:colcon.colcon_notification.desktop_notification.notify2:Failed to initialize notify2: org.freedesktop.DBus.Error.ServiceUnknown: The name org.freedesktop.Notifications was not provided by any .service files
[13.109s] DEBUG:colcon.colcon_core.event_reactor:joined thread
[13.110s] INFO:colcon.colcon_core.shell:Creating prefix script '/home/navab/robot-simulation/install/local_setup.sh'
[13.116s] INFO:colcon.colcon_core.shell:Creating prefix util module '/home/navab/robot-simulation/install/_local_setup_util_sh.py'
[13.123s] INFO:colcon.colcon_core.shell:Creating prefix chain script '/home/navab/robot-simulation/install/setup.sh'
[13.126s] INFO:colcon.colcon_core.shell:Creating prefix script '/home/navab/robot-simulation/install/local_setup.bash'
[13.127s] INFO:colcon.colcon_core.shell:Creating prefix chain script '/home/navab/robot-simulation/install/setup.bash'
[13.129s] INFO:colcon.colcon_core.shell:Creating prefix script '/home/navab/robot-simulation/install/local_setup.zsh'
[13.134s] INFO:colcon.colcon_core.shell:Creating prefix chain script '/home/navab/robot-simulation/install/setup.zsh'
