[0.693s] DEBUG:colcon:Command line arguments: ['/usr/bin/colcon', 'build', '--symlink-install']
[0.694s] DEBUG:colcon:Parsed command line arguments: Namespace(log_base=None, log_level=None, verb_name='build', build_base='build', install_base='install', merge_install=False, symlink_install=True, test_result_base=None, continue_on_error=False, executor='parallel', parallel_workers=8, event_handlers=None, ignore_user_meta=False, metas=['./colcon.meta'], base_paths=['.'], packages_ignore=None, packages_ignore_regex=None, paths=None, packages_up_to=None, packages_up_to_regex=None, packages_above=None, packages_above_and_dependencies=None, packages_above_depth=None, packages_select_by_dep=None, packages_skip_by_dep=None, packages_skip_up_to=None, packages_select_build_failed=False, packages_skip_build_finished=False, packages_select_test_failures=False, packages_skip_test_passed=False, packages_select=None, packages_skip=None, packages_select_regex=None, packages_skip_regex=None, packages_start=None, packages_end=None, cmake_args=None, cmake_target=None, cmake_target_skip_unavailable=False, cmake_clean_cache=False, cmake_clean_first=False, cmake_force_configure=False, ament_cmake_args=None, catkin_cmake_args=None, catkin_skip_building_tests=False, verb_parser=<colcon_defaults.argument_parser.defaults.DefaultArgumentsDecorator object at 0x70387e805f40>, verb_extension=<colcon_core.verb.build.BuildVerb object at 0x70387f444650>, main=<bound method BuildVerb.main of <colcon_core.verb.build.BuildVerb object at 0x70387f444650>>)
[1.091s] Level 1:colcon.colcon_core.package_discovery:discover_packages(colcon_meta) check parameters
[1.091s] Level 1:colcon.colcon_core.package_discovery:discover_packages(recursive) check parameters
[1.091s] Level 1:colcon.colcon_core.package_discovery:discover_packages(ignore) check parameters
[1.091s] Level 1:colcon.colcon_core.package_discovery:discover_packages(path) check parameters
[1.091s] Level 1:colcon.colcon_core.package_discovery:discover_packages(colcon_meta) discover
[1.092s] Level 1:colcon.colcon_core.package_discovery:discover_packages(recursive) discover
[1.092s] INFO:colcon.colcon_core.package_discovery:Crawling recursively for packages in '/home/navab/robot-simulation'
[1.092s] Level 1:colcon.colcon_core.package_identification:_identify(.) by extensions ['ignore', 'ignore_ament_install']
[1.092s] Level 1:colcon.colcon_core.package_identification:_identify(.) by extension 'ignore'
[1.092s] Level 1:colcon.colcon_core.package_identification:_identify(.) by extension 'ignore_ament_install'
[1.092s] Level 1:colcon.colcon_core.package_identification:_identify(.) by extensions ['colcon_pkg']
[1.092s] Level 1:colcon.colcon_core.package_identification:_identify(.) by extension 'colcon_pkg'
[1.092s] Level 1:colcon.colcon_core.package_identification:_identify(.) by extensions ['colcon_meta']
[1.092s] Level 1:colcon.colcon_core.package_identification:_identify(.) by extension 'colcon_meta'
[1.092s] Level 1:colcon.colcon_core.package_identification:_identify(.) by extensions ['ros']
[1.092s] Level 1:colcon.colcon_core.package_identification:_identify(.) by extension 'ros'
[1.383s] Level 1:colcon.colcon_core.package_identification:_identify(.) by extensions ['cmake', 'python']
[1.383s] Level 1:colcon.colcon_core.package_identification:_identify(.) by extension 'cmake'
[1.383s] Level 1:colcon.colcon_core.package_identification:_identify(.) by extension 'python'
[1.383s] Level 1:colcon.colcon_core.package_identification:_identify(.) by extensions ['python_setup_py']
[1.383s] Level 1:colcon.colcon_core.package_identification:_identify(.) by extension 'python_setup_py'
[1.383s] Level 1:colcon.colcon_core.package_identification:_identify(build) by extensions ['ignore', 'ignore_ament_install']
[1.384s] Level 1:colcon.colcon_core.package_identification:_identify(build) by extension 'ignore'
[1.384s] Level 1:colcon.colcon_core.package_identification:_identify(build) ignored
[1.384s] Level 1:colcon.colcon_core.package_identification:_identify(install) by extensions ['ignore', 'ignore_ament_install']
[1.384s] Level 1:colcon.colcon_core.package_identification:_identify(install) by extension 'ignore'
[1.386s] Level 1:colcon.colcon_core.package_identification:_identify(install) ignored
[1.386s] Level 1:colcon.colcon_core.package_identification:_identify(log) by extensions ['ignore', 'ignore_ament_install']
[1.386s] Level 1:colcon.colcon_core.package_identification:_identify(log) by extension 'ignore'
[1.386s] Level 1:colcon.colcon_core.package_identification:_identify(log) ignored
[1.388s] Level 1:colcon.colcon_core.package_identification:_identify(robot_description) by extensions ['ignore', 'ignore_ament_install']
[1.388s] Level 1:colcon.colcon_core.package_identification:_identify(robot_description) by extension 'ignore'
[1.388s] Level 1:colcon.colcon_core.package_identification:_identify(robot_description) by extension 'ignore_ament_install'
[1.388s] Level 1:colcon.colcon_core.package_identification:_identify(robot_description) by extensions ['colcon_pkg']
[1.388s] Level 1:colcon.colcon_core.package_identification:_identify(robot_description) by extension 'colcon_pkg'
[1.388s] Level 1:colcon.colcon_core.package_identification:_identify(robot_description) by extensions ['colcon_meta']
[1.388s] Level 1:colcon.colcon_core.package_identification:_identify(robot_description) by extension 'colcon_meta'
[1.388s] Level 1:colcon.colcon_core.package_identification:_identify(robot_description) by extensions ['ros']
[1.388s] Level 1:colcon.colcon_core.package_identification:_identify(robot_description) by extension 'ros'
[1.389s] Level 1:colcon.colcon_core.package_identification:_identify(robot_description) by extensions ['cmake', 'python']
[1.389s] Level 1:colcon.colcon_core.package_identification:_identify(robot_description) by extension 'cmake'
[1.389s] Level 1:colcon.colcon_core.package_identification:_identify(robot_description) by extension 'python'
[1.389s] Level 1:colcon.colcon_core.package_identification:_identify(robot_description) by extensions ['python_setup_py']
[1.389s] Level 1:colcon.colcon_core.package_identification:_identify(robot_description) by extension 'python_setup_py'
[1.390s] Level 1:colcon.colcon_core.package_identification:_identify(robot_description/config) by extensions ['ignore', 'ignore_ament_install']
[1.390s] Level 1:colcon.colcon_core.package_identification:_identify(robot_description/config) by extension 'ignore'
[1.391s] Level 1:colcon.colcon_core.package_identification:_identify(robot_description/config) by extension 'ignore_ament_install'
[1.391s] Level 1:colcon.colcon_core.package_identification:_identify(robot_description/config) by extensions ['colcon_pkg']
[1.391s] Level 1:colcon.colcon_core.package_identification:_identify(robot_description/config) by extension 'colcon_pkg'
[1.391s] Level 1:colcon.colcon_core.package_identification:_identify(robot_description/config) by extensions ['colcon_meta']
[1.391s] Level 1:colcon.colcon_core.package_identification:_identify(robot_description/config) by extension 'colcon_meta'
[1.391s] Level 1:colcon.colcon_core.package_identification:_identify(robot_description/config) by extensions ['ros']
[1.391s] Level 1:colcon.colcon_core.package_identification:_identify(robot_description/config) by extension 'ros'
[1.391s] Level 1:colcon.colcon_core.package_identification:_identify(robot_description/config) by extensions ['cmake', 'python']
[1.391s] Level 1:colcon.colcon_core.package_identification:_identify(robot_description/config) by extension 'cmake'
[1.391s] Level 1:colcon.colcon_core.package_identification:_identify(robot_description/config) by extension 'python'
[1.391s] Level 1:colcon.colcon_core.package_identification:_identify(robot_description/config) by extensions ['python_setup_py']
[1.391s] Level 1:colcon.colcon_core.package_identification:_identify(robot_description/config) by extension 'python_setup_py'
[1.391s] Level 1:colcon.colcon_core.package_identification:_identify(robot_description/launch) by extensions ['ignore', 'ignore_ament_install']
[1.392s] Level 1:colcon.colcon_core.package_identification:_identify(robot_description/launch) by extension 'ignore'
[1.392s] Level 1:colcon.colcon_core.package_identification:_identify(robot_description/launch) by extension 'ignore_ament_install'
[1.392s] Level 1:colcon.colcon_core.package_identification:_identify(robot_description/launch) by extensions ['colcon_pkg']
[1.392s] Level 1:colcon.colcon_core.package_identification:_identify(robot_description/launch) by extension 'colcon_pkg'
[1.392s] Level 1:colcon.colcon_core.package_identification:_identify(robot_description/launch) by extensions ['colcon_meta']
[1.392s] Level 1:colcon.colcon_core.package_identification:_identify(robot_description/launch) by extension 'colcon_meta'
[1.392s] Level 1:colcon.colcon_core.package_identification:_identify(robot_description/launch) by extensions ['ros']
[1.392s] Level 1:colcon.colcon_core.package_identification:_identify(robot_description/launch) by extension 'ros'
[1.392s] Level 1:colcon.colcon_core.package_identification:_identify(robot_description/launch) by extensions ['cmake', 'python']
[1.392s] Level 1:colcon.colcon_core.package_identification:_identify(robot_description/launch) by extension 'cmake'
[1.392s] Level 1:colcon.colcon_core.package_identification:_identify(robot_description/launch) by extension 'python'
[1.394s] Level 1:colcon.colcon_core.package_identification:_identify(robot_description/launch) by extensions ['python_setup_py']
[1.394s] Level 1:colcon.colcon_core.package_identification:_identify(robot_description/launch) by extension 'python_setup_py'
[1.394s] Level 1:colcon.colcon_core.package_identification:_identify(robot_description/urdf) by extensions ['ignore', 'ignore_ament_install']
[1.394s] Level 1:colcon.colcon_core.package_identification:_identify(robot_description/urdf) by extension 'ignore'
[1.394s] Level 1:colcon.colcon_core.package_identification:_identify(robot_description/urdf) by extension 'ignore_ament_install'
[1.395s] Level 1:colcon.colcon_core.package_identification:_identify(robot_description/urdf) by extensions ['colcon_pkg']
[1.395s] Level 1:colcon.colcon_core.package_identification:_identify(robot_description/urdf) by extension 'colcon_pkg'
[1.395s] Level 1:colcon.colcon_core.package_identification:_identify(robot_description/urdf) by extensions ['colcon_meta']
[1.395s] Level 1:colcon.colcon_core.package_identification:_identify(robot_description/urdf) by extension 'colcon_meta'
[1.395s] Level 1:colcon.colcon_core.package_identification:_identify(robot_description/urdf) by extensions ['ros']
[1.395s] Level 1:colcon.colcon_core.package_identification:_identify(robot_description/urdf) by extension 'ros'
[1.395s] Level 1:colcon.colcon_core.package_identification:_identify(robot_description/urdf) by extensions ['cmake', 'python']
[1.395s] Level 1:colcon.colcon_core.package_identification:_identify(robot_description/urdf) by extension 'cmake'
[1.395s] Level 1:colcon.colcon_core.package_identification:_identify(robot_description/urdf) by extension 'python'
[1.395s] Level 1:colcon.colcon_core.package_identification:_identify(robot_description/urdf) by extensions ['python_setup_py']
[1.395s] Level 1:colcon.colcon_core.package_identification:_identify(robot_description/urdf) by extension 'python_setup_py'
[1.397s] Level 1:colcon.colcon_core.package_identification:_identify(screenshots) by extensions ['ignore', 'ignore_ament_install']
[1.397s] Level 1:colcon.colcon_core.package_identification:_identify(screenshots) by extension 'ignore'
[1.397s] Level 1:colcon.colcon_core.package_identification:_identify(screenshots) by extension 'ignore_ament_install'
[1.398s] Level 1:colcon.colcon_core.package_identification:_identify(screenshots) by extensions ['colcon_pkg']
[1.398s] Level 1:colcon.colcon_core.package_identification:_identify(screenshots) by extension 'colcon_pkg'
[1.398s] Level 1:colcon.colcon_core.package_identification:_identify(screenshots) by extensions ['colcon_meta']
[1.398s] Level 1:colcon.colcon_core.package_identification:_identify(screenshots) by extension 'colcon_meta'
[1.398s] Level 1:colcon.colcon_core.package_identification:_identify(screenshots) by extensions ['ros']
[1.398s] Level 1:colcon.colcon_core.package_identification:_identify(screenshots) by extension 'ros'
[1.399s] Level 1:colcon.colcon_core.package_identification:_identify(screenshots) by extensions ['cmake', 'python']
[1.399s] Level 1:colcon.colcon_core.package_identification:_identify(screenshots) by extension 'cmake'
[1.399s] Level 1:colcon.colcon_core.package_identification:_identify(screenshots) by extension 'python'
[1.399s] Level 1:colcon.colcon_core.package_identification:_identify(screenshots) by extensions ['python_setup_py']
[1.399s] Level 1:colcon.colcon_core.package_identification:_identify(screenshots) by extension 'python_setup_py'
[1.401s] Level 1:colcon.colcon_core.package_identification:_identify(scripts) by extensions ['ignore', 'ignore_ament_install']
[1.401s] Level 1:colcon.colcon_core.package_identification:_identify(scripts) by extension 'ignore'
[1.401s] Level 1:colcon.colcon_core.package_identification:_identify(scripts) by extension 'ignore_ament_install'
[1.401s] Level 1:colcon.colcon_core.package_identification:_identify(scripts) by extensions ['colcon_pkg']
[1.401s] Level 1:colcon.colcon_core.package_identification:_identify(scripts) by extension 'colcon_pkg'
[1.401s] Level 1:colcon.colcon_core.package_identification:_identify(scripts) by extensions ['colcon_meta']
[1.401s] Level 1:colcon.colcon_core.package_identification:_identify(scripts) by extension 'colcon_meta'
[1.401s] Level 1:colcon.colcon_core.package_identification:_identify(scripts) by extensions ['ros']
[1.401s] Level 1:colcon.colcon_core.package_identification:_identify(scripts) by extension 'ros'
[1.402s] Level 1:colcon.colcon_core.package_identification:_identify(scripts) by extensions ['cmake', 'python']
[1.402s] Level 1:colcon.colcon_core.package_identification:_identify(scripts) by extension 'cmake'
[1.402s] Level 1:colcon.colcon_core.package_identification:_identify(scripts) by extension 'python'
[1.402s] Level 1:colcon.colcon_core.package_identification:_identify(scripts) by extensions ['python_setup_py']
[1.402s] Level 1:colcon.colcon_core.package_identification:_identify(scripts) by extension 'python_setup_py'
[1.402s] Level 1:colcon.colcon_core.package_identification:_identify(src) by extensions ['ignore', 'ignore_ament_install']
[1.402s] Level 1:colcon.colcon_core.package_identification:_identify(src) by extension 'ignore'
[1.402s] Level 1:colcon.colcon_core.package_identification:_identify(src) by extension 'ignore_ament_install'
[1.402s] Level 1:colcon.colcon_core.package_identification:_identify(src) by extensions ['colcon_pkg']
[1.402s] Level 1:colcon.colcon_core.package_identification:_identify(src) by extension 'colcon_pkg'
[1.402s] Level 1:colcon.colcon_core.package_identification:_identify(src) by extensions ['colcon_meta']
[1.402s] Level 1:colcon.colcon_core.package_identification:_identify(src) by extension 'colcon_meta'
[1.403s] Level 1:colcon.colcon_core.package_identification:_identify(src) by extensions ['ros']
[1.403s] Level 1:colcon.colcon_core.package_identification:_identify(src) by extension 'ros'
[1.403s] Level 1:colcon.colcon_core.package_identification:_identify(src) by extensions ['cmake', 'python']
[1.403s] Level 1:colcon.colcon_core.package_identification:_identify(src) by extension 'cmake'
[1.403s] Level 1:colcon.colcon_core.package_identification:_identify(src) by extension 'python'
[1.403s] Level 1:colcon.colcon_core.package_identification:_identify(src) by extensions ['python_setup_py']
[1.403s] Level 1:colcon.colcon_core.package_identification:_identify(src) by extension 'python_setup_py'
[1.404s] Level 1:colcon.colcon_core.package_identification:_identify(src/navigrid_bringup) by extensions ['ignore', 'ignore_ament_install']
[1.404s] Level 1:colcon.colcon_core.package_identification:_identify(src/navigrid_bringup) by extension 'ignore'
[1.404s] Level 1:colcon.colcon_core.package_identification:_identify(src/navigrid_bringup) by extension 'ignore_ament_install'
[1.404s] Level 1:colcon.colcon_core.package_identification:_identify(src/navigrid_bringup) by extensions ['colcon_pkg']
[1.404s] Level 1:colcon.colcon_core.package_identification:_identify(src/navigrid_bringup) by extension 'colcon_pkg'
[1.404s] Level 1:colcon.colcon_core.package_identification:_identify(src/navigrid_bringup) by extensions ['colcon_meta']
[1.404s] Level 1:colcon.colcon_core.package_identification:_identify(src/navigrid_bringup) by extension 'colcon_meta'
[1.404s] Level 1:colcon.colcon_core.package_identification:_identify(src/navigrid_bringup) by extensions ['ros']
[1.404s] Level 1:colcon.colcon_core.package_identification:_identify(src/navigrid_bringup) by extension 'ros'
[1.421s] DEBUG:colcon.colcon_core.package_identification:Package 'src/navigrid_bringup' with type 'ros.ament_python' and name 'navigrid_bringup'
[1.422s] Level 1:colcon.colcon_core.package_identification:_identify(src/navigrid_description) by extensions ['ignore', 'ignore_ament_install']
[1.422s] Level 1:colcon.colcon_core.package_identification:_identify(src/navigrid_description) by extension 'ignore'
[1.422s] Level 1:colcon.colcon_core.package_identification:_identify(src/navigrid_description) by extension 'ignore_ament_install'
[1.423s] Level 1:colcon.colcon_core.package_identification:_identify(src/navigrid_description) by extensions ['colcon_pkg']
[1.423s] Level 1:colcon.colcon_core.package_identification:_identify(src/navigrid_description) by extension 'colcon_pkg'
[1.423s] Level 1:colcon.colcon_core.package_identification:_identify(src/navigrid_description) by extensions ['colcon_meta']
[1.423s] Level 1:colcon.colcon_core.package_identification:_identify(src/navigrid_description) by extension 'colcon_meta'
[1.423s] Level 1:colcon.colcon_core.package_identification:_identify(src/navigrid_description) by extensions ['ros']
[1.423s] Level 1:colcon.colcon_core.package_identification:_identify(src/navigrid_description) by extension 'ros'
[1.427s] DEBUG:colcon.colcon_core.package_identification:Package 'src/navigrid_description' with type 'ros.ament_python' and name 'navigrid_description'
[1.430s] Level 1:colcon.colcon_core.package_identification:_identify(src/navigrid_navigation) by extensions ['ignore', 'ignore_ament_install']
[1.430s] Level 1:colcon.colcon_core.package_identification:_identify(src/navigrid_navigation) by extension 'ignore'
[1.430s] Level 1:colcon.colcon_core.package_identification:_identify(src/navigrid_navigation) by extension 'ignore_ament_install'
[1.431s] Level 1:colcon.colcon_core.package_identification:_identify(src/navigrid_navigation) by extensions ['colcon_pkg']
[1.431s] Level 1:colcon.colcon_core.package_identification:_identify(src/navigrid_navigation) by extension 'colcon_pkg'
[1.431s] Level 1:colcon.colcon_core.package_identification:_identify(src/navigrid_navigation) by extensions ['colcon_meta']
[1.431s] Level 1:colcon.colcon_core.package_identification:_identify(src/navigrid_navigation) by extension 'colcon_meta'
[1.431s] Level 1:colcon.colcon_core.package_identification:_identify(src/navigrid_navigation) by extensions ['ros']
[1.431s] Level 1:colcon.colcon_core.package_identification:_identify(src/navigrid_navigation) by extension 'ros'
[1.434s] DEBUG:colcon.colcon_core.package_identification:Package 'src/navigrid_navigation' with type 'ros.ament_python' and name 'navigrid_navigation'
[1.437s] Level 1:colcon.colcon_core.package_identification:_identify(src/navigrid_planner) by extensions ['ignore', 'ignore_ament_install']
[1.437s] Level 1:colcon.colcon_core.package_identification:_identify(src/navigrid_planner) by extension 'ignore'
[1.438s] Level 1:colcon.colcon_core.package_identification:_identify(src/navigrid_planner) by extension 'ignore_ament_install'
[1.439s] Level 1:colcon.colcon_core.package_identification:_identify(src/navigrid_planner) by extensions ['colcon_pkg']
[1.439s] Level 1:colcon.colcon_core.package_identification:_identify(src/navigrid_planner) by extension 'colcon_pkg'
[1.439s] Level 1:colcon.colcon_core.package_identification:_identify(src/navigrid_planner) by extensions ['colcon_meta']
[1.439s] Level 1:colcon.colcon_core.package_identification:_identify(src/navigrid_planner) by extension 'colcon_meta'
[1.439s] Level 1:colcon.colcon_core.package_identification:_identify(src/navigrid_planner) by extensions ['ros']
[1.439s] Level 1:colcon.colcon_core.package_identification:_identify(src/navigrid_planner) by extension 'ros'
[1.440s] DEBUG:colcon.colcon_core.package_identification:Package 'src/navigrid_planner' with type 'ros.ament_python' and name 'navigrid_planner'
[1.441s] Level 1:colcon.colcon_core.package_identification:_identify(src/navigrid_safety) by extensions ['ignore', 'ignore_ament_install']
[1.441s] Level 1:colcon.colcon_core.package_identification:_identify(src/navigrid_safety) by extension 'ignore'
[1.441s] Level 1:colcon.colcon_core.package_identification:_identify(src/navigrid_safety) by extension 'ignore_ament_install'
[1.442s] Level 1:colcon.colcon_core.package_identification:_identify(src/navigrid_safety) by extensions ['colcon_pkg']
[1.442s] Level 1:colcon.colcon_core.package_identification:_identify(src/navigrid_safety) by extension 'colcon_pkg'
[1.442s] Level 1:colcon.colcon_core.package_identification:_identify(src/navigrid_safety) by extensions ['colcon_meta']
[1.442s] Level 1:colcon.colcon_core.package_identification:_identify(src/navigrid_safety) by extension 'colcon_meta'
[1.442s] Level 1:colcon.colcon_core.package_identification:_identify(src/navigrid_safety) by extensions ['ros']
[1.442s] Level 1:colcon.colcon_core.package_identification:_identify(src/navigrid_safety) by extension 'ros'
[1.444s] DEBUG:colcon.colcon_core.package_identification:Package 'src/navigrid_safety' with type 'ros.ament_python' and name 'navigrid_safety'
[1.446s] Level 1:colcon.colcon_core.package_identification:_identify(src/navigrid_world) by extensions ['ignore', 'ignore_ament_install']
[1.446s] Level 1:colcon.colcon_core.package_identification:_identify(src/navigrid_world) by extension 'ignore'
[1.446s] Level 1:colcon.colcon_core.package_identification:_identify(src/navigrid_world) by extension 'ignore_ament_install'
[1.446s] Level 1:colcon.colcon_core.package_identification:_identify(src/navigrid_world) by extensions ['colcon_pkg']
[1.446s] Level 1:colcon.colcon_core.package_identification:_identify(src/navigrid_world) by extension 'colcon_pkg'
[1.446s] Level 1:colcon.colcon_core.package_identification:_identify(src/navigrid_world) by extensions ['colcon_meta']
[1.446s] Level 1:colcon.colcon_core.package_identification:_identify(src/navigrid_world) by extension 'colcon_meta'
[1.446s] Level 1:colcon.colcon_core.package_identification:_identify(src/navigrid_world) by extensions ['ros']
[1.446s] Level 1:colcon.colcon_core.package_identification:_identify(src/navigrid_world) by extension 'ros'
[1.447s] DEBUG:colcon.colcon_core.package_identification:Package 'src/navigrid_world' with type 'ros.ament_python' and name 'navigrid_world'
[1.448s] Level 1:colcon.colcon_core.package_identification:_identify(worlds) by extensions ['ignore', 'ignore_ament_install']
[1.449s] Level 1:colcon.colcon_core.package_identification:_identify(worlds) by extension 'ignore'
[1.449s] Level 1:colcon.colcon_core.package_identification:_identify(worlds) by extension 'ignore_ament_install'
[1.449s] Level 1:colcon.colcon_core.package_identification:_identify(worlds) by extensions ['colcon_pkg']
[1.449s] Level 1:colcon.colcon_core.package_identification:_identify(worlds) by extension 'colcon_pkg'
[1.449s] Level 1:colcon.colcon_core.package_identification:_identify(worlds) by extensions ['colcon_meta']
[1.449s] Level 1:colcon.colcon_core.package_identification:_identify(worlds) by extension 'colcon_meta'
[1.449s] Level 1:colcon.colcon_core.package_identification:_identify(worlds) by extensions ['ros']
[1.449s] Level 1:colcon.colcon_core.package_identification:_identify(worlds) by extension 'ros'
[1.449s] Level 1:colcon.colcon_core.package_identification:_identify(worlds) by extensions ['cmake', 'python']
[1.449s] Level 1:colcon.colcon_core.package_identification:_identify(worlds) by extension 'cmake'
[1.450s] Level 1:colcon.colcon_core.package_identification:_identify(worlds) by extension 'python'
[1.450s] Level 1:colcon.colcon_core.package_identification:_identify(worlds) by extensions ['python_setup_py']
[1.450s] Level 1:colcon.colcon_core.package_identification:_identify(worlds) by extension 'python_setup_py'
[1.450s] Level 1:colcon.colcon_core.package_discovery:discover_packages(recursive) using defaults
[1.450s] Level 1:colcon.colcon_core.package_discovery:discover_packages(ignore) discover
[1.450s] Level 1:colcon.colcon_core.package_discovery:discover_packages(ignore) using defaults
[1.450s] Level 1:colcon.colcon_core.package_discovery:discover_packages(path) discover
[1.450s] Level 1:colcon.colcon_core.package_discovery:discover_packages(path) using defaults
[1.600s] Level 5:colcon.colcon_core.verb:set package 'navigrid_bringup' build argument 'cmake_args' from command line to 'None'
[1.600s] Level 5:colcon.colcon_core.verb:set package 'navigrid_bringup' build argument 'cmake_target' from command line to 'None'
[1.600s] Level 5:colcon.colcon_core.verb:set package 'navigrid_bringup' build argument 'cmake_target_skip_unavailable' from command line to 'False'
[1.600s] Level 5:colcon.colcon_core.verb:set package 'navigrid_bringup' build argument 'cmake_clean_cache' from command line to 'False'
[1.600s] Level 5:colcon.colcon_core.verb:set package 'navigrid_bringup' build argument 'cmake_clean_first' from command line to 'False'
[1.600s] Level 5:colcon.colcon_core.verb:set package 'navigrid_bringup' build argument 'cmake_force_configure' from command line to 'False'
[1.600s] Level 5:colcon.colcon_core.verb:set package 'navigrid_bringup' build argument 'ament_cmake_args' from command line to 'None'
[1.600s] Level 5:colcon.colcon_core.verb:set package 'navigrid_bringup' build argument 'catkin_cmake_args' from command line to 'None'
[1.600s] Level 5:colcon.colcon_core.verb:set package 'navigrid_bringup' build argument 'catkin_skip_building_tests' from command line to 'False'
[1.600s] DEBUG:colcon.colcon_core.verb:Building package 'navigrid_bringup' with the following arguments: {'ament_cmake_args': None, 'build_base': '/home/navab/robot-simulation/build/navigrid_bringup', 'catkin_cmake_args': None, 'catkin_skip_building_tests': False, 'cmake_args': None, 'cmake_clean_cache': False, 'cmake_clean_first': False, 'cmake_force_configure': False, 'cmake_target': None, 'cmake_target_skip_unavailable': False, 'install_base': '/home/navab/robot-simulation/install/navigrid_bringup', 'merge_install': False, 'path': '/home/navab/robot-simulation/src/navigrid_bringup', 'symlink_install': True, 'test_result_base': None}
[1.600s] Level 5:colcon.colcon_core.verb:set package 'navigrid_description' build argument 'cmake_args' from command line to 'None'
[1.601s] Level 5:colcon.colcon_core.verb:set package 'navigrid_description' build argument 'cmake_target' from command line to 'None'
[1.601s] Level 5:colcon.colcon_core.verb:set package 'navigrid_description' build argument 'cmake_target_skip_unavailable' from command line to 'False'
[1.602s] Level 5:colcon.colcon_core.verb:set package 'navigrid_description' build argument 'cmake_clean_cache' from command line to 'False'
[1.602s] Level 5:colcon.colcon_core.verb:set package 'navigrid_description' build argument 'cmake_clean_first' from command line to 'False'
[1.602s] Level 5:colcon.colcon_core.verb:set package 'navigrid_description' build argument 'cmake_force_configure' from command line to 'False'
[1.603s] Level 5:colcon.colcon_core.verb:set package 'navigrid_description' build argument 'ament_cmake_args' from command line to 'None'
[1.603s] Level 5:colcon.colcon_core.verb:set package 'navigrid_description' build argument 'catkin_cmake_args' from command line to 'None'
[1.603s] Level 5:colcon.colcon_core.verb:set package 'navigrid_description' build argument 'catkin_skip_building_tests' from command line to 'False'
[1.603s] DEBUG:colcon.colcon_core.verb:Building package 'navigrid_description' with the following arguments: {'ament_cmake_args': None, 'build_base': '/home/navab/robot-simulation/build/navigrid_description', 'catkin_cmake_args': None, 'catkin_skip_building_tests': False, 'cmake_args': None, 'cmake_clean_cache': False, 'cmake_clean_first': False, 'cmake_force_configure': False, 'cmake_target': None, 'cmake_target_skip_unavailable': False, 'install_base': '/home/navab/robot-simulation/install/navigrid_description', 'merge_install': False, 'path': '/home/navab/robot-simulation/src/navigrid_description', 'symlink_install': True, 'test_result_base': None}
[1.604s] Level 5:colcon.colcon_core.verb:set package 'navigrid_navigation' build argument 'cmake_args' from command line to 'None'
[1.604s] Level 5:colcon.colcon_core.verb:set package 'navigrid_navigation' build argument 'cmake_target' from command line to 'None'
[1.604s] Level 5:colcon.colcon_core.verb:set package 'navigrid_navigation' build argument 'cmake_target_skip_unavailable' from command line to 'False'
[1.604s] Level 5:colcon.colcon_core.verb:set package 'navigrid_navigation' build argument 'cmake_clean_cache' from command line to 'False'
[1.604s] Level 5:colcon.colcon_core.verb:set package 'navigrid_navigation' build argument 'cmake_clean_first' from command line to 'False'
[1.604s] Level 5:colcon.colcon_core.verb:set package 'navigrid_navigation' build argument 'cmake_force_configure' from command line to 'False'
[1.604s] Level 5:colcon.colcon_core.verb:set package 'navigrid_navigation' build argument 'ament_cmake_args' from command line to 'None'
[1.604s] Level 5:colcon.colcon_core.verb:set package 'navigrid_navigation' build argument 'catkin_cmake_args' from command line to 'None'
[1.604s] Level 5:colcon.colcon_core.verb:set package 'navigrid_navigation' build argument 'catkin_skip_building_tests' from command line to 'False'
[1.604s] DEBUG:colcon.colcon_core.verb:Building package 'navigrid_navigation' with the following arguments: {'ament_cmake_args': None, 'build_base': '/home/navab/robot-simulation/build/navigrid_navigation', 'catkin_cmake_args': None, 'catkin_skip_building_tests': False, 'cmake_args': None, 'cmake_clean_cache': False, 'cmake_clean_first': False, 'cmake_force_configure': False, 'cmake_target': None, 'cmake_target_skip_unavailable': False, 'install_base': '/home/navab/robot-simulation/install/navigrid_navigation', 'merge_install': False, 'path': '/home/navab/robot-simulation/src/navigrid_navigation', 'symlink_install': True, 'test_result_base': None}
[1.604s] Level 5:colcon.colcon_core.verb:set package 'navigrid_planner' build argument 'cmake_args' from command line to 'None'
[1.605s] Level 5:colcon.colcon_core.verb:set package 'navigrid_planner' build argument 'cmake_target' from command line to 'None'
[1.605s] Level 5:colcon.colcon_core.verb:set package 'navigrid_planner' build argument 'cmake_target_skip_unavailable' from command line to 'False'
[1.605s] Level 5:colcon.colcon_core.verb:set package 'navigrid_planner' build argument 'cmake_clean_cache' from command line to 'False'
[1.605s] Level 5:colcon.colcon_core.verb:set package 'navigrid_planner' build argument 'cmake_clean_first' from command line to 'False'
[1.605s] Level 5:colcon.colcon_core.verb:set package 'navigrid_planner' build argument 'cmake_force_configure' from command line to 'False'
[1.605s] Level 5:colcon.colcon_core.verb:set package 'navigrid_planner' build argument 'ament_cmake_args' from command line to 'None'
[1.605s] Level 5:colcon.colcon_core.verb:set package 'navigrid_planner' build argument 'catkin_cmake_args' from command line to 'None'
[1.605s] Level 5:colcon.colcon_core.verb:set package 'navigrid_planner' build argument 'catkin_skip_building_tests' from command line to 'False'
[1.605s] DEBUG:colcon.colcon_core.verb:Building package 'navigrid_planner' with the following arguments: {'ament_cmake_args': None, 'build_base': '/home/navab/robot-simulation/build/navigrid_planner', 'catkin_cmake_args': None, 'catkin_skip_building_tests': False, 'cmake_args': None, 'cmake_clean_cache': False, 'cmake_clean_first': False, 'cmake_force_configure': False, 'cmake_target': None, 'cmake_target_skip_unavailable': False, 'install_base': '/home/navab/robot-simulation/install/navigrid_planner', 'merge_install': False, 'path': '/home/navab/robot-simulation/src/navigrid_planner', 'symlink_install': True, 'test_result_base': None}
[1.606s] Level 5:colcon.colcon_core.verb:set package 'navigrid_safety' build argument 'cmake_args' from command line to 'None'
[1.606s] Level 5:colcon.colcon_core.verb:set package 'navigrid_safety' build argument 'cmake_target' from command line to 'None'
[1.607s] Level 5:colcon.colcon_core.verb:set package 'navigrid_safety' build argument 'cmake_target_skip_unavailable' from command line to 'False'
[1.607s] Level 5:colcon.colcon_core.verb:set package 'navigrid_safety' build argument 'cmake_clean_cache' from command line to 'False'
[1.607s] Level 5:colcon.colcon_core.verb:set package 'navigrid_safety' build argument 'cmake_clean_first' from command line to 'False'
[1.607s] Level 5:colcon.colcon_core.verb:set package 'navigrid_safety' build argument 'cmake_force_configure' from command line to 'False'
[1.607s] Level 5:colcon.colcon_core.verb:set package 'navigrid_safety' build argument 'ament_cmake_args' from command line to 'None'
[1.607s] Level 5:colcon.colcon_core.verb:set package 'navigrid_safety' build argument 'catkin_cmake_args' from command line to 'None'
[1.607s] Level 5:colcon.colcon_core.verb:set package 'navigrid_safety' build argument 'catkin_skip_building_tests' from command line to 'False'
[1.607s] DEBUG:colcon.colcon_core.verb:Building package 'navigrid_safety' with the following arguments: {'ament_cmake_args': None, 'build_base': '/home/navab/robot-simulation/build/navigrid_safety', 'catkin_cmake_args': None, 'catkin_skip_building_tests': False, 'cmake_args': None, 'cmake_clean_cache': False, 'cmake_clean_first': False, 'cmake_force_configure': False, 'cmake_target': None, 'cmake_target_skip_unavailable': False, 'install_base': '/home/navab/robot-simulation/install/navigrid_safety', 'merge_install': False, 'path': '/home/navab/robot-simulation/src/navigrid_safety', 'symlink_install': True, 'test_result_base': None}
[1.607s] Level 5:colcon.colcon_core.verb:set package 'navigrid_world' build argument 'cmake_args' from command line to 'None'
[1.608s] Level 5:colcon.colcon_core.verb:set package 'navigrid_world' build argument 'cmake_target' from command line to 'None'
[1.608s] Level 5:colcon.colcon_core.verb:set package 'navigrid_world' build argument 'cmake_target_skip_unavailable' from command line to 'False'
[1.608s] Level 5:colcon.colcon_core.verb:set package 'navigrid_world' build argument 'cmake_clean_cache' from command line to 'False'
[1.608s] Level 5:colcon.colcon_core.verb:set package 'navigrid_world' build argument 'cmake_clean_first' from command line to 'False'
[1.608s] Level 5:colcon.colcon_core.verb:set package 'navigrid_world' build argument 'cmake_force_configure' from command line to 'False'
[1.608s] Level 5:colcon.colcon_core.verb:set package 'navigrid_world' build argument 'ament_cmake_args' from command line to 'None'
[1.608s] Level 5:colcon.colcon_core.verb:set package 'navigrid_world' build argument 'catkin_cmake_args' from command line to 'None'
[1.608s] Level 5:colcon.colcon_core.verb:set package 'navigrid_world' build argument 'catkin_skip_building_tests' from command line to 'False'
[1.608s] DEBUG:colcon.colcon_core.verb:Building package 'navigrid_world' with the following arguments: {'ament_cmake_args': None, 'build_base': '/home/navab/robot-simulation/build/navigrid_world', 'catkin_cmake_args': None, 'catkin_skip_building_tests': False, 'cmake_args': None, 'cmake_clean_cache': False, 'cmake_clean_first': False, 'cmake_force_configure': False, 'cmake_target': None, 'cmake_target_skip_unavailable': False, 'install_base': '/home/navab/robot-simulation/install/navigrid_world', 'merge_install': False, 'path': '/home/navab/robot-simulation/src/navigrid_world', 'symlink_install': True, 'test_result_base': None}
[1.608s] INFO:colcon.colcon_core.executor:Executing jobs using 'parallel' executor
[1.614s] DEBUG:colcon.colcon_parallel_executor.executor.parallel:run_until_complete
[1.615s] INFO:colcon.colcon_ros.task.ament_python.build:Building ROS package in '/home/navab/robot-simulation/src/navigrid_bringup' with build type 'ament_python'
[1.616s] Level 1:colcon.colcon_core.shell:create_environment_hook('navigrid_bringup', 'ament_prefix_path')
[1.632s] INFO:colcon.colcon_core.plugin_system:Skipping extension 'colcon_core.shell.bat': Not used on non-Windows systems
[1.632s] INFO:colcon.colcon_core.shell:Creating environment descriptor '/home/navab/robot-simulation/install/navigrid_bringup/share/navigrid_bringup/hook/ament_prefix_path.dsv'
[1.636s] INFO:colcon.colcon_core.shell:Creating environment hook '/home/navab/robot-simulation/install/navigrid_bringup/share/navigrid_bringup/hook/ament_prefix_path.sh'
[1.644s] DEBUG:colcon.colcon_core.shell:Skip shell extension 'dsv' for command environment
[1.679s] INFO:colcon.colcon_ros.task.ament_python.build:Building ROS package in '/home/navab/robot-simulation/src/navigrid_description' with build type 'ament_python'
[1.680s] Level 1:colcon.colcon_core.shell:create_environment_hook('navigrid_description', 'ament_prefix_path')
[1.680s] INFO:colcon.colcon_core.shell:Creating environment descriptor '/home/navab/robot-simulation/install/navigrid_description/share/navigrid_description/hook/ament_prefix_path.dsv'
[1.685s] INFO:colcon.colcon_core.shell:Creating environment hook '/home/navab/robot-simulation/install/navigrid_description/share/navigrid_description/hook/ament_prefix_path.sh'
[1.690s] DEBUG:colcon.colcon_core.shell:Skip shell extension 'dsv' for command environment
[1.709s] INFO:colcon.colcon_ros.task.ament_python.build:Building ROS package in '/home/navab/robot-simulation/src/navigrid_navigation' with build type 'ament_python'
[1.710s] Level 1:colcon.colcon_core.shell:create_environment_hook('navigrid_navigation', 'ament_prefix_path')
[1.711s] INFO:colcon.colcon_core.shell:Creating environment descriptor '/home/navab/robot-simulation/install/navigrid_navigation/share/navigrid_navigation/hook/ament_prefix_path.dsv'
[1.716s] INFO:colcon.colcon_core.shell:Creating environment hook '/home/navab/robot-simulation/install/navigrid_navigation/share/navigrid_navigation/hook/ament_prefix_path.sh'
[1.717s] DEBUG:colcon.colcon_core.shell:Skip shell extension 'dsv' for command environment
[1.735s] INFO:colcon.colcon_ros.task.ament_python.build:Building ROS package in '/home/navab/robot-simulation/src/navigrid_planner' with build type 'ament_python'
[1.736s] Level 1:colcon.colcon_core.shell:create_environment_hook('navigrid_planner', 'ament_prefix_path')
[1.736s] INFO:colcon.colcon_core.shell:Creating environment descriptor '/home/navab/robot-simulation/install/navigrid_planner/share/navigrid_planner/hook/ament_prefix_path.dsv'
[1.738s] INFO:colcon.colcon_core.shell:Creating environment hook '/home/navab/robot-simulation/install/navigrid_planner/share/navigrid_planner/hook/ament_prefix_path.sh'
[1.739s] DEBUG:colcon.colcon_core.shell:Skip shell extension 'dsv' for command environment
[1.757s] INFO:colcon.colcon_ros.task.ament_python.build:Building ROS package in '/home/navab/robot-simulation/src/navigrid_safety' with build type 'ament_python'
[1.759s] Level 1:colcon.colcon_core.shell:create_environment_hook('navigrid_safety', 'ament_prefix_path')
[1.761s] INFO:colcon.colcon_core.shell:Creating environment descriptor '/home/navab/robot-simulation/install/navigrid_safety/share/navigrid_safety/hook/ament_prefix_path.dsv'
[1.765s] INFO:colcon.colcon_core.shell:Creating environment hook '/home/navab/robot-simulation/install/navigrid_safety/share/navigrid_safety/hook/ament_prefix_path.sh'
[1.768s] DEBUG:colcon.colcon_core.shell:Skip shell extension 'dsv' for command environment
[1.782s] INFO:colcon.colcon_ros.task.ament_python.build:Building ROS package in '/home/navab/robot-simulation/src/navigrid_world' with build type 'ament_python'
[1.785s] Level 1:colcon.colcon_core.shell:create_environment_hook('navigrid_world', 'ament_prefix_path')
[1.786s] INFO:colcon.colcon_core.shell:Creating environment descriptor '/home/navab/robot-simulation/install/navigrid_world/share/navigrid_world/hook/ament_prefix_path.dsv'
[1.790s] INFO:colcon.colcon_core.shell:Creating environment hook '/home/navab/robot-simulation/install/navigrid_world/share/navigrid_world/hook/ament_prefix_path.sh'
[1.794s] DEBUG:colcon.colcon_core.shell:Skip shell extension 'dsv' for command environment
[2.829s] INFO:colcon.colcon_core.task.python.build:Building Python package in '/home/navab/robot-simulation/src/navigrid_bringup'
[2.830s] DEBUG:colcon.colcon_core.shell:Skip shell extension 'dsv' for command environment
[3.627s] INFO:colcon.colcon_core.task.python.build:Building Python package in '/home/navab/robot-simulation/src/navigrid_description'
[3.627s] DEBUG:colcon.colcon_core.shell:Skip shell extension 'dsv' for command environment
[4.269s] INFO:colcon.colcon_core.task.python.build:Building Python package in '/home/navab/robot-simulation/src/navigrid_navigation'
[4.270s] DEBUG:colcon.colcon_core.shell:Skip shell extension 'dsv' for command environment
[5.167s] INFO:colcon.colcon_core.task.python.build:Building Python package in '/home/navab/robot-simulation/src/navigrid_planner'
[5.169s] DEBUG:colcon.colcon_core.shell:Skip shell extension 'dsv' for command environment
[5.771s] INFO:colcon.colcon_core.task.python.build:Building Python package in '/home/navab/robot-simulation/src/navigrid_safety'
[5.772s] DEBUG:colcon.colcon_core.shell:Skip shell extension 'dsv' for command environment
[6.466s] INFO:colcon.colcon_core.task.python.build:Building Python package in '/home/navab/robot-simulation/src/navigrid_world'
[6.467s] DEBUG:colcon.colcon_core.shell:Skip shell extension 'dsv' for command environment
[9.130s] DEBUG:colcon.colcon_core.task.python.build:Available setuptools commands: build_ext, dist_info, install_egg_info, bdist_egg, update_catalog, compile_catalog, init_catalog, alias, bdist_rpm, setopt, clean, bdist, check, build_py, build, extract_messages, upload_docs, install_lib, saveopts, build_scripts, build_clib, develop, install_headers, egg_info, upload, bdist_dumb, install_scripts, install, symlink_data, editable_wheel, sdist, rotate, install_data, test, easy_install, register
[9.149s] DEBUG:colcon.colcon_core.task.python.build:Available setuptools commands: build_ext, dist_info, install_egg_info, bdist_egg, update_catalog, compile_catalog, init_catalog, alias, bdist_rpm, setopt, clean, bdist, check, build_py, build, extract_messages, upload_docs, install_lib, saveopts, build_scripts, build_clib, develop, install_headers, egg_info, upload, bdist_dumb, install_scripts, install, symlink_data, editable_wheel, sdist, rotate, install_data, test, easy_install, register
[9.159s] DEBUG:colcon.colcon_core.task.python.build:Available setuptools commands: build_ext, dist_info, install_egg_info, bdist_egg, update_catalog, compile_catalog, init_catalog, alias, bdist_rpm, setopt, clean, bdist, check, build_py, build, extract_messages, upload_docs, install_lib, saveopts, build_scripts, build_clib, develop, install_headers, egg_info, upload, bdist_dumb, install_scripts, install, symlink_data, editable_wheel, sdist, rotate, install_data, test, easy_install, register
[9.207s] DEBUG:colcon.colcon_core.task.python.build:Available setuptools commands: build_ext, dist_info, install_egg_info, bdist_egg, update_catalog, compile_catalog, init_catalog, alias, bdist_rpm, setopt, clean, bdist, check, build_py, build, extract_messages, upload_docs, install_lib, saveopts, build_scripts, build_clib, develop, install_headers, egg_info, upload, bdist_dumb, install_scripts, install, symlink_data, editable_wheel, sdist, rotate, install_data, test, easy_install, register
[9.266s] DEBUG:colcon.colcon_core.task.python.build:Available setuptools commands: build_ext, dist_info, install_egg_info, bdist_egg, update_catalog, compile_catalog, init_catalog, alias, bdist_rpm, setopt, clean, bdist, check, build_py, build, extract_messages, upload_docs, install_lib, saveopts, build_scripts, build_clib, develop, install_headers, egg_info, upload, bdist_dumb, install_scripts, install, symlink_data, editable_wheel, sdist, rotate, install_data, test, easy_install, register
[9.357s] DEBUG:colcon.colcon_core.task.python.build:Available setuptools commands: build_ext, dist_info, install_egg_info, bdist_egg, update_catalog, compile_catalog, init_catalog, alias, bdist_rpm, setopt, clean, bdist, check, build_py, build, extract_messages, upload_docs, install_lib, saveopts, build_scripts, build_clib, develop, install_headers, egg_info, upload, bdist_dumb, install_scripts, install, symlink_data, editable_wheel, sdist, rotate, install_data, test, easy_install, register
[10.311s] DEBUG:colcon.colcon_core.task.python.build:Available setuptools 'develop' options: --optimize, --user, --no-find-links, --no-deps, --upgrade, --allow-hosts, --multi-version, --install-dir, --force-installation-into-system-dir, --zip-ok, --verbose, --version, --local-snapshots-ok, --record, --uninstall, --prefix, --build-directory, --site-dirs, --help, --exclude-scripts, --find-links, --egg-path, --index-url, --always-unzip, --editable, --no-user-cfg, --dry-run, --quiet, --script-dir, --install-layout, --always-copy
[10.348s] DEBUG:colcon.colcon_core.event_handler.log_command:Invoking command in '/home/navab/robot-simulation/build/navigrid_safety': PYTHONPATH=/home/navab/robot-simulation/build/navigrid_safety/prefix_override:/usr/lib/python3/dist-packages/colcon_core/task/python/colcon_distutils_commands:/home/navab/robot-simulation/install/navigrid_safety/lib/python3.12/site-packages:${PYTHONPATH} /usr/bin/python3 -W ignore:setup.py install is deprecated -W ignore:easy_install command is deprecated setup.py develop --editable --build-directory /home/navab/robot-simulation/build/navigrid_safety/build --no-deps symlink_data
[10.359s] DEBUG:colcon.colcon_core.task.python.build:Available setuptools 'develop' options: --optimize, --user, --no-find-links, --no-deps, --upgrade, --allow-hosts, --multi-version, --install-dir, --force-installation-into-system-dir, --zip-ok, --verbose, --version, --local-snapshots-ok, --record, --uninstall, --prefix, --build-directory, --site-dirs, --help, --exclude-scripts, --find-links, --egg-path, --index-url, --always-unzip, --editable, --no-user-cfg, --dry-run, --quiet, --script-dir, --install-layout, --always-copy
[10.384s] DEBUG:colcon.colcon_core.event_handler.log_command:Invoking command in '/home/navab/robot-simulation/build/navigrid_navigation': PYTHONPATH=/home/navab/robot-simulation/build/navigrid_navigation/prefix_override:/usr/lib/python3/dist-packages/colcon_core/task/python/colcon_distutils_commands:/home/navab/robot-simulation/install/navigrid_navigation/lib/python3.12/site-packages:${PYTHONPATH} /usr/bin/python3 -W ignore:setup.py install is deprecated -W ignore:easy_install command is deprecated setup.py develop --editable --build-directory /home/navab/robot-simulation/build/navigrid_navigation/build --no-deps symlink_data
[10.451s] DEBUG:colcon.colcon_core.task.python.build:Available setuptools 'develop' options: --optimize, --user, --no-find-links, --no-deps, --upgrade, --allow-hosts, --multi-version, --install-dir, --force-installation-into-system-dir, --zip-ok, --verbose, --version, --local-snapshots-ok, --record, --uninstall, --prefix, --build-directory, --site-dirs, --help, --exclude-scripts, --find-links, --egg-path, --index-url, --always-unzip, --editable, --no-user-cfg, --dry-run, --quiet, --script-dir, --install-layout, --always-copy
[10.464s] DEBUG:colcon.colcon_core.event_handler.log_command:Invoking command in '/home/navab/robot-simulation/build/navigrid_planner': PYTHONPATH=/home/navab/robot-simulation/build/navigrid_planner/prefix_override:/usr/lib/python3/dist-packages/colcon_core/task/python/colcon_distutils_commands:/home/navab/robot-simulation/install/navigrid_planner/lib/python3.12/site-packages:${PYTHONPATH} /usr/bin/python3 -W ignore:setup.py install is deprecated -W ignore:easy_install command is deprecated setup.py develop --editable --build-directory /home/navab/robot-simulation/build/navigrid_planner/build --no-deps symlink_data
[10.616s] DEBUG:colcon.colcon_core.task.python.build:Available setuptools 'develop' options: --optimize, --user, --no-find-links, --no-deps, --upgrade, --allow-hosts, --multi-version, --install-dir, --force-installation-into-system-dir, --zip-ok, --verbose, --version, --local-snapshots-ok, --record, --uninstall, --prefix, --build-directory, --site-dirs, --help, --exclude-scripts, --find-links, --egg-path, --index-url, --always-unzip, --editable, --no-user-cfg, --dry-run, --quiet, --script-dir, --install-layout, --always-copy
[10.654s] DEBUG:colcon.colcon_core.event_handler.log_command:Invoking command in '/home/navab/robot-simulation/build/navigrid_bringup': PYTHONPATH=/home/navab/robot-simulation/build/navigrid_bringup/prefix_override:/usr/lib/python3/dist-packages/colcon_core/task/python/colcon_distutils_commands:/home/navab/robot-simulation/install/navigrid_bringup/lib/python3.12/site-packages:${PYTHONPATH} /usr/bin/python3 -W ignore:setup.py install is deprecated -W ignore:easy_install command is deprecated setup.py develop --editable --build-directory /home/navab/robot-simulation/build/navigrid_bringup/build --no-deps symlink_data
[10.677s] DEBUG:colcon.colcon_core.task.python.build:Available setuptools 'develop' options: --optimize, --user, --no-find-links, --no-deps, --upgrade, --allow-hosts, --multi-version, --install-dir, --force-installation-into-system-dir, --zip-ok, --verbose, --version, --local-snapshots-ok, --record, --uninstall, --prefix, --build-directory, --site-dirs, --help, --exclude-scripts, --find-links, --egg-path, --index-url, --always-unzip, --editable, --no-user-cfg, --dry-run, --quiet, --script-dir, --install-layout, --always-copy
[10.726s] DEBUG:colcon.colcon_core.event_handler.log_command:Invoking command in '/home/navab/robot-simulation/build/navigrid_description': PYTHONPATH=/home/navab/robot-simulation/build/navigrid_description/prefix_override:/usr/lib/python3/dist-packages/colcon_core/task/python/colcon_distutils_commands:/home/navab/robot-simulation/install/navigrid_description/lib/python3.12/site-packages:${PYTHONPATH} /usr/bin/python3 -W ignore:setup.py install is deprecated -W ignore:easy_install command is deprecated setup.py develop --editable --build-directory /home/navab/robot-simulation/build/navigrid_description/build --no-deps symlink_data
[10.789s] DEBUG:colcon.colcon_core.task.python.build:Available setuptools 'develop' options: --optimize, --user, --no-find-links, --no-deps, --upgrade, --allow-hosts, --multi-version, --install-dir, --force-installation-into-system-dir, --zip-ok, --verbose, --version, --local-snapshots-ok, --record, --uninstall, --prefix, --build-directory, --site-dirs, --help, --exclude-scripts, --find-links, --egg-path, --index-url, --always-unzip, --editable, --no-user-cfg, --dry-run, --quiet, --script-dir, --install-layout, --always-copy
[10.826s] DEBUG:colcon.colcon_core.event_handler.log_command:Invoking command in '/home/navab/robot-simulation/build/navigrid_world': PYTHONPATH=/home/navab/robot-simulation/build/navigrid_world/prefix_override:/usr/lib/python3/dist-packages/colcon_core/task/python/colcon_distutils_commands:/home/navab/robot-simulation/install/navigrid_world/lib/python3.12/site-packages:${PYTHONPATH} /usr/bin/python3 -W ignore:setup.py install is deprecated -W ignore:easy_install command is deprecated setup.py develop --editable --build-directory /home/navab/robot-simulation/build/navigrid_world/build --no-deps symlink_data
[13.072s] Level 1:colcon.colcon_core.shell:create_environment_hook('navigrid_safety', 'pythonpath_develop')
[13.073s] DEBUG:colcon.colcon_core.event_handler.log_command:Invoked command in '/home/navab/robot-simulation/build/navigrid_safety' returned '0': PYTHONPATH=/home/navab/robot-simulation/build/navigrid_safety/prefix_override:/usr/lib/python3/dist-packages/colcon_core/task/python/colcon_distutils_commands:/home/navab/robot-simulation/install/navigrid_safety/lib/python3.12/site-packages:${PYTHONPATH} /usr/bin/python3 -W ignore:setup.py install is deprecated -W ignore:easy_install command is deprecated setup.py develop --editable --build-directory /home/navab/robot-simulation/build/navigrid_safety/build --no-deps symlink_data
[13.074s] INFO:colcon.colcon_core.shell:Creating environment descriptor '/home/navab/robot-simulation/build/navigrid_safety/share/navigrid_safety/hook/pythonpath_develop.dsv'
[13.077s] INFO:colcon.colcon_core.shell:Creating environment hook '/home/navab/robot-simulation/build/navigrid_safety/share/navigrid_safety/hook/pythonpath_develop.sh'
[13.096s] Level 1:colcon.colcon_core.environment:checking '/home/navab/robot-simulation/install/navigrid_safety' for CMake module files
[13.097s] Level 1:colcon.colcon_core.environment:checking '/home/navab/robot-simulation/install/navigrid_safety' for CMake config files
[13.100s] Level 1:colcon.colcon_core.environment:checking '/home/navab/robot-simulation/install/navigrid_safety/lib'
[13.100s] Level 1:colcon.colcon_core.environment:checking '/home/navab/robot-simulation/install/navigrid_safety/bin'
[13.101s] Level 1:colcon.colcon_core.environment:checking '/home/navab/robot-simulation/install/navigrid_safety/lib/pkgconfig/navigrid_safety.pc'
[13.102s] Level 1:colcon.colcon_core.environment:checking '/home/navab/robot-simulation/install/navigrid_safety/lib/python3.12/site-packages'
[13.102s] Level 1:colcon.colcon_core.shell:create_environment_hook('navigrid_safety', 'pythonpath')
[13.102s] INFO:colcon.colcon_core.shell:Creating environment descriptor '/home/navab/robot-simulation/install/navigrid_safety/share/navigrid_safety/hook/pythonpath.dsv'
[13.104s] INFO:colcon.colcon_core.shell:Creating environment hook '/home/navab/robot-simulation/install/navigrid_safety/share/navigrid_safety/hook/pythonpath.sh'
[13.106s] Level 1:colcon.colcon_core.environment:checking '/home/navab/robot-simulation/install/navigrid_safety/bin'
[13.106s] Level 1:colcon.colcon_core.environment:create_environment_scripts_only(navigrid_safety)
[13.106s] INFO:colcon.colcon_core.shell:Creating package descriptor '/home/navab/robot-simulation/install/navigrid_safety/share/navigrid_safety/package.dsv'
[13.108s] INFO:colcon.colcon_core.shell:Creating package script '/home/navab/robot-simulation/install/navigrid_safety/share/navigrid_safety/package.sh'
[13.113s] INFO:colcon.colcon_core.shell:Creating package script '/home/navab/robot-simulation/install/navigrid_safety/share/navigrid_safety/package.bash'
[13.119s] INFO:colcon.colcon_core.shell:Creating package script '/home/navab/robot-simulation/install/navigrid_safety/share/navigrid_safety/package.zsh'
[13.123s] Level 1:colcon.colcon_core.environment:create_file_with_runtime_dependencies(/home/navab/robot-simulation/install/navigrid_safety/share/colcon-core/packages/navigrid_safety)
[13.132s] Level 1:colcon.colcon_core.shell:create_environment_hook('navigrid_planner', 'pythonpath_develop')
[13.132s] INFO:colcon.colcon_core.shell:Creating environment descriptor '/home/navab/robot-simulation/build/navigrid_planner/share/navigrid_planner/hook/pythonpath_develop.dsv'
[13.136s] DEBUG:colcon.colcon_core.event_handler.log_command:Invoked command in '/home/navab/robot-simulation/build/navigrid_planner' returned '0': PYTHONPATH=/home/navab/robot-simulation/build/navigrid_planner/prefix_override:/usr/lib/python3/dist-packages/colcon_core/task/python/colcon_distutils_commands:/home/navab/robot-simulation/install/navigrid_planner/lib/python3.12/site-packages:${PYTHONPATH} /usr/bin/python3 -W ignore:setup.py install is deprecated -W ignore:easy_install command is deprecated setup.py develop --editable --build-directory /home/navab/robot-simulation/build/navigrid_planner/build --no-deps symlink_data
[13.137s] INFO:colcon.colcon_core.shell:Creating environment hook '/home/navab/robot-simulation/build/navigrid_planner/share/navigrid_planner/hook/pythonpath_develop.sh'
[13.139s] Level 1:colcon.colcon_core.environment:checking '/home/navab/robot-simulation/install/navigrid_planner' for CMake module files
[13.141s] Level 1:colcon.colcon_core.environment:checking '/home/navab/robot-simulation/install/navigrid_planner' for CMake config files
[13.143s] Level 1:colcon.colcon_core.environment:checking '/home/navab/robot-simulation/install/navigrid_planner/lib'
[13.143s] Level 1:colcon.colcon_core.environment:checking '/home/navab/robot-simulation/install/navigrid_planner/bin'
[13.143s] Level 1:colcon.colcon_core.environment:checking '/home/navab/robot-simulation/install/navigrid_planner/lib/pkgconfig/navigrid_planner.pc'
[13.143s] Level 1:colcon.colcon_core.environment:checking '/home/navab/robot-simulation/install/navigrid_planner/lib/python3.12/site-packages'
[13.144s] Level 1:colcon.colcon_core.shell:create_environment_hook('navigrid_planner', 'pythonpath')
[13.144s] INFO:colcon.colcon_core.shell:Creating environment descriptor '/home/navab/robot-simulation/install/navigrid_planner/share/navigrid_planner/hook/pythonpath.dsv'
[13.145s] INFO:colcon.colcon_core.shell:Creating environment hook '/home/navab/robot-simulation/install/navigrid_planner/share/navigrid_planner/hook/pythonpath.sh'
[13.148s] Level 1:colcon.colcon_core.environment:checking '/home/navab/robot-simulation/install/navigrid_planner/bin'
[13.148s] Level 1:colcon.colcon_core.environment:create_environment_scripts_only(navigrid_planner)
[13.148s] INFO:colcon.colcon_core.shell:Creating package descriptor '/home/navab/robot-simulation/install/navigrid_planner/share/navigrid_planner/package.dsv'
[13.152s] INFO:colcon.colcon_core.shell:Creating package script '/home/navab/robot-simulation/install/navigrid_planner/share/navigrid_planner/package.sh'
[13.155s] INFO:colcon.colcon_core.shell:Creating package script '/home/navab/robot-simulation/install/navigrid_planner/share/navigrid_planner/package.bash'
[13.156s] INFO:colcon.colcon_core.shell:Creating package script '/home/navab/robot-simulation/install/navigrid_planner/share/navigrid_planner/package.zsh'
[13.158s] Level 1:colcon.colcon_core.environment:create_file_with_runtime_dependencies(/home/navab/robot-simulation/install/navigrid_planner/share/colcon-core/packages/navigrid_planner)
[13.219s] Level 1:colcon.colcon_core.shell:create_environment_hook('navigrid_navigation', 'pythonpath_develop')
[13.220s] INFO:colcon.colcon_core.shell:Creating environment descriptor '/home/navab/robot-simulation/build/navigrid_navigation/share/navigrid_navigation/hook/pythonpath_develop.dsv'
[13.221s] DEBUG:colcon.colcon_core.event_handler.log_command:Invoked command in '/home/navab/robot-simulation/build/navigrid_navigation' returned '0': PYTHONPATH=/home/navab/robot-simulation/build/navigrid_navigation/prefix_override:/usr/lib/python3/dist-packages/colcon_core/task/python/colcon_distutils_commands:/home/navab/robot-simulation/install/navigrid_navigation/lib/python3.12/site-packages:${PYTHONPATH} /usr/bin/python3 -W ignore:setup.py install is deprecated -W ignore:easy_install command is deprecated setup.py develop --editable --build-directory /home/navab/robot-simulation/build/navigrid_navigation/build --no-deps symlink_data
[13.222s] INFO:colcon.colcon_core.shell:Creating environment hook '/home/navab/robot-simulation/build/navigrid_navigation/share/navigrid_navigation/hook/pythonpath_develop.sh'
[13.225s] Level 1:colcon.colcon_core.environment:checking '/home/navab/robot-simulation/install/navigrid_navigation' for CMake module files
[13.226s] Level 1:colcon.colcon_core.environment:checking '/home/navab/robot-simulation/install/navigrid_navigation' for CMake config files
[13.230s] Level 1:colcon.colcon_core.environment:checking '/home/navab/robot-simulation/install/navigrid_navigation/lib'
[13.233s] Level 1:colcon.colcon_core.environment:checking '/home/navab/robot-simulation/install/navigrid_navigation/bin'
[13.233s] Level 1:colcon.colcon_core.environment:checking '/home/navab/robot-simulation/install/navigrid_navigation/lib/pkgconfig/navigrid_navigation.pc'
[13.234s] Level 1:colcon.colcon_core.environment:checking '/home/navab/robot-simulation/install/navigrid_navigation/lib/python3.12/site-packages'
[13.234s] Level 1:colcon.colcon_core.shell:create_environment_hook('navigrid_navigation', 'pythonpath')
[13.235s] INFO:colcon.colcon_core.shell:Creating environment descriptor '/home/navab/robot-simulation/install/navigrid_navigation/share/navigrid_navigation/hook/pythonpath.dsv'
[13.237s] INFO:colcon.colcon_core.shell:Creating environment hook '/home/navab/robot-simulation/install/navigrid_navigation/share/navigrid_navigation/hook/pythonpath.sh'
[13.240s] Level 1:colcon.colcon_core.environment:checking '/home/navab/robot-simulation/install/navigrid_navigation/bin'
[13.241s] Level 1:colcon.colcon_core.environment:create_environment_scripts_only(navigrid_navigation)
[13.242s] INFO:colcon.colcon_core.shell:Creating package descriptor '/home/navab/robot-simulation/install/navigrid_navigation/share/navigrid_navigation/package.dsv'
[13.244s] INFO:colcon.colcon_core.shell:Creating package script '/home/navab/robot-simulation/install/navigrid_navigation/share/navigrid_navigation/package.sh'
[13.245s] INFO:colcon.colcon_core.shell:Creating package script '/home/navab/robot-simulation/install/navigrid_navigation/share/navigrid_navigation/package.bash'
[13.246s] INFO:colcon.colcon_core.shell:Creating package script '/home/navab/robot-simulation/install/navigrid_navigation/share/navigrid_navigation/package.zsh'
[13.247s] Level 1:colcon.colcon_core.environment:create_file_with_runtime_dependencies(/home/navab/robot-simulation/install/navigrid_navigation/share/colcon-core/packages/navigrid_navigation)
[13.281s] Level 1:colcon.colcon_core.shell:create_environment_hook('navigrid_bringup', 'pythonpath_develop')
[13.282s] INFO:colcon.colcon_core.shell:Creating environment descriptor '/home/navab/robot-simulation/build/navigrid_bringup/share/navigrid_bringup/hook/pythonpath_develop.dsv'
[13.283s] DEBUG:colcon.colcon_core.event_handler.log_command:Invoked command in '/home/navab/robot-simulation/build/navigrid_bringup' returned '0': PYTHONPATH=/home/navab/robot-simulation/build/navigrid_bringup/prefix_override:/usr/lib/python3/dist-packages/colcon_core/task/python/colcon_distutils_commands:/home/navab/robot-simulation/install/navigrid_bringup/lib/python3.12/site-packages:${PYTHONPATH} /usr/bin/python3 -W ignore:setup.py install is deprecated -W ignore:easy_install command is deprecated setup.py develop --editable --build-directory /home/navab/robot-simulation/build/navigrid_bringup/build --no-deps symlink_data
[13.284s] INFO:colcon.colcon_core.shell:Creating environment hook '/home/navab/robot-simulation/build/navigrid_bringup/share/navigrid_bringup/hook/pythonpath_develop.sh'
[13.288s] Level 1:colcon.colcon_core.environment:checking '/home/navab/robot-simulation/install/navigrid_bringup' for CMake module files
[13.289s] Level 1:colcon.colcon_core.environment:checking '/home/navab/robot-simulation/install/navigrid_bringup' for CMake config files
[13.296s] Level 1:colcon.colcon_core.environment:checking '/home/navab/robot-simulation/install/navigrid_bringup/lib'
[13.296s] Level 1:colcon.colcon_core.environment:checking '/home/navab/robot-simulation/install/navigrid_bringup/bin'
[13.296s] Level 1:colcon.colcon_core.environment:checking '/home/navab/robot-simulation/install/navigrid_bringup/lib/pkgconfig/navigrid_bringup.pc'
[13.297s] Level 1:colcon.colcon_core.environment:checking '/home/navab/robot-simulation/install/navigrid_bringup/lib/python3.12/site-packages'
[13.297s] Level 1:colcon.colcon_core.shell:create_environment_hook('navigrid_bringup', 'pythonpath')
[13.298s] INFO:colcon.colcon_core.shell:Creating environment descriptor '/home/navab/robot-simulation/install/navigrid_bringup/share/navigrid_bringup/hook/pythonpath.dsv'
[13.299s] INFO:colcon.colcon_core.shell:Creating environment hook '/home/navab/robot-simulation/install/navigrid_bringup/share/navigrid_bringup/hook/pythonpath.sh'
[13.302s] Level 1:colcon.colcon_core.environment:checking '/home/navab/robot-simulation/install/navigrid_bringup/bin'
[13.302s] Level 1:colcon.colcon_core.environment:create_environment_scripts_only(navigrid_bringup)
[13.303s] INFO:colcon.colcon_core.shell:Creating package descriptor '/home/navab/robot-simulation/install/navigrid_bringup/share/navigrid_bringup/package.dsv'
[13.305s] INFO:colcon.colcon_core.shell:Creating package script '/home/navab/robot-simulation/install/navigrid_bringup/share/navigrid_bringup/package.sh'
[13.307s] INFO:colcon.colcon_core.shell:Creating package script '/home/navab/robot-simulation/install/navigrid_bringup/share/navigrid_bringup/package.bash'
[13.310s] INFO:colcon.colcon_core.shell:Creating package script '/home/navab/robot-simulation/install/navigrid_bringup/share/navigrid_bringup/package.zsh'
[13.311s] Level 1:colcon.colcon_core.environment:create_file_with_runtime_dependencies(/home/navab/robot-simulation/install/navigrid_bringup/share/colcon-core/packages/navigrid_bringup)
[13.376s] Level 1:colcon.colcon_core.shell:create_environment_hook('navigrid_world', 'pythonpath_develop')
[13.377s] DEBUG:colcon.colcon_core.event_handler.log_command:Invoked command in '/home/navab/robot-simulation/build/navigrid_world' returned '0': PYTHONPATH=/home/navab/robot-simulation/build/navigrid_world/prefix_override:/usr/lib/python3/dist-packages/colcon_core/task/python/colcon_distutils_commands:/home/navab/robot-simulation/install/navigrid_world/lib/python3.12/site-packages:${PYTHONPATH} /usr/bin/python3 -W ignore:setup.py install is deprecated -W ignore:easy_install command is deprecated setup.py develop --editable --build-directory /home/navab/robot-simulation/build/navigrid_world/build --no-deps symlink_data
[13.377s] INFO:colcon.colcon_core.shell:Creating environment descriptor '/home/navab/robot-simulation/build/navigrid_world/share/navigrid_world/hook/pythonpath_develop.dsv'
[13.381s] INFO:colcon.colcon_core.shell:Creating environment hook '/home/navab/robot-simulation/build/navigrid_world/share/navigrid_world/hook/pythonpath_develop.sh'
[13.382s] Level 1:colcon.colcon_core.environment:checking '/home/navab/robot-simulation/install/navigrid_world' for CMake module files
[13.383s] Level 1:colcon.colcon_core.environment:checking '/home/navab/robot-simulation/install/navigrid_world' for CMake config files
[13.385s] Level 1:colcon.colcon_core.environment:checking '/home/navab/robot-simulation/install/navigrid_world/lib'
[13.385s] Level 1:colcon.colcon_core.environment:checking '/home/navab/robot-simulation/install/navigrid_world/bin'
[13.386s] Level 1:colcon.colcon_core.environment:checking '/home/navab/robot-simulation/install/navigrid_world/lib/pkgconfig/navigrid_world.pc'
[13.386s] Level 1:colcon.colcon_core.environment:checking '/home/navab/robot-simulation/install/navigrid_world/lib/python3.12/site-packages'
[13.386s] Level 1:colcon.colcon_core.shell:create_environment_hook('navigrid_world', 'pythonpath')
[13.386s] INFO:colcon.colcon_core.shell:Creating environment descriptor '/home/navab/robot-simulation/install/navigrid_world/share/navigrid_world/hook/pythonpath.dsv'
[13.387s] INFO:colcon.colcon_core.shell:Creating environment hook '/home/navab/robot-simulation/install/navigrid_world/share/navigrid_world/hook/pythonpath.sh'
[13.388s] Level 1:colcon.colcon_core.environment:checking '/home/navab/robot-simulation/install/navigrid_world/bin'
[13.388s] Level 1:colcon.colcon_core.environment:create_environment_scripts_only(navigrid_world)
[13.389s] INFO:colcon.colcon_core.shell:Creating package descriptor '/home/navab/robot-simulation/install/navigrid_world/share/navigrid_world/package.dsv'
[13.390s] INFO:colcon.colcon_core.shell:Creating package script '/home/navab/robot-simulation/install/navigrid_world/share/navigrid_world/package.sh'
[13.391s] INFO:colcon.colcon_core.shell:Creating package script '/home/navab/robot-simulation/install/navigrid_world/share/navigrid_world/package.bash'
[13.392s] INFO:colcon.colcon_core.shell:Creating package script '/home/navab/robot-simulation/install/navigrid_world/share/navigrid_world/package.zsh'
[13.393s] Level 1:colcon.colcon_core.environment:create_file_with_runtime_dependencies(/home/navab/robot-simulation/install/navigrid_world/share/colcon-core/packages/navigrid_world)
[13.543s] Level 1:colcon.colcon_core.shell:create_environment_hook('navigrid_description', 'pythonpath_develop')
[13.544s] INFO:colcon.colcon_core.shell:Creating environment descriptor '/home/navab/robot-simulation/build/navigrid_description/share/navigrid_description/hook/pythonpath_develop.dsv'
[13.545s] INFO:colcon.colcon_core.shell:Creating environment hook '/home/navab/robot-simulation/build/navigrid_description/share/navigrid_description/hook/pythonpath_develop.sh'
[13.546s] Level 1:colcon.colcon_core.environment:checking '/home/navab/robot-simulation/install/navigrid_description' for CMake module files
[13.547s] Level 1:colcon.colcon_core.environment:checking '/home/navab/robot-simulation/install/navigrid_description' for CMake config files
[13.548s] Level 1:colcon.colcon_core.environment:checking '/home/navab/robot-simulation/install/navigrid_description/lib'
[13.548s] Level 1:colcon.colcon_core.environment:checking '/home/navab/robot-simulation/install/navigrid_description/bin'
[13.548s] Level 1:colcon.colcon_core.environment:checking '/home/navab/robot-simulation/install/navigrid_description/lib/pkgconfig/navigrid_description.pc'
[13.549s] Level 1:colcon.colcon_core.environment:checking '/home/navab/robot-simulation/install/navigrid_description/lib/python3.12/site-packages'
[13.549s] DEBUG:colcon.colcon_core.event_handler.log_command:Invoked command in '/home/navab/robot-simulation/build/navigrid_description' returned '0': PYTHONPATH=/home/navab/robot-simulation/build/navigrid_description/prefix_override:/usr/lib/python3/dist-packages/colcon_core/task/python/colcon_distutils_commands:/home/navab/robot-simulation/install/navigrid_description/lib/python3.12/site-packages:${PYTHONPATH} /usr/bin/python3 -W ignore:setup.py install is deprecated -W ignore:easy_install command is deprecated setup.py develop --editable --build-directory /home/navab/robot-simulation/build/navigrid_description/build --no-deps symlink_data
[13.549s] Level 1:colcon.colcon_core.shell:create_environment_hook('navigrid_description', 'pythonpath')
[13.550s] INFO:colcon.colcon_core.shell:Creating environment descriptor '/home/navab/robot-simulation/install/navigrid_description/share/navigrid_description/hook/pythonpath.dsv'
[13.551s] INFO:colcon.colcon_core.shell:Creating environment hook '/home/navab/robot-simulation/install/navigrid_description/share/navigrid_description/hook/pythonpath.sh'
[13.552s] Level 1:colcon.colcon_core.environment:checking '/home/navab/robot-simulation/install/navigrid_description/bin'
[13.552s] Level 1:colcon.colcon_core.environment:create_environment_scripts_only(navigrid_description)
[13.553s] INFO:colcon.colcon_core.shell:Creating package descriptor '/home/navab/robot-simulation/install/navigrid_description/share/navigrid_description/package.dsv'
[13.553s] INFO:colcon.colcon_core.shell:Creating package script '/home/navab/robot-simulation/install/navigrid_description/share/navigrid_description/package.sh'
[13.554s] INFO:colcon.colcon_core.shell:Creating package script '/home/navab/robot-simulation/install/navigrid_description/share/navigrid_description/package.bash'
[13.555s] INFO:colcon.colcon_core.shell:Creating package script '/home/navab/robot-simulation/install/navigrid_description/share/navigrid_description/package.zsh'
[13.555s] Level 1:colcon.colcon_core.environment:create_file_with_runtime_dependencies(/home/navab/robot-simulation/install/navigrid_description/share/colcon-core/packages/navigrid_description)
[13.556s] DEBUG:colcon.colcon_parallel_executor.executor.parallel:closing loop
[13.560s] DEBUG:colcon.colcon_parallel_executor.executor.parallel:loop closed
[13.560s] DEBUG:colcon.colcon_parallel_executor.executor.parallel:run_until_complete finished with '0'
[13.561s] DEBUG:colcon.colcon_core.event_reactor:joining thread
[13.994s] INFO:colcon.colcon_core.plugin_system:Skipping extension 'colcon_notification.desktop_notification.notify_send': Could not find 'notify-send'
[13.995s] INFO:colcon.colcon_core.plugin_system:Skipping extension 'colcon_notification.desktop_notification.terminal_notifier': Not used on non-Darwin systems
[13.995s] INFO:colcon.colcon_core.plugin_system:Skipping extension 'colcon_notification.desktop_notification.win32': Not used on non-Windows systems
[13.995s] INFO:colcon.colcon_notification.desktop_notification:Sending desktop notification using 'notify2'
[14.018s] DEBUG:colcon.colcon_notification.desktop_notification.notify2:Failed to initialize notify2: org.freedesktop.DBus.Error.ServiceUnknown: The name org.freedesktop.Notifications was not provided by any .service files
[14.018s] DEBUG:colcon.colcon_core.event_reactor:joined thread
[14.019s] INFO:colcon.colcon_core.shell:Creating prefix script '/home/navab/robot-simulation/install/local_setup.sh'
[14.021s] INFO:colcon.colcon_core.shell:Creating prefix util module '/home/navab/robot-simulation/install/_local_setup_util_sh.py'
[14.023s] INFO:colcon.colcon_core.shell:Creating prefix chain script '/home/navab/robot-simulation/install/setup.sh'
[14.025s] INFO:colcon.colcon_core.shell:Creating prefix script '/home/navab/robot-simulation/install/local_setup.bash'
[14.036s] INFO:colcon.colcon_core.shell:Creating prefix chain script '/home/navab/robot-simulation/install/setup.bash'
[14.043s] INFO:colcon.colcon_core.shell:Creating prefix script '/home/navab/robot-simulation/install/local_setup.zsh'
[14.045s] INFO:colcon.colcon_core.shell:Creating prefix chain script '/home/navab/robot-simulation/install/setup.zsh'
