[8.500s] Invoking command in '/home/navab/robot-simulation/build/navigrid_safety': PYTHONPATH=/home/navab/robot-simulation/build/navigrid_safety/prefix_override:/usr/lib/python3/dist-packages/colcon_core/task/python/colcon_distutils_commands:/home/navab/robot-simulation/install/navigrid_safety/lib/python3.12/site-packages:${PYTHONPATH} /usr/bin/python3 -W ignore:setup.py install is deprecated -W ignore:easy_install command is deprecated setup.py develop --editable --build-directory /home/navab/robot-simulation/build/navigrid_safety/build --no-deps symlink_data
[9.586s] running develop
[10.699s] running egg_info
[10.700s] creating navigrid_safety.egg-info
[10.760s] writing navigrid_safety.egg-info/PKG-INFO
[10.760s] writing dependency_links to navigrid_safety.egg-info/dependency_links.txt
[10.760s] writing requirements to navigrid_safety.egg-info/requires.txt
[10.760s] writing top-level names to navigrid_safety.egg-info/top_level.txt
[10.761s] writing manifest file 'navigrid_safety.egg-info/SOURCES.txt'
[10.900s] reading manifest file 'navigrid_safety.egg-info/SOURCES.txt'
[10.904s] writing manifest file 'navigrid_safety.egg-info/SOURCES.txt'
[10.959s] running build_ext
[10.960s] Creating /home/navab/robot-simulation/install/navigrid_safety/lib/python3.12/site-packages/navigrid-safety.egg-link (link to .)
[10.960s] 
[10.961s] Installed /home/navab/robot-simulation/build/navigrid_safety
[10.961s] running symlink_data
[10.961s] creating /home/navab/robot-simulation/install/navigrid_safety/share/ament_index
[10.964s] creating /home/navab/robot-simulation/install/navigrid_safety/share/ament_index/resource_index
[10.964s] creating /home/navab/robot-simulation/install/navigrid_safety/share/ament_index/resource_index/packages
[10.972s] symbolically linking /home/navab/robot-simulation/build/navigrid_safety/resource/navigrid_safety -> /home/navab/robot-simulation/install/navigrid_safety/share/ament_index/resource_index/packages
[10.973s] symbolically linking /home/navab/robot-simulation/build/navigrid_safety/package.xml -> /home/navab/robot-simulation/install/navigrid_safety/share/navigrid_safety
[11.136s] Invoked command in '/home/navab/robot-simulation/build/navigrid_safety' returned '0': PYTHONPATH=/home/navab/robot-simulation/build/navigrid_safety/prefix_override:/usr/lib/python3/dist-packages/colcon_core/task/python/colcon_distutils_commands:/home/navab/robot-simulation/install/navigrid_safety/lib/python3.12/site-packages:${PYTHONPATH} /usr/bin/python3 -W ignore:setup.py install is deprecated -W ignore:easy_install command is deprecated setup.py develop --editable --build-directory /home/navab/robot-simulation/build/navigrid_safety/build --no-deps symlink_data
