[9.074s] Invoking command in '/home/navab/robot-simulation/build/navigrid_navigation': PYTHONPATH=/home/navab/robot-simulation/build/navigrid_navigation/prefix_override:/usr/lib/python3/dist-packages/colcon_core/task/python/colcon_distutils_commands:/home/navab/robot-simulation/install/navigrid_navigation/lib/python3.12/site-packages:${PYTHONPATH} /usr/bin/python3 -W ignore:setup.py install is deprecated -W ignore:easy_install command is deprecated setup.py develop --editable --build-directory /home/navab/robot-simulation/build/navigrid_navigation/build --no-deps symlink_data --force
[10.780s] running develop
[11.650s] running egg_info
[11.720s] writing navigrid_navigation.egg-info/PKG-INFO
[11.721s] writing dependency_links to navigrid_navigation.egg-info/dependency_links.txt
[11.721s] writing entry points to navigrid_navigation.egg-info/entry_points.txt
[11.722s] writing requirements to navigrid_navigation.egg-info/requires.txt
[11.728s] writing top-level names to navigrid_navigation.egg-info/top_level.txt
[11.877s] reading manifest file 'navigrid_navigation.egg-info/SOURCES.txt'
[11.877s] writing manifest file 'navigrid_navigation.egg-info/SOURCES.txt'
[11.932s] running build_ext
[11.933s] Creating /home/navab/robot-simulation/install/navigrid_navigation/lib/python3.12/site-packages/navigrid-navigation.egg-link (link to .)
[11.937s] Installing odom_tf_broadcaster script to /home/navab/robot-simulation/install/navigrid_navigation/lib/navigrid_navigation
[11.940s] 
[11.940s] Installed /home/navab/robot-simulation/build/navigrid_navigation
[11.940s] running symlink_data
[11.944s] symbolically linking /home/navab/robot-simulation/build/navigrid_navigation/resource/navigrid_navigation -> /home/navab/robot-simulation/install/navigrid_navigation/share/ament_index/resource_index/packages
[11.944s] symbolically linking /home/navab/robot-simulation/build/navigrid_navigation/package.xml -> /home/navab/robot-simulation/install/navigrid_navigation/share/navigrid_navigation
[11.945s] symbolically linking /home/navab/robot-simulation/build/navigrid_navigation/config/nav2_params.yaml -> /home/navab/robot-simulation/install/navigrid_navigation/share/navigrid_navigation/config
[11.945s] symbolically linking /home/navab/robot-simulation/build/navigrid_navigation/config/slam_toolbox.yaml -> /home/navab/robot-simulation/install/navigrid_navigation/share/navigrid_navigation/config
[11.945s] symbolically linking /home/navab/robot-simulation/build/navigrid_navigation/launch/navigation.launch.py -> /home/navab/robot-simulation/install/navigrid_navigation/share/navigrid_navigation/launch
[12.032s] Invoked command in '/home/navab/robot-simulation/build/navigrid_navigation' returned '0': PYTHONPATH=/home/navab/robot-simulation/build/navigrid_navigation/prefix_override:/usr/lib/python3/dist-packages/colcon_core/task/python/colcon_distutils_commands:/home/navab/robot-simulation/install/navigrid_navigation/lib/python3.12/site-packages:${PYTHONPATH} /usr/bin/python3 -W ignore:setup.py install is deprecated -W ignore:easy_install command is deprecated setup.py develop --editable --build-directory /home/navab/robot-simulation/build/navigrid_navigation/build --no-deps symlink_data --force
