[8.484s] Invoking command in '/home/navab/robot-simulation/build/navigrid_navigation': PYTHONPATH=/home/navab/robot-simulation/build/navigrid_navigation/prefix_override:/usr/lib/python3/dist-packages/colcon_core/task/python/colcon_distutils_commands:/home/navab/robot-simulation/install/navigrid_navigation/lib/python3.12/site-packages:${PYTHONPATH} /usr/bin/python3 -W ignore:setup.py install is deprecated -W ignore:easy_install command is deprecated setup.py develop --editable --build-directory /home/navab/robot-simulation/build/navigrid_navigation/build --no-deps symlink_data
[9.565s] running develop
[10.318s] running egg_info
[10.319s] creating navigrid_navigation.egg-info
[10.454s] writing navigrid_navigation.egg-info/PKG-INFO
[10.457s] writing dependency_links to navigrid_navigation.egg-info/dependency_links.txt
[10.457s] writing requirements to navigrid_navigation.egg-info/requires.txt
[10.457s] writing top-level names to navigrid_navigation.egg-info/top_level.txt
[10.457s] writing manifest file 'navigrid_navigation.egg-info/SOURCES.txt'
[10.637s] reading manifest file 'navigrid_navigation.egg-info/SOURCES.txt'
[10.639s] writing manifest file 'navigrid_navigation.egg-info/SOURCES.txt'
[10.716s] running build_ext
[10.717s] Creating /home/navab/robot-simulation/install/navigrid_navigation/lib/python3.12/site-packages/navigrid-navigation.egg-link (link to .)
[10.719s] 
[10.720s] Installed /home/navab/robot-simulation/build/navigrid_navigation
[10.722s] running symlink_data
[10.722s] creating /home/navab/robot-simulation/install/navigrid_navigation/share/ament_index
[10.723s] creating /home/navab/robot-simulation/install/navigrid_navigation/share/ament_index/resource_index
[10.727s] creating /home/navab/robot-simulation/install/navigrid_navigation/share/ament_index/resource_index/packages
[10.729s] symbolically linking /home/navab/robot-simulation/build/navigrid_navigation/resource/navigrid_navigation -> /home/navab/robot-simulation/install/navigrid_navigation/share/ament_index/resource_index/packages
[10.731s] symbolically linking /home/navab/robot-simulation/build/navigrid_navigation/package.xml -> /home/navab/robot-simulation/install/navigrid_navigation/share/navigrid_navigation
[10.907s] Invoked command in '/home/navab/robot-simulation/build/navigrid_navigation' returned '0': PYTHONPATH=/home/navab/robot-simulation/build/navigrid_navigation/prefix_override:/usr/lib/python3/dist-packages/colcon_core/task/python/colcon_distutils_commands:/home/navab/robot-simulation/install/navigrid_navigation/lib/python3.12/site-packages:${PYTHONPATH} /usr/bin/python3 -W ignore:setup.py install is deprecated -W ignore:easy_install command is deprecated setup.py develop --editable --build-directory /home/navab/robot-simulation/build/navigrid_navigation/build --no-deps symlink_data
