running egg_info
writing ../../build/navigrid_navigation/navigrid_navigation.egg-info/PKG-INFO
writing dependency_links to ../../build/navigrid_navigation/navigrid_navigation.egg-info/dependency_links.txt
writing entry points to ../../build/navigrid_navigation/navigrid_navigation.egg-info/entry_points.txt
writing requirements to ../../build/navigrid_navigation/navigrid_navigation.egg-info/requires.txt
writing top-level names to ../../build/navigrid_navigation/navigrid_navigation.egg-info/top_level.txt
reading manifest file '../../build/navigrid_navigation/navigrid_navigation.egg-info/SOURCES.txt'
writing manifest file '../../build/navigrid_navigation/navigrid_navigation.egg-info/SOURCES.txt'
running build
running build_py
running install
running install_lib
running install_data
copying config/nav2_params.yaml -> /home/navab/robot-simulation/install/navigrid_navigation/share/navigrid_navigation/config
running install_egg_info
removing '/home/navab/robot-simulation/install/navigrid_navigation/lib/python3.12/site-packages/navigrid_navigation-0.0.0-py3.12.egg-info' (and everything under it)
Copying ../../build/navigrid_navigation/navigrid_navigation.egg-info to /home/navab/robot-simulation/install/navigrid_navigation/lib/python3.12/site-packages/navigrid_navigation-0.0.0-py3.12.egg-info
running install_scripts
Installing odom_tf_broadcaster script to /home/navab/robot-simulation/install/navigrid_navigation/lib/navigrid_navigation
writing list of installed files to '/home/navab/robot-simulation/build/navigrid_navigation/install.log'
