running develop
Removing /home/navab/robot-simulation/install/navigrid_world/lib/python3.12/site-packages/navigrid-world.egg-link (link to .)
running egg_info
writing ../../build/navigrid_world/navigrid_world.egg-info/PKG-INFO
writing dependency_links to ../../build/navigrid_world/navigrid_world.egg-info/dependency_links.txt
writing requirements to ../../build/navigrid_world/navigrid_world.egg-info/requires.txt
writing top-level names to ../../build/navigrid_world/navigrid_world.egg-info/top_level.txt
reading manifest file '../../build/navigrid_world/navigrid_world.egg-info/SOURCES.txt'
writing manifest file '../../build/navigrid_world/navigrid_world.egg-info/SOURCES.txt'
running build
running build_py
creating /home/navab/robot-simulation/build/navigrid_world/build
creating /home/navab/robot-simulation/build/navigrid_world/build/lib
creating /home/navab/robot-simulation/build/navigrid_world/build/lib/navigrid_world
copying navigrid_world/__init__.py -> /home/navab/robot-simulation/build/navigrid_world/build/lib/navigrid_world
running install
running install_lib
creating /home/navab/robot-simulation/install/navigrid_world/lib/python3.12/site-packages/navigrid_world
copying /home/navab/robot-simulation/build/navigrid_world/build/lib/navigrid_world/__init__.py -> /home/navab/robot-simulation/install/navigrid_world/lib/python3.12/site-packages/navigrid_world
byte-compiling /home/navab/robot-simulation/install/navigrid_world/lib/python3.12/site-packages/navigrid_world/__init__.py to __init__.cpython-312.pyc
running install_data
copying resource/navigrid_world -> /home/navab/robot-simulation/install/navigrid_world/share/ament_index/resource_index/packages
copying package.xml -> /home/navab/robot-simulation/install/navigrid_world/share/navigrid_world
running install_egg_info
Copying ../../build/navigrid_world/navigrid_world.egg-info to /home/navab/robot-simulation/install/navigrid_world/lib/python3.12/site-packages/navigrid_world-0.0.0-py3.12.egg-info
running install_scripts
writing list of installed files to '/home/navab/robot-simulation/build/navigrid_world/install.log'
