[0.781s] Invoking command in '/home/navab/robot-simulation/src/navigrid_world': PYTHONPATH=/home/navab/robot-simulation/build/navigrid_world/prefix_override:/usr/lib/python3/dist-packages/colcon_core/task/python/colcon_distutils_commands:/home/navab/robot-simulation/install/navigrid_world/lib/python3.12/site-packages:${PYTHONPATH} /usr/bin/python3 -W ignore:setup.py install is deprecated -W ignore:easy_install command is deprecated setup.py egg_info --egg-base ../../build/navigrid_world build --build-base /home/navab/robot-simulation/build/navigrid_world/build install --record /home/navab/robot-simulation/build/navigrid_world/install.log --install-scripts $base/lib/navigrid_world --single-version-externally-managed install_data
[0.998s] running egg_info
[1.011s] writing ../../build/navigrid_world/navigrid_world.egg-info/PKG-INFO
[1.011s] writing dependency_links to ../../build/navigrid_world/navigrid_world.egg-info/dependency_links.txt
[1.011s] writing requirements to ../../build/navigrid_world/navigrid_world.egg-info/requires.txt
[1.011s] writing top-level names to ../../build/navigrid_world/navigrid_world.egg-info/top_level.txt
[1.040s] reading manifest file '../../build/navigrid_world/navigrid_world.egg-info/SOURCES.txt'
[1.040s] writing manifest file '../../build/navigrid_world/navigrid_world.egg-info/SOURCES.txt'
[1.040s] running build
[1.041s] running build_py
[1.041s] running install
[1.046s] running install_lib
[1.062s] running install_data
[1.063s] creating /home/navab/robot-simulation/install/navigrid_world/share/navigrid_world/launch
[1.063s] copying launch/competition_world.launch.py -> /home/navab/robot-simulation/install/navigrid_world/share/navigrid_world/launch
[1.064s] creating /home/navab/robot-simulation/install/navigrid_world/share/navigrid_world/worlds
[1.064s] copying worlds/competition_world.sdf -> /home/navab/robot-simulation/install/navigrid_world/share/navigrid_world/worlds
[1.065s] copying worlds/test_world.sdf -> /home/navab/robot-simulation/install/navigrid_world/share/navigrid_world/worlds
[1.066s] running install_egg_info
[1.082s] removing '/home/navab/robot-simulation/install/navigrid_world/lib/python3.12/site-packages/navigrid_world-0.0.0-py3.12.egg-info' (and everything under it)
[1.082s] Copying ../../build/navigrid_world/navigrid_world.egg-info to /home/navab/robot-simulation/install/navigrid_world/lib/python3.12/site-packages/navigrid_world-0.0.0-py3.12.egg-info
[1.084s] running install_scripts
[1.202s] writing list of installed files to '/home/navab/robot-simulation/build/navigrid_world/install.log'
[1.236s] Invoked command in '/home/navab/robot-simulation/src/navigrid_world' returned '0': PYTHONPATH=/home/navab/robot-simulation/build/navigrid_world/prefix_override:/usr/lib/python3/dist-packages/colcon_core/task/python/colcon_distutils_commands:/home/navab/robot-simulation/install/navigrid_world/lib/python3.12/site-packages:${PYTHONPATH} /usr/bin/python3 -W ignore:setup.py install is deprecated -W ignore:easy_install command is deprecated setup.py egg_info --egg-base ../../build/navigrid_world build --build-base /home/navab/robot-simulation/build/navigrid_world/build install --record /home/navab/robot-simulation/build/navigrid_world/install.log --install-scripts $base/lib/navigrid_world --single-version-externally-managed install_data
