[2.882s] Invoking command in '/home/navab/robot-simulation/build/navigrid_navigation': PYTHONPATH=/home/navab/robot-simulation/build/navigrid_navigation/prefix_override:/usr/lib/python3/dist-packages/colcon_core/task/python/colcon_distutils_commands:/home/navab/robot-simulation/install/navigrid_navigation/lib/python3.12/site-packages:${PYTHONPATH} /usr/bin/python3 -W ignore:setup.py install is deprecated -W ignore:easy_install command is deprecated setup.py develop --uninstall --editable --build-directory /home/navab/robot-simulation/build/navigrid_navigation/build
[4.036s] running develop
[4.902s] Removing /home/navab/robot-simulation/install/navigrid_navigation/lib/python3.12/site-packages/navigrid-navigation.egg-link (link to .)
[5.032s] Invoked command in '/home/navab/robot-simulation/build/navigrid_navigation' returned '0': PYTHONPATH=/home/navab/robot-simulation/build/navigrid_navigation/prefix_override:/usr/lib/python3/dist-packages/colcon_core/task/python/colcon_distutils_commands:/home/navab/robot-simulation/install/navigrid_navigation/lib/python3.12/site-packages:${PYTHONPATH} /usr/bin/python3 -W ignore:setup.py install is deprecated -W ignore:easy_install command is deprecated setup.py develop --uninstall --editable --build-directory /home/navab/robot-simulation/build/navigrid_navigation/build
[5.039s] Invoking command in '/home/navab/robot-simulation/src/navigrid_navigation': PYTHONPATH=/home/navab/robot-simulation/build/navigrid_navigation/prefix_override:/usr/lib/python3/dist-packages/colcon_core/task/python/colcon_distutils_commands:/home/navab/robot-simulation/install/navigrid_navigation/lib/python3.12/site-packages:${PYTHONPATH} /usr/bin/python3 -W ignore:setup.py install is deprecated -W ignore:easy_install command is deprecated setup.py egg_info --egg-base ../../build/navigrid_navigation build --build-base /home/navab/robot-simulation/build/navigrid_navigation/build install --record /home/navab/robot-simulation/build/navigrid_navigation/install.log --install-scripts $base/lib/navigrid_navigation --single-version-externally-managed install_data --force
[5.993s] running egg_info
[6.056s] writing ../../build/navigrid_navigation/navigrid_navigation.egg-info/PKG-INFO
[6.068s] writing dependency_links to ../../build/navigrid_navigation/navigrid_navigation.egg-info/dependency_links.txt
[6.069s] writing entry points to ../../build/navigrid_navigation/navigrid_navigation.egg-info/entry_points.txt
[6.069s] writing requirements to ../../build/navigrid_navigation/navigrid_navigation.egg-info/requires.txt
[6.069s] writing top-level names to ../../build/navigrid_navigation/navigrid_navigation.egg-info/top_level.txt
[6.224s] reading manifest file '../../build/navigrid_navigation/navigrid_navigation.egg-info/SOURCES.txt'
[6.230s] writing manifest file '../../build/navigrid_navigation/navigrid_navigation.egg-info/SOURCES.txt'
[6.230s] running build
[6.232s] running build_py
[6.234s] copying navigrid_navigation/odom_tf_broadcaster.py -> /home/navab/robot-simulation/build/navigrid_navigation/build/lib/navigrid_navigation
[6.240s] running install
[6.267s] running install_lib
[6.330s] creating /home/navab/robot-simulation/install/navigrid_navigation/lib/python3.12/site-packages/navigrid_navigation
[6.334s] copying /home/navab/robot-simulation/build/navigrid_navigation/build/lib/navigrid_navigation/odom_tf_broadcaster.py -> /home/navab/robot-simulation/install/navigrid_navigation/lib/python3.12/site-packages/navigrid_navigation
[6.334s] copying /home/navab/robot-simulation/build/navigrid_navigation/build/lib/navigrid_navigation/__init__.py -> /home/navab/robot-simulation/install/navigrid_navigation/lib/python3.12/site-packages/navigrid_navigation
[6.336s] byte-compiling /home/navab/robot-simulation/install/navigrid_navigation/lib/python3.12/site-packages/navigrid_navigation/odom_tf_broadcaster.py to odom_tf_broadcaster.cpython-312.pyc
[6.340s] byte-compiling /home/navab/robot-simulation/install/navigrid_navigation/lib/python3.12/site-packages/navigrid_navigation/__init__.py to __init__.cpython-312.pyc
[6.342s] running install_data
[6.342s] copying resource/navigrid_navigation -> /home/navab/robot-simulation/install/navigrid_navigation/share/ament_index/resource_index/packages
[6.350s] copying package.xml -> /home/navab/robot-simulation/install/navigrid_navigation/share/navigrid_navigation
[6.355s] copying config/nav2_params.yaml -> /home/navab/robot-simulation/install/navigrid_navigation/share/navigrid_navigation/config
[6.356s] copying config/slam_toolbox.yaml -> /home/navab/robot-simulation/install/navigrid_navigation/share/navigrid_navigation/config
[6.359s] copying launch/navigation.launch.py -> /home/navab/robot-simulation/install/navigrid_navigation/share/navigrid_navigation/launch
[6.364s] running install_egg_info
[6.435s] Copying ../../build/navigrid_navigation/navigrid_navigation.egg-info to /home/navab/robot-simulation/install/navigrid_navigation/lib/python3.12/site-packages/navigrid_navigation-0.0.0-py3.12.egg-info
[6.450s] running install_scripts
[6.886s] Installing odom_tf_broadcaster script to /home/navab/robot-simulation/install/navigrid_navigation/lib/navigrid_navigation
[6.891s] writing list of installed files to '/home/navab/robot-simulation/build/navigrid_navigation/install.log'
[6.995s] Invoked command in '/home/navab/robot-simulation/src/navigrid_navigation' returned '0': PYTHONPATH=/home/navab/robot-simulation/build/navigrid_navigation/prefix_override:/usr/lib/python3/dist-packages/colcon_core/task/python/colcon_distutils_commands:/home/navab/robot-simulation/install/navigrid_navigation/lib/python3.12/site-packages:${PYTHONPATH} /usr/bin/python3 -W ignore:setup.py install is deprecated -W ignore:easy_install command is deprecated setup.py egg_info --egg-base ../../build/navigrid_navigation build --build-base /home/navab/robot-simulation/build/navigrid_navigation/build install --record /home/navab/robot-simulation/build/navigrid_navigation/install.log --install-scripts $base/lib/navigrid_navigation --single-version-externally-managed install_data --force
