[1.605s] Invoking command in '/home/navab/robot-simulation/src/navigrid_navigation': PYTHONPATH=/home/navab/robot-simulation/build/navigrid_navigation/prefix_override:/usr/lib/python3/dist-packages/colcon_core/task/python/colcon_distutils_commands:/home/navab/robot-simulation/install/navigrid_navigation/lib/python3.12/site-packages:${PYTHONPATH} /usr/bin/python3 -W ignore:setup.py install is deprecated -W ignore:easy_install command is deprecated setup.py egg_info --egg-base ../../build/navigrid_navigation build --build-base /home/navab/robot-simulation/build/navigrid_navigation/build install --record /home/navab/robot-simulation/build/navigrid_navigation/install.log --install-scripts $base/lib/navigrid_navigation --single-version-externally-managed install_data
[2.098s] running egg_info
[2.128s] writing ../../build/navigrid_navigation/navigrid_navigation.egg-info/PKG-INFO
[2.128s] writing dependency_links to ../../build/navigrid_navigation/navigrid_navigation.egg-info/dependency_links.txt
[2.132s] writing entry points to ../../build/navigrid_navigation/navigrid_navigation.egg-info/entry_points.txt
[2.132s] writing requirements to ../../build/navigrid_navigation/navigrid_navigation.egg-info/requires.txt
[2.132s] writing top-level names to ../../build/navigrid_navigation/navigrid_navigation.egg-info/top_level.txt
[2.198s] reading manifest file '../../build/navigrid_navigation/navigrid_navigation.egg-info/SOURCES.txt'
[2.199s] writing manifest file '../../build/navigrid_navigation/navigrid_navigation.egg-info/SOURCES.txt'
[2.203s] running build
[2.203s] running build_py
[2.204s] running install
[2.211s] running install_lib
[2.252s] running install_data
[2.252s] copying launch/navigation.launch.py -> /home/navab/robot-simulation/install/navigrid_navigation/share/navigrid_navigation/launch
[2.252s] running install_egg_info
[2.295s] removing '/home/navab/robot-simulation/install/navigrid_navigation/lib/python3.12/site-packages/navigrid_navigation-0.0.0-py3.12.egg-info' (and everything under it)
[2.296s] Copying ../../build/navigrid_navigation/navigrid_navigation.egg-info to /home/navab/robot-simulation/install/navigrid_navigation/lib/python3.12/site-packages/navigrid_navigation-0.0.0-py3.12.egg-info
[2.298s] running install_scripts
[2.513s] Installing odom_tf_broadcaster script to /home/navab/robot-simulation/install/navigrid_navigation/lib/navigrid_navigation
[2.514s] writing list of installed files to '/home/navab/robot-simulation/build/navigrid_navigation/install.log'
[2.578s] Invoked command in '/home/navab/robot-simulation/src/navigrid_navigation' returned '0': PYTHONPATH=/home/navab/robot-simulation/build/navigrid_navigation/prefix_override:/usr/lib/python3/dist-packages/colcon_core/task/python/colcon_distutils_commands:/home/navab/robot-simulation/install/navigrid_navigation/lib/python3.12/site-packages:${PYTHONPATH} /usr/bin/python3 -W ignore:setup.py install is deprecated -W ignore:easy_install command is deprecated setup.py egg_info --egg-base ../../build/navigrid_navigation build --build-base /home/navab/robot-simulation/build/navigrid_navigation/build install --record /home/navab/robot-simulation/build/navigrid_navigation/install.log --install-scripts $base/lib/navigrid_navigation --single-version-externally-managed install_data
