[8.751s] Invoking command in '/home/navab/robot-simulation/build/navigrid_planner': PYTHONPATH=/home/navab/robot-simulation/build/navigrid_planner/prefix_override:/usr/lib/python3/dist-packages/colcon_core/task/python/colcon_distutils_commands:/home/navab/robot-simulation/install/navigrid_planner/lib/python3.12/site-packages:${PYTHONPATH} /usr/bin/python3 -W ignore:setup.py install is deprecated -W ignore:easy_install command is deprecated setup.py develop --editable --build-directory /home/navab/robot-simulation/build/navigrid_planner/build --no-deps symlink_data
[9.644s] running develop
[10.616s] running egg_info
[10.617s] creating navigrid_planner.egg-info
[10.708s] writing navigrid_planner.egg-info/PKG-INFO
[10.712s] writing dependency_links to navigrid_planner.egg-info/dependency_links.txt
[10.714s] writing requirements to navigrid_planner.egg-info/requires.txt
[10.717s] writing top-level names to navigrid_planner.egg-info/top_level.txt
[10.719s] writing manifest file 'navigrid_planner.egg-info/SOURCES.txt'
[10.928s] reading manifest file 'navigrid_planner.egg-info/SOURCES.txt'
[10.929s] writing manifest file 'navigrid_planner.egg-info/SOURCES.txt'
[10.994s] running build_ext
[10.994s] Creating /home/navab/robot-simulation/install/navigrid_planner/lib/python3.12/site-packages/navigrid-planner.egg-link (link to .)
[10.998s] 
[10.999s] Installed /home/navab/robot-simulation/build/navigrid_planner
[10.999s] running symlink_data
[11.000s] creating /home/navab/robot-simulation/install/navigrid_planner/share/ament_index
[11.008s] creating /home/navab/robot-simulation/install/navigrid_planner/share/ament_index/resource_index
[11.009s] creating /home/navab/robot-simulation/install/navigrid_planner/share/ament_index/resource_index/packages
[11.010s] symbolically linking /home/navab/robot-simulation/build/navigrid_planner/resource/navigrid_planner -> /home/navab/robot-simulation/install/navigrid_planner/share/ament_index/resource_index/packages
[11.010s] symbolically linking /home/navab/robot-simulation/build/navigrid_planner/package.xml -> /home/navab/robot-simulation/install/navigrid_planner/share/navigrid_planner
[11.225s] Invoked command in '/home/navab/robot-simulation/build/navigrid_planner' returned '0': PYTHONPATH=/home/navab/robot-simulation/build/navigrid_planner/prefix_override:/usr/lib/python3/dist-packages/colcon_core/task/python/colcon_distutils_commands:/home/navab/robot-simulation/install/navigrid_planner/lib/python3.12/site-packages:${PYTHONPATH} /usr/bin/python3 -W ignore:setup.py install is deprecated -W ignore:easy_install command is deprecated setup.py develop --editable --build-directory /home/navab/robot-simulation/build/navigrid_planner/build --no-deps symlink_data
