[0.995s] DEBUG:colcon:Command line arguments: ['/usr/bin/colcon', 'build', '--symlink-install']
[0.996s] DEBUG:colcon:Parsed command line arguments: Namespace(log_base=None, log_level=None, verb_name='build', build_base='build', install_base='install', merge_install=False, symlink_install=True, test_result_base=None, continue_on_error=False, executor='parallel', parallel_workers=8, event_handlers=None, ignore_user_meta=False, metas=['./colcon.meta'], base_paths=['.'], packages_ignore=None, packages_ignore_regex=None, paths=None, packages_up_to=None, packages_up_to_regex=None, packages_above=None, packages_above_and_dependencies=None, packages_above_depth=None, packages_select_by_dep=None, packages_skip_by_dep=None, packages_skip_up_to=None, packages_select_build_failed=False, packages_skip_build_finished=False, packages_select_test_failures=False, packages_skip_test_passed=False, packages_select=None, packages_skip=None, packages_select_regex=None, packages_skip_regex=None, packages_start=None, packages_end=None, cmake_args=None, cmake_target=None, cmake_target_skip_unavailable=False, cmake_clean_cache=False, cmake_clean_first=False, cmake_force_configure=False, ament_cmake_args=None, catkin_cmake_args=None, catkin_skip_building_tests=False, verb_parser=<colcon_defaults.argument_parser.defaults.DefaultArgumentsDecorator object at 0x7612762eb230>, verb_extension=<colcon_core.verb.build.BuildVerb object at 0x761276111ca0>, main=<bound method BuildVerb.main of <colcon_core.verb.build.BuildVerb object at 0x761276111ca0>>)
[1.225s] Level 1:colcon.colcon_core.package_discovery:discover_packages(colcon_meta) check parameters
[1.225s] Level 1:colcon.colcon_core.package_discovery:discover_packages(recursive) check parameters
[1.225s] Level 1:colcon.colcon_core.package_discovery:discover_packages(ignore) check parameters
[1.225s] Level 1:colcon.colcon_core.package_discovery:discover_packages(path) check parameters
[1.225s] Level 1:colcon.colcon_core.package_discovery:discover_packages(colcon_meta) discover
[1.225s] Level 1:colcon.colcon_core.package_discovery:discover_packages(recursive) discover
[1.225s] INFO:colcon.colcon_core.package_discovery:Crawling recursively for packages in '/home/navab/robot-simulation'
[1.226s] Level 1:colcon.colcon_core.package_identification:_identify(.) by extensions ['ignore', 'ignore_ament_install']
[1.226s] Level 1:colcon.colcon_core.package_identification:_identify(.) by extension 'ignore'
[1.226s] Level 1:colcon.colcon_core.package_identification:_identify(.) by extension 'ignore_ament_install'
[1.226s] Level 1:colcon.colcon_core.package_identification:_identify(.) by extensions ['colcon_pkg']
[1.226s] Level 1:colcon.colcon_core.package_identification:_identify(.) by extension 'colcon_pkg'
[1.226s] Level 1:colcon.colcon_core.package_identification:_identify(.) by extensions ['colcon_meta']
[1.226s] Level 1:colcon.colcon_core.package_identification:_identify(.) by extension 'colcon_meta'
[1.226s] Level 1:colcon.colcon_core.package_identification:_identify(.) by extensions ['ros']
[1.226s] Level 1:colcon.colcon_core.package_identification:_identify(.) by extension 'ros'
[1.319s] Level 1:colcon.colcon_core.package_identification:_identify(.) by extensions ['cmake', 'python']
[1.319s] Level 1:colcon.colcon_core.package_identification:_identify(.) by extension 'cmake'
[1.319s] Level 1:colcon.colcon_core.package_identification:_identify(.) by extension 'python'
[1.320s] Level 1:colcon.colcon_core.package_identification:_identify(.) by extensions ['python_setup_py']
[1.320s] Level 1:colcon.colcon_core.package_identification:_identify(.) by extension 'python_setup_py'
[1.320s] Level 1:colcon.colcon_core.package_identification:_identify(build) by extensions ['ignore', 'ignore_ament_install']
[1.321s] Level 1:colcon.colcon_core.package_identification:_identify(build) by extension 'ignore'
[1.321s] Level 1:colcon.colcon_core.package_identification:_identify(build) ignored
[1.321s] Level 1:colcon.colcon_core.package_identification:_identify(install) by extensions ['ignore', 'ignore_ament_install']
[1.321s] Level 1:colcon.colcon_core.package_identification:_identify(install) by extension 'ignore'
[1.321s] Level 1:colcon.colcon_core.package_identification:_identify(install) ignored
[1.321s] Level 1:colcon.colcon_core.package_identification:_identify(log) by extensions ['ignore', 'ignore_ament_install']
[1.321s] Level 1:colcon.colcon_core.package_identification:_identify(log) by extension 'ignore'
[1.322s] Level 1:colcon.colcon_core.package_identification:_identify(log) ignored
[1.322s] Level 1:colcon.colcon_core.package_identification:_identify(robot_description) by extensions ['ignore', 'ignore_ament_install']
[1.322s] Level 1:colcon.colcon_core.package_identification:_identify(robot_description) by extension 'ignore'
[1.322s] Level 1:colcon.colcon_core.package_identification:_identify(robot_description) by extension 'ignore_ament_install'
[1.323s] Level 1:colcon.colcon_core.package_identification:_identify(robot_description) by extensions ['colcon_pkg']
[1.323s] Level 1:colcon.colcon_core.package_identification:_identify(robot_description) by extension 'colcon_pkg'
[1.323s] Level 1:colcon.colcon_core.package_identification:_identify(robot_description) by extensions ['colcon_meta']
[1.323s] Level 1:colcon.colcon_core.package_identification:_identify(robot_description) by extension 'colcon_meta'
[1.323s] Level 1:colcon.colcon_core.package_identification:_identify(robot_description) by extensions ['ros']
[1.323s] Level 1:colcon.colcon_core.package_identification:_identify(robot_description) by extension 'ros'
[1.324s] Level 1:colcon.colcon_core.package_identification:_identify(robot_description) by extensions ['cmake', 'python']
[1.324s] Level 1:colcon.colcon_core.package_identification:_identify(robot_description) by extension 'cmake'
[1.324s] Level 1:colcon.colcon_core.package_identification:_identify(robot_description) by extension 'python'
[1.324s] Level 1:colcon.colcon_core.package_identification:_identify(robot_description) by extensions ['python_setup_py']
[1.324s] Level 1:colcon.colcon_core.package_identification:_identify(robot_description) by extension 'python_setup_py'
[1.324s] Level 1:colcon.colcon_core.package_identification:_identify(robot_description/config) by extensions ['ignore', 'ignore_ament_install']
[1.324s] Level 1:colcon.colcon_core.package_identification:_identify(robot_description/config) by extension 'ignore'
[1.324s] Level 1:colcon.colcon_core.package_identification:_identify(robot_description/config) by extension 'ignore_ament_install'
[1.325s] Level 1:colcon.colcon_core.package_identification:_identify(robot_description/config) by extensions ['colcon_pkg']
[1.325s] Level 1:colcon.colcon_core.package_identification:_identify(robot_description/config) by extension 'colcon_pkg'
[1.325s] Level 1:colcon.colcon_core.package_identification:_identify(robot_description/config) by extensions ['colcon_meta']
[1.325s] Level 1:colcon.colcon_core.package_identification:_identify(robot_description/config) by extension 'colcon_meta'
[1.325s] Level 1:colcon.colcon_core.package_identification:_identify(robot_description/config) by extensions ['ros']
[1.325s] Level 1:colcon.colcon_core.package_identification:_identify(robot_description/config) by extension 'ros'
[1.325s] Level 1:colcon.colcon_core.package_identification:_identify(robot_description/config) by extensions ['cmake', 'python']
[1.325s] Level 1:colcon.colcon_core.package_identification:_identify(robot_description/config) by extension 'cmake'
[1.325s] Level 1:colcon.colcon_core.package_identification:_identify(robot_description/config) by extension 'python'
[1.326s] Level 1:colcon.colcon_core.package_identification:_identify(robot_description/config) by extensions ['python_setup_py']
[1.326s] Level 1:colcon.colcon_core.package_identification:_identify(robot_description/config) by extension 'python_setup_py'
[1.327s] Level 1:colcon.colcon_core.package_identification:_identify(robot_description/launch) by extensions ['ignore', 'ignore_ament_install']
[1.327s] Level 1:colcon.colcon_core.package_identification:_identify(robot_description/launch) by extension 'ignore'
[1.327s] Level 1:colcon.colcon_core.package_identification:_identify(robot_description/launch) by extension 'ignore_ament_install'
[1.328s] Level 1:colcon.colcon_core.package_identification:_identify(robot_description/launch) by extensions ['colcon_pkg']
[1.328s] Level 1:colcon.colcon_core.package_identification:_identify(robot_description/launch) by extension 'colcon_pkg'
[1.329s] Level 1:colcon.colcon_core.package_identification:_identify(robot_description/launch) by extensions ['colcon_meta']
[1.329s] Level 1:colcon.colcon_core.package_identification:_identify(robot_description/launch) by extension 'colcon_meta'
[1.329s] Level 1:colcon.colcon_core.package_identification:_identify(robot_description/launch) by extensions ['ros']
[1.329s] Level 1:colcon.colcon_core.package_identification:_identify(robot_description/launch) by extension 'ros'
[1.330s] Level 1:colcon.colcon_core.package_identification:_identify(robot_description/launch) by extensions ['cmake', 'python']
[1.330s] Level 1:colcon.colcon_core.package_identification:_identify(robot_description/launch) by extension 'cmake'
[1.331s] Level 1:colcon.colcon_core.package_identification:_identify(robot_description/launch) by extension 'python'
[1.331s] Level 1:colcon.colcon_core.package_identification:_identify(robot_description/launch) by extensions ['python_setup_py']
[1.331s] Level 1:colcon.colcon_core.package_identification:_identify(robot_description/launch) by extension 'python_setup_py'
[1.331s] Level 1:colcon.colcon_core.package_identification:_identify(robot_description/urdf) by extensions ['ignore', 'ignore_ament_install']
[1.332s] Level 1:colcon.colcon_core.package_identification:_identify(robot_description/urdf) by extension 'ignore'
[1.332s] Level 1:colcon.colcon_core.package_identification:_identify(robot_description/urdf) by extension 'ignore_ament_install'
[1.333s] Level 1:colcon.colcon_core.package_identification:_identify(robot_description/urdf) by extensions ['colcon_pkg']
[1.333s] Level 1:colcon.colcon_core.package_identification:_identify(robot_description/urdf) by extension 'colcon_pkg'
[1.333s] Level 1:colcon.colcon_core.package_identification:_identify(robot_description/urdf) by extensions ['colcon_meta']
[1.333s] Level 1:colcon.colcon_core.package_identification:_identify(robot_description/urdf) by extension 'colcon_meta'
[1.333s] Level 1:colcon.colcon_core.package_identification:_identify(robot_description/urdf) by extensions ['ros']
[1.333s] Level 1:colcon.colcon_core.package_identification:_identify(robot_description/urdf) by extension 'ros'
[1.333s] Level 1:colcon.colcon_core.package_identification:_identify(robot_description/urdf) by extensions ['cmake', 'python']
[1.333s] Level 1:colcon.colcon_core.package_identification:_identify(robot_description/urdf) by extension 'cmake'
[1.334s] Level 1:colcon.colcon_core.package_identification:_identify(robot_description/urdf) by extension 'python'
[1.334s] Level 1:colcon.colcon_core.package_identification:_identify(robot_description/urdf) by extensions ['python_setup_py']
[1.334s] Level 1:colcon.colcon_core.package_identification:_identify(robot_description/urdf) by extension 'python_setup_py'
[1.335s] Level 1:colcon.colcon_core.package_identification:_identify(screenshots) by extensions ['ignore', 'ignore_ament_install']
[1.335s] Level 1:colcon.colcon_core.package_identification:_identify(screenshots) by extension 'ignore'
[1.335s] Level 1:colcon.colcon_core.package_identification:_identify(screenshots) by extension 'ignore_ament_install'
[1.335s] Level 1:colcon.colcon_core.package_identification:_identify(screenshots) by extensions ['colcon_pkg']
[1.335s] Level 1:colcon.colcon_core.package_identification:_identify(screenshots) by extension 'colcon_pkg'
[1.335s] Level 1:colcon.colcon_core.package_identification:_identify(screenshots) by extensions ['colcon_meta']
[1.335s] Level 1:colcon.colcon_core.package_identification:_identify(screenshots) by extension 'colcon_meta'
[1.335s] Level 1:colcon.colcon_core.package_identification:_identify(screenshots) by extensions ['ros']
[1.335s] Level 1:colcon.colcon_core.package_identification:_identify(screenshots) by extension 'ros'
[1.336s] Level 1:colcon.colcon_core.package_identification:_identify(screenshots) by extensions ['cmake', 'python']
[1.336s] Level 1:colcon.colcon_core.package_identification:_identify(screenshots) by extension 'cmake'
[1.337s] Level 1:colcon.colcon_core.package_identification:_identify(screenshots) by extension 'python'
[1.337s] Level 1:colcon.colcon_core.package_identification:_identify(screenshots) by extensions ['python_setup_py']
[1.337s] Level 1:colcon.colcon_core.package_identification:_identify(screenshots) by extension 'python_setup_py'
[1.338s] Level 1:colcon.colcon_core.package_identification:_identify(scripts) by extensions ['ignore', 'ignore_ament_install']
[1.338s] Level 1:colcon.colcon_core.package_identification:_identify(scripts) by extension 'ignore'
[1.339s] Level 1:colcon.colcon_core.package_identification:_identify(scripts) by extension 'ignore_ament_install'
[1.339s] Level 1:colcon.colcon_core.package_identification:_identify(scripts) by extensions ['colcon_pkg']
[1.339s] Level 1:colcon.colcon_core.package_identification:_identify(scripts) by extension 'colcon_pkg'
[1.339s] Level 1:colcon.colcon_core.package_identification:_identify(scripts) by extensions ['colcon_meta']
[1.339s] Level 1:colcon.colcon_core.package_identification:_identify(scripts) by extension 'colcon_meta'
[1.339s] Level 1:colcon.colcon_core.package_identification:_identify(scripts) by extensions ['ros']
[1.339s] Level 1:colcon.colcon_core.package_identification:_identify(scripts) by extension 'ros'
[1.340s] Level 1:colcon.colcon_core.package_identification:_identify(scripts) by extensions ['cmake', 'python']
[1.340s] Level 1:colcon.colcon_core.package_identification:_identify(scripts) by extension 'cmake'
[1.340s] Level 1:colcon.colcon_core.package_identification:_identify(scripts) by extension 'python'
[1.340s] Level 1:colcon.colcon_core.package_identification:_identify(scripts) by extensions ['python_setup_py']
[1.340s] Level 1:colcon.colcon_core.package_identification:_identify(scripts) by extension 'python_setup_py'
[1.341s] Level 1:colcon.colcon_core.package_identification:_identify(src) by extensions ['ignore', 'ignore_ament_install']
[1.341s] Level 1:colcon.colcon_core.package_identification:_identify(src) by extension 'ignore'
[1.341s] Level 1:colcon.colcon_core.package_identification:_identify(src) by extension 'ignore_ament_install'
[1.341s] Level 1:colcon.colcon_core.package_identification:_identify(src) by extensions ['colcon_pkg']
[1.341s] Level 1:colcon.colcon_core.package_identification:_identify(src) by extension 'colcon_pkg'
[1.341s] Level 1:colcon.colcon_core.package_identification:_identify(src) by extensions ['colcon_meta']
[1.341s] Level 1:colcon.colcon_core.package_identification:_identify(src) by extension 'colcon_meta'
[1.342s] Level 1:colcon.colcon_core.package_identification:_identify(src) by extensions ['ros']
[1.342s] Level 1:colcon.colcon_core.package_identification:_identify(src) by extension 'ros'
[1.342s] Level 1:colcon.colcon_core.package_identification:_identify(src) by extensions ['cmake', 'python']
[1.343s] Level 1:colcon.colcon_core.package_identification:_identify(src) by extension 'cmake'
[1.343s] Level 1:colcon.colcon_core.package_identification:_identify(src) by extension 'python'
[1.343s] Level 1:colcon.colcon_core.package_identification:_identify(src) by extensions ['python_setup_py']
[1.343s] Level 1:colcon.colcon_core.package_identification:_identify(src) by extension 'python_setup_py'
[1.343s] Level 1:colcon.colcon_core.package_identification:_identify(src/navigrid_bringup) by extensions ['ignore', 'ignore_ament_install']
[1.343s] Level 1:colcon.colcon_core.package_identification:_identify(src/navigrid_bringup) by extension 'ignore'
[1.344s] Level 1:colcon.colcon_core.package_identification:_identify(src/navigrid_bringup) by extension 'ignore_ament_install'
[1.344s] Level 1:colcon.colcon_core.package_identification:_identify(src/navigrid_bringup) by extensions ['colcon_pkg']
[1.345s] Level 1:colcon.colcon_core.package_identification:_identify(src/navigrid_bringup) by extension 'colcon_pkg'
[1.345s] Level 1:colcon.colcon_core.package_identification:_identify(src/navigrid_bringup) by extensions ['colcon_meta']
[1.345s] Level 1:colcon.colcon_core.package_identification:_identify(src/navigrid_bringup) by extension 'colcon_meta'
[1.345s] Level 1:colcon.colcon_core.package_identification:_identify(src/navigrid_bringup) by extensions ['ros']
[1.345s] Level 1:colcon.colcon_core.package_identification:_identify(src/navigrid_bringup) by extension 'ros'
[1.364s] DEBUG:colcon.colcon_core.package_identification:Package 'src/navigrid_bringup' with type 'ros.ament_python' and name 'navigrid_bringup'
[1.367s] Level 1:colcon.colcon_core.package_identification:_identify(src/navigrid_description) by extensions ['ignore', 'ignore_ament_install']
[1.367s] Level 1:colcon.colcon_core.package_identification:_identify(src/navigrid_description) by extension 'ignore'
[1.367s] Level 1:colcon.colcon_core.package_identification:_identify(src/navigrid_description) by extension 'ignore_ament_install'
[1.368s] Level 1:colcon.colcon_core.package_identification:_identify(src/navigrid_description) by extensions ['colcon_pkg']
[1.368s] Level 1:colcon.colcon_core.package_identification:_identify(src/navigrid_description) by extension 'colcon_pkg'
[1.368s] Level 1:colcon.colcon_core.package_identification:_identify(src/navigrid_description) by extensions ['colcon_meta']
[1.368s] Level 1:colcon.colcon_core.package_identification:_identify(src/navigrid_description) by extension 'colcon_meta'
[1.368s] Level 1:colcon.colcon_core.package_identification:_identify(src/navigrid_description) by extensions ['ros']
[1.368s] Level 1:colcon.colcon_core.package_identification:_identify(src/navigrid_description) by extension 'ros'
[1.370s] DEBUG:colcon.colcon_core.package_identification:Package 'src/navigrid_description' with type 'ros.ament_python' and name 'navigrid_description'
[1.371s] Level 1:colcon.colcon_core.package_identification:_identify(src/navigrid_navigation) by extensions ['ignore', 'ignore_ament_install']
[1.371s] Level 1:colcon.colcon_core.package_identification:_identify(src/navigrid_navigation) by extension 'ignore'
[1.372s] Level 1:colcon.colcon_core.package_identification:_identify(src/navigrid_navigation) by extension 'ignore_ament_install'
[1.372s] Level 1:colcon.colcon_core.package_identification:_identify(src/navigrid_navigation) by extensions ['colcon_pkg']
[1.372s] Level 1:colcon.colcon_core.package_identification:_identify(src/navigrid_navigation) by extension 'colcon_pkg'
[1.373s] Level 1:colcon.colcon_core.package_identification:_identify(src/navigrid_navigation) by extensions ['colcon_meta']
[1.373s] Level 1:colcon.colcon_core.package_identification:_identify(src/navigrid_navigation) by extension 'colcon_meta'
[1.373s] Level 1:colcon.colcon_core.package_identification:_identify(src/navigrid_navigation) by extensions ['ros']
[1.373s] Level 1:colcon.colcon_core.package_identification:_identify(src/navigrid_navigation) by extension 'ros'
[1.374s] DEBUG:colcon.colcon_core.package_identification:Package 'src/navigrid_navigation' with type 'ros.ament_python' and name 'navigrid_navigation'
[1.375s] Level 1:colcon.colcon_core.package_identification:_identify(src/navigrid_planner) by extensions ['ignore', 'ignore_ament_install']
[1.375s] Level 1:colcon.colcon_core.package_identification:_identify(src/navigrid_planner) by extension 'ignore'
[1.376s] Level 1:colcon.colcon_core.package_identification:_identify(src/navigrid_planner) by extension 'ignore_ament_install'
[1.377s] Level 1:colcon.colcon_core.package_identification:_identify(src/navigrid_planner) by extensions ['colcon_pkg']
[1.377s] Level 1:colcon.colcon_core.package_identification:_identify(src/navigrid_planner) by extension 'colcon_pkg'
[1.377s] Level 1:colcon.colcon_core.package_identification:_identify(src/navigrid_planner) by extensions ['colcon_meta']
[1.378s] Level 1:colcon.colcon_core.package_identification:_identify(src/navigrid_planner) by extension 'colcon_meta'
[1.378s] Level 1:colcon.colcon_core.package_identification:_identify(src/navigrid_planner) by extensions ['ros']
[1.378s] Level 1:colcon.colcon_core.package_identification:_identify(src/navigrid_planner) by extension 'ros'
[1.379s] DEBUG:colcon.colcon_core.package_identification:Package 'src/navigrid_planner' with type 'ros.ament_python' and name 'navigrid_planner'
[1.379s] Level 1:colcon.colcon_core.package_identification:_identify(src/navigrid_safety) by extensions ['ignore', 'ignore_ament_install']
[1.379s] Level 1:colcon.colcon_core.package_identification:_identify(src/navigrid_safety) by extension 'ignore'
[1.379s] Level 1:colcon.colcon_core.package_identification:_identify(src/navigrid_safety) by extension 'ignore_ament_install'
[1.380s] Level 1:colcon.colcon_core.package_identification:_identify(src/navigrid_safety) by extensions ['colcon_pkg']
[1.380s] Level 1:colcon.colcon_core.package_identification:_identify(src/navigrid_safety) by extension 'colcon_pkg'
[1.380s] Level 1:colcon.colcon_core.package_identification:_identify(src/navigrid_safety) by extensions ['colcon_meta']
[1.380s] Level 1:colcon.colcon_core.package_identification:_identify(src/navigrid_safety) by extension 'colcon_meta'
[1.380s] Level 1:colcon.colcon_core.package_identification:_identify(src/navigrid_safety) by extensions ['ros']
[1.380s] Level 1:colcon.colcon_core.package_identification:_identify(src/navigrid_safety) by extension 'ros'
[1.382s] DEBUG:colcon.colcon_core.package_identification:Package 'src/navigrid_safety' with type 'ros.ament_python' and name 'navigrid_safety'
[1.383s] Level 1:colcon.colcon_core.package_identification:_identify(src/navigrid_world) by extensions ['ignore', 'ignore_ament_install']
[1.383s] Level 1:colcon.colcon_core.package_identification:_identify(src/navigrid_world) by extension 'ignore'
[1.383s] Level 1:colcon.colcon_core.package_identification:_identify(src/navigrid_world) by extension 'ignore_ament_install'
[1.383s] Level 1:colcon.colcon_core.package_identification:_identify(src/navigrid_world) by extensions ['colcon_pkg']
[1.384s] Level 1:colcon.colcon_core.package_identification:_identify(src/navigrid_world) by extension 'colcon_pkg'
[1.384s] Level 1:colcon.colcon_core.package_identification:_identify(src/navigrid_world) by extensions ['colcon_meta']
[1.384s] Level 1:colcon.colcon_core.package_identification:_identify(src/navigrid_world) by extension 'colcon_meta'
[1.384s] Level 1:colcon.colcon_core.package_identification:_identify(src/navigrid_world) by extensions ['ros']
[1.384s] Level 1:colcon.colcon_core.package_identification:_identify(src/navigrid_world) by extension 'ros'
[1.385s] DEBUG:colcon.colcon_core.package_identification:Package 'src/navigrid_world' with type 'ros.ament_python' and name 'navigrid_world'
[1.386s] Level 1:colcon.colcon_core.package_identification:_identify(worlds) by extensions ['ignore', 'ignore_ament_install']
[1.386s] Level 1:colcon.colcon_core.package_identification:_identify(worlds) by extension 'ignore'
[1.386s] Level 1:colcon.colcon_core.package_identification:_identify(worlds) by extension 'ignore_ament_install'
[1.387s] Level 1:colcon.colcon_core.package_identification:_identify(worlds) by extensions ['colcon_pkg']
[1.387s] Level 1:colcon.colcon_core.package_identification:_identify(worlds) by extension 'colcon_pkg'
[1.387s] Level 1:colcon.colcon_core.package_identification:_identify(worlds) by extensions ['colcon_meta']
[1.387s] Level 1:colcon.colcon_core.package_identification:_identify(worlds) by extension 'colcon_meta'
[1.387s] Level 1:colcon.colcon_core.package_identification:_identify(worlds) by extensions ['ros']
[1.387s] Level 1:colcon.colcon_core.package_identification:_identify(worlds) by extension 'ros'
[1.388s] Level 1:colcon.colcon_core.package_identification:_identify(worlds) by extensions ['cmake', 'python']
[1.388s] Level 1:colcon.colcon_core.package_identification:_identify(worlds) by extension 'cmake'
[1.388s] Level 1:colcon.colcon_core.package_identification:_identify(worlds) by extension 'python'
[1.389s] Level 1:colcon.colcon_core.package_identification:_identify(worlds) by extensions ['python_setup_py']
[1.389s] Level 1:colcon.colcon_core.package_identification:_identify(worlds) by extension 'python_setup_py'
[1.389s] Level 1:colcon.colcon_core.package_discovery:discover_packages(recursive) using defaults
[1.389s] Level 1:colcon.colcon_core.package_discovery:discover_packages(ignore) discover
[1.389s] Level 1:colcon.colcon_core.package_discovery:discover_packages(ignore) using defaults
[1.389s] Level 1:colcon.colcon_core.package_discovery:discover_packages(path) discover
[1.389s] Level 1:colcon.colcon_core.package_discovery:discover_packages(path) using defaults
[1.454s] Level 5:colcon.colcon_core.verb:set package 'navigrid_bringup' build argument 'cmake_args' from command line to 'None'
[1.454s] Level 5:colcon.colcon_core.verb:set package 'navigrid_bringup' build argument 'cmake_target' from command line to 'None'
[1.454s] Level 5:colcon.colcon_core.verb:set package 'navigrid_bringup' build argument 'cmake_target_skip_unavailable' from command line to 'False'
[1.454s] Level 5:colcon.colcon_core.verb:set package 'navigrid_bringup' build argument 'cmake_clean_cache' from command line to 'False'
[1.454s] Level 5:colcon.colcon_core.verb:set package 'navigrid_bringup' build argument 'cmake_clean_first' from command line to 'False'
[1.454s] Level 5:colcon.colcon_core.verb:set package 'navigrid_bringup' build argument 'cmake_force_configure' from command line to 'False'
[1.454s] Level 5:colcon.colcon_core.verb:set package 'navigrid_bringup' build argument 'ament_cmake_args' from command line to 'None'
[1.454s] Level 5:colcon.colcon_core.verb:set package 'navigrid_bringup' build argument 'catkin_cmake_args' from command line to 'None'
[1.454s] Level 5:colcon.colcon_core.verb:set package 'navigrid_bringup' build argument 'catkin_skip_building_tests' from command line to 'False'
[1.454s] DEBUG:colcon.colcon_core.verb:Building package 'navigrid_bringup' with the following arguments: {'ament_cmake_args': None, 'build_base': '/home/navab/robot-simulation/build/navigrid_bringup', 'catkin_cmake_args': None, 'catkin_skip_building_tests': False, 'cmake_args': None, 'cmake_clean_cache': False, 'cmake_clean_first': False, 'cmake_force_configure': False, 'cmake_target': None, 'cmake_target_skip_unavailable': False, 'install_base': '/home/navab/robot-simulation/install/navigrid_bringup', 'merge_install': False, 'path': '/home/navab/robot-simulation/src/navigrid_bringup', 'symlink_install': True, 'test_result_base': None}
[1.455s] Level 5:colcon.colcon_core.verb:set package 'navigrid_description' build argument 'cmake_args' from command line to 'None'
[1.455s] Level 5:colcon.colcon_core.verb:set package 'navigrid_description' build argument 'cmake_target' from command line to 'None'
[1.455s] Level 5:colcon.colcon_core.verb:set package 'navigrid_description' build argument 'cmake_target_skip_unavailable' from command line to 'False'
[1.455s] Level 5:colcon.colcon_core.verb:set package 'navigrid_description' build argument 'cmake_clean_cache' from command line to 'False'
[1.455s] Level 5:colcon.colcon_core.verb:set package 'navigrid_description' build argument 'cmake_clean_first' from command line to 'False'
[1.455s] Level 5:colcon.colcon_core.verb:set package 'navigrid_description' build argument 'cmake_force_configure' from command line to 'False'
[1.455s] Level 5:colcon.colcon_core.verb:set package 'navigrid_description' build argument 'ament_cmake_args' from command line to 'None'
[1.455s] Level 5:colcon.colcon_core.verb:set package 'navigrid_description' build argument 'catkin_cmake_args' from command line to 'None'
[1.455s] Level 5:colcon.colcon_core.verb:set package 'navigrid_description' build argument 'catkin_skip_building_tests' from command line to 'False'
[1.456s] DEBUG:colcon.colcon_core.verb:Building package 'navigrid_description' with the following arguments: {'ament_cmake_args': None, 'build_base': '/home/navab/robot-simulation/build/navigrid_description', 'catkin_cmake_args': None, 'catkin_skip_building_tests': False, 'cmake_args': None, 'cmake_clean_cache': False, 'cmake_clean_first': False, 'cmake_force_configure': False, 'cmake_target': None, 'cmake_target_skip_unavailable': False, 'install_base': '/home/navab/robot-simulation/install/navigrid_description', 'merge_install': False, 'path': '/home/navab/robot-simulation/src/navigrid_description', 'symlink_install': True, 'test_result_base': None}
[1.461s] Level 5:colcon.colcon_core.verb:set package 'navigrid_navigation' build argument 'cmake_args' from command line to 'None'
[1.461s] Level 5:colcon.colcon_core.verb:set package 'navigrid_navigation' build argument 'cmake_target' from command line to 'None'
[1.461s] Level 5:colcon.colcon_core.verb:set package 'navigrid_navigation' build argument 'cmake_target_skip_unavailable' from command line to 'False'
[1.461s] Level 5:colcon.colcon_core.verb:set package 'navigrid_navigation' build argument 'cmake_clean_cache' from command line to 'False'
[1.462s] Level 5:colcon.colcon_core.verb:set package 'navigrid_navigation' build argument 'cmake_clean_first' from command line to 'False'
[1.462s] Level 5:colcon.colcon_core.verb:set package 'navigrid_navigation' build argument 'cmake_force_configure' from command line to 'False'
[1.462s] Level 5:colcon.colcon_core.verb:set package 'navigrid_navigation' build argument 'ament_cmake_args' from command line to 'None'
[1.462s] Level 5:colcon.colcon_core.verb:set package 'navigrid_navigation' build argument 'catkin_cmake_args' from command line to 'None'
[1.462s] Level 5:colcon.colcon_core.verb:set package 'navigrid_navigation' build argument 'catkin_skip_building_tests' from command line to 'False'
[1.462s] DEBUG:colcon.colcon_core.verb:Building package 'navigrid_navigation' with the following arguments: {'ament_cmake_args': None, 'build_base': '/home/navab/robot-simulation/build/navigrid_navigation', 'catkin_cmake_args': None, 'catkin_skip_building_tests': False, 'cmake_args': None, 'cmake_clean_cache': False, 'cmake_clean_first': False, 'cmake_force_configure': False, 'cmake_target': None, 'cmake_target_skip_unavailable': False, 'install_base': '/home/navab/robot-simulation/install/navigrid_navigation', 'merge_install': False, 'path': '/home/navab/robot-simulation/src/navigrid_navigation', 'symlink_install': True, 'test_result_base': None}
[1.462s] Level 5:colcon.colcon_core.verb:set package 'navigrid_planner' build argument 'cmake_args' from command line to 'None'
[1.462s] Level 5:colcon.colcon_core.verb:set package 'navigrid_planner' build argument 'cmake_target' from command line to 'None'
[1.462s] Level 5:colcon.colcon_core.verb:set package 'navigrid_planner' build argument 'cmake_target_skip_unavailable' from command line to 'False'
[1.462s] Level 5:colcon.colcon_core.verb:set package 'navigrid_planner' build argument 'cmake_clean_cache' from command line to 'False'
[1.462s] Level 5:colcon.colcon_core.verb:set package 'navigrid_planner' build argument 'cmake_clean_first' from command line to 'False'
[1.462s] Level 5:colcon.colcon_core.verb:set package 'navigrid_planner' build argument 'cmake_force_configure' from command line to 'False'
[1.462s] Level 5:colcon.colcon_core.verb:set package 'navigrid_planner' build argument 'ament_cmake_args' from command line to 'None'
[1.462s] Level 5:colcon.colcon_core.verb:set package 'navigrid_planner' build argument 'catkin_cmake_args' from command line to 'None'
[1.462s] Level 5:colcon.colcon_core.verb:set package 'navigrid_planner' build argument 'catkin_skip_building_tests' from command line to 'False'
[1.462s] DEBUG:colcon.colcon_core.verb:Building package 'navigrid_planner' with the following arguments: {'ament_cmake_args': None, 'build_base': '/home/navab/robot-simulation/build/navigrid_planner', 'catkin_cmake_args': None, 'catkin_skip_building_tests': False, 'cmake_args': None, 'cmake_clean_cache': False, 'cmake_clean_first': False, 'cmake_force_configure': False, 'cmake_target': None, 'cmake_target_skip_unavailable': False, 'install_base': '/home/navab/robot-simulation/install/navigrid_planner', 'merge_install': False, 'path': '/home/navab/robot-simulation/src/navigrid_planner', 'symlink_install': True, 'test_result_base': None}
[1.463s] Level 5:colcon.colcon_core.verb:set package 'navigrid_safety' build argument 'cmake_args' from command line to 'None'
[1.463s] Level 5:colcon.colcon_core.verb:set package 'navigrid_safety' build argument 'cmake_target' from command line to 'None'
[1.463s] Level 5:colcon.colcon_core.verb:set package 'navigrid_safety' build argument 'cmake_target_skip_unavailable' from command line to 'False'
[1.463s] Level 5:colcon.colcon_core.verb:set package 'navigrid_safety' build argument 'cmake_clean_cache' from command line to 'False'
[1.463s] Level 5:colcon.colcon_core.verb:set package 'navigrid_safety' build argument 'cmake_clean_first' from command line to 'False'
[1.463s] Level 5:colcon.colcon_core.verb:set package 'navigrid_safety' build argument 'cmake_force_configure' from command line to 'False'
[1.463s] Level 5:colcon.colcon_core.verb:set package 'navigrid_safety' build argument 'ament_cmake_args' from command line to 'None'
[1.463s] Level 5:colcon.colcon_core.verb:set package 'navigrid_safety' build argument 'catkin_cmake_args' from command line to 'None'
[1.463s] Level 5:colcon.colcon_core.verb:set package 'navigrid_safety' build argument 'catkin_skip_building_tests' from command line to 'False'
[1.463s] DEBUG:colcon.colcon_core.verb:Building package 'navigrid_safety' with the following arguments: {'ament_cmake_args': None, 'build_base': '/home/navab/robot-simulation/build/navigrid_safety', 'catkin_cmake_args': None, 'catkin_skip_building_tests': False, 'cmake_args': None, 'cmake_clean_cache': False, 'cmake_clean_first': False, 'cmake_force_configure': False, 'cmake_target': None, 'cmake_target_skip_unavailable': False, 'install_base': '/home/navab/robot-simulation/install/navigrid_safety', 'merge_install': False, 'path': '/home/navab/robot-simulation/src/navigrid_safety', 'symlink_install': True, 'test_result_base': None}
[1.463s] Level 5:colcon.colcon_core.verb:set package 'navigrid_world' build argument 'cmake_args' from command line to 'None'
[1.463s] Level 5:colcon.colcon_core.verb:set package 'navigrid_world' build argument 'cmake_target' from command line to 'None'
[1.463s] Level 5:colcon.colcon_core.verb:set package 'navigrid_world' build argument 'cmake_target_skip_unavailable' from command line to 'False'
[1.464s] Level 5:colcon.colcon_core.verb:set package 'navigrid_world' build argument 'cmake_clean_cache' from command line to 'False'
[1.464s] Level 5:colcon.colcon_core.verb:set package 'navigrid_world' build argument 'cmake_clean_first' from command line to 'False'
[1.464s] Level 5:colcon.colcon_core.verb:set package 'navigrid_world' build argument 'cmake_force_configure' from command line to 'False'
[1.464s] Level 5:colcon.colcon_core.verb:set package 'navigrid_world' build argument 'ament_cmake_args' from command line to 'None'
[1.464s] Level 5:colcon.colcon_core.verb:set package 'navigrid_world' build argument 'catkin_cmake_args' from command line to 'None'
[1.464s] Level 5:colcon.colcon_core.verb:set package 'navigrid_world' build argument 'catkin_skip_building_tests' from command line to 'False'
[1.464s] DEBUG:colcon.colcon_core.verb:Building package 'navigrid_world' with the following arguments: {'ament_cmake_args': None, 'build_base': '/home/navab/robot-simulation/build/navigrid_world', 'catkin_cmake_args': None, 'catkin_skip_building_tests': False, 'cmake_args': None, 'cmake_clean_cache': False, 'cmake_clean_first': False, 'cmake_force_configure': False, 'cmake_target': None, 'cmake_target_skip_unavailable': False, 'install_base': '/home/navab/robot-simulation/install/navigrid_world', 'merge_install': False, 'path': '/home/navab/robot-simulation/src/navigrid_world', 'symlink_install': True, 'test_result_base': None}
[1.464s] INFO:colcon.colcon_core.executor:Executing jobs using 'parallel' executor
[1.471s] DEBUG:colcon.colcon_parallel_executor.executor.parallel:run_until_complete
[1.471s] INFO:colcon.colcon_ros.task.ament_python.build:Building ROS package in '/home/navab/robot-simulation/src/navigrid_bringup' with build type 'ament_python'
[1.471s] Level 1:colcon.colcon_core.shell:create_environment_hook('navigrid_bringup', 'ament_prefix_path')
[1.476s] INFO:colcon.colcon_core.plugin_system:Skipping extension 'colcon_core.shell.bat': Not used on non-Windows systems
[1.476s] INFO:colcon.colcon_core.shell:Creating environment descriptor '/home/navab/robot-simulation/install/navigrid_bringup/share/navigrid_bringup/hook/ament_prefix_path.dsv'
[1.479s] INFO:colcon.colcon_core.shell:Creating environment hook '/home/navab/robot-simulation/install/navigrid_bringup/share/navigrid_bringup/hook/ament_prefix_path.sh'
[1.480s] DEBUG:colcon.colcon_core.shell:Skip shell extension 'dsv' for command environment
[1.502s] INFO:colcon.colcon_ros.task.ament_python.build:Building ROS package in '/home/navab/robot-simulation/src/navigrid_description' with build type 'ament_python'
[1.502s] Level 1:colcon.colcon_core.shell:create_environment_hook('navigrid_description', 'ament_prefix_path')
[1.503s] INFO:colcon.colcon_core.shell:Creating environment descriptor '/home/navab/robot-simulation/install/navigrid_description/share/navigrid_description/hook/ament_prefix_path.dsv'
[1.513s] INFO:colcon.colcon_core.shell:Creating environment hook '/home/navab/robot-simulation/install/navigrid_description/share/navigrid_description/hook/ament_prefix_path.sh'
[1.516s] DEBUG:colcon.colcon_core.shell:Skip shell extension 'dsv' for command environment
[1.529s] INFO:colcon.colcon_ros.task.ament_python.build:Building ROS package in '/home/navab/robot-simulation/src/navigrid_navigation' with build type 'ament_python'
[1.529s] Level 1:colcon.colcon_core.shell:create_environment_hook('navigrid_navigation', 'ament_prefix_path')
[1.530s] INFO:colcon.colcon_core.shell:Creating environment descriptor '/home/navab/robot-simulation/install/navigrid_navigation/share/navigrid_navigation/hook/ament_prefix_path.dsv'
[1.538s] INFO:colcon.colcon_core.shell:Creating environment hook '/home/navab/robot-simulation/install/navigrid_navigation/share/navigrid_navigation/hook/ament_prefix_path.sh'
[1.540s] DEBUG:colcon.colcon_core.shell:Skip shell extension 'dsv' for command environment
[1.548s] INFO:colcon.colcon_ros.task.ament_python.build:Building ROS package in '/home/navab/robot-simulation/src/navigrid_planner' with build type 'ament_python'
[1.548s] Level 1:colcon.colcon_core.shell:create_environment_hook('navigrid_planner', 'ament_prefix_path')
[1.549s] INFO:colcon.colcon_core.shell:Creating environment descriptor '/home/navab/robot-simulation/install/navigrid_planner/share/navigrid_planner/hook/ament_prefix_path.dsv'
[1.562s] INFO:colcon.colcon_core.shell:Creating environment hook '/home/navab/robot-simulation/install/navigrid_planner/share/navigrid_planner/hook/ament_prefix_path.sh'
[1.563s] DEBUG:colcon.colcon_core.shell:Skip shell extension 'dsv' for command environment
[1.583s] INFO:colcon.colcon_ros.task.ament_python.build:Building ROS package in '/home/navab/robot-simulation/src/navigrid_safety' with build type 'ament_python'
[1.583s] Level 1:colcon.colcon_core.shell:create_environment_hook('navigrid_safety', 'ament_prefix_path')
[1.584s] INFO:colcon.colcon_core.shell:Creating environment descriptor '/home/navab/robot-simulation/install/navigrid_safety/share/navigrid_safety/hook/ament_prefix_path.dsv'
[1.592s] INFO:colcon.colcon_core.shell:Creating environment hook '/home/navab/robot-simulation/install/navigrid_safety/share/navigrid_safety/hook/ament_prefix_path.sh'
[1.599s] DEBUG:colcon.colcon_core.shell:Skip shell extension 'dsv' for command environment
[1.610s] INFO:colcon.colcon_ros.task.ament_python.build:Building ROS package in '/home/navab/robot-simulation/src/navigrid_world' with build type 'ament_python'
[1.610s] Level 1:colcon.colcon_core.shell:create_environment_hook('navigrid_world', 'ament_prefix_path')
[1.610s] INFO:colcon.colcon_core.shell:Creating environment descriptor '/home/navab/robot-simulation/install/navigrid_world/share/navigrid_world/hook/ament_prefix_path.dsv'
[1.614s] INFO:colcon.colcon_core.shell:Creating environment hook '/home/navab/robot-simulation/install/navigrid_world/share/navigrid_world/hook/ament_prefix_path.sh'
[1.616s] DEBUG:colcon.colcon_core.shell:Skip shell extension 'dsv' for command environment
[2.247s] INFO:colcon.colcon_core.task.python.build:Building Python package in '/home/navab/robot-simulation/src/navigrid_bringup'
[2.247s] DEBUG:colcon.colcon_core.shell:Skip shell extension 'dsv' for command environment
[2.922s] INFO:colcon.colcon_core.task.python.build:Building Python package in '/home/navab/robot-simulation/src/navigrid_description'
[2.925s] DEBUG:colcon.colcon_core.shell:Skip shell extension 'dsv' for command environment
[3.484s] INFO:colcon.colcon_core.task.python.build:Building Python package in '/home/navab/robot-simulation/src/navigrid_navigation'
[3.484s] DEBUG:colcon.colcon_core.shell:Skip shell extension 'dsv' for command environment
[3.982s] INFO:colcon.colcon_core.task.python.build:Building Python package in '/home/navab/robot-simulation/src/navigrid_planner'
[3.982s] DEBUG:colcon.colcon_core.shell:Skip shell extension 'dsv' for command environment
[4.464s] INFO:colcon.colcon_core.task.python.build:Building Python package in '/home/navab/robot-simulation/src/navigrid_safety'
[4.465s] DEBUG:colcon.colcon_core.shell:Skip shell extension 'dsv' for command environment
[4.956s] INFO:colcon.colcon_core.task.python.build:Building Python package in '/home/navab/robot-simulation/src/navigrid_world'
[4.957s] DEBUG:colcon.colcon_core.shell:Skip shell extension 'dsv' for command environment
[8.492s] DEBUG:colcon.colcon_core.task.python.build:Available setuptools commands: register, easy_install, check, init_catalog, extract_messages, build_scripts, bdist, dist_info, setopt, install_lib, develop, upload_docs, build_py, bdist_egg, install_headers, egg_info, sdist, rotate, bdist_dumb, install_data, bdist_rpm, alias, saveopts, clean, compile_catalog, upload, editable_wheel, test, install_scripts, build_ext, install, symlink_data, build, build_clib, update_catalog, install_egg_info
[8.515s] DEBUG:colcon.colcon_core.task.python.build:Available setuptools commands: register, easy_install, check, init_catalog, extract_messages, build_scripts, bdist, dist_info, setopt, install_lib, develop, upload_docs, build_py, bdist_egg, install_headers, egg_info, sdist, rotate, bdist_dumb, install_data, bdist_rpm, alias, saveopts, clean, compile_catalog, upload, editable_wheel, test, install_scripts, build_ext, install, symlink_data, build, build_clib, update_catalog, install_egg_info
[8.565s] DEBUG:colcon.colcon_core.task.python.build:Available setuptools commands: register, easy_install, check, init_catalog, extract_messages, build_scripts, bdist, dist_info, setopt, install_lib, develop, upload_docs, build_py, bdist_egg, install_headers, egg_info, sdist, rotate, bdist_dumb, install_data, bdist_rpm, alias, saveopts, clean, compile_catalog, upload, editable_wheel, test, install_scripts, build_ext, install, symlink_data, build, build_clib, update_catalog, install_egg_info
[8.605s] DEBUG:colcon.colcon_core.task.python.build:Available setuptools commands: register, easy_install, check, init_catalog, extract_messages, build_scripts, bdist, dist_info, setopt, install_lib, develop, upload_docs, build_py, bdist_egg, install_headers, egg_info, sdist, rotate, bdist_dumb, install_data, bdist_rpm, alias, saveopts, clean, compile_catalog, upload, editable_wheel, test, install_scripts, build_ext, install, symlink_data, build, build_clib, update_catalog, install_egg_info
[8.618s] DEBUG:colcon.colcon_core.task.python.build:Available setuptools commands: register, easy_install, check, init_catalog, extract_messages, build_scripts, bdist, dist_info, setopt, install_lib, develop, upload_docs, build_py, bdist_egg, install_headers, egg_info, sdist, rotate, bdist_dumb, install_data, bdist_rpm, alias, saveopts, clean, compile_catalog, upload, editable_wheel, test, install_scripts, build_ext, install, symlink_data, build, build_clib, update_catalog, install_egg_info
[8.649s] DEBUG:colcon.colcon_core.task.python.build:Available setuptools commands: register, easy_install, check, init_catalog, extract_messages, build_scripts, bdist, dist_info, setopt, install_lib, develop, upload_docs, build_py, bdist_egg, install_headers, egg_info, sdist, rotate, bdist_dumb, install_data, bdist_rpm, alias, saveopts, clean, compile_catalog, upload, editable_wheel, test, install_scripts, build_ext, install, symlink_data, build, build_clib, update_catalog, install_egg_info
[9.993s] DEBUG:colcon.colcon_core.task.python.build:Available setuptools 'develop' options: --optimize, --build-directory, --uninstall, --no-find-links, --multi-version, --always-copy, --zip-ok, --find-links, --upgrade, --allow-hosts, --script-dir, --prefix, --site-dirs, --install-layout, --version, --exclude-scripts, --force-installation-into-system-dir, --index-url, --egg-path, --record, --user, --install-dir, --dry-run, --quiet, --no-user-cfg, --verbose, --no-deps, --help, --always-unzip, --editable, --local-snapshots-ok
[10.015s] DEBUG:colcon.colcon_core.event_handler.log_command:Invoking command in '/home/navab/robot-simulation/build/navigrid_navigation': PYTHONPATH=/home/navab/robot-simulation/build/navigrid_navigation/prefix_override:/usr/lib/python3/dist-packages/colcon_core/task/python/colcon_distutils_commands:/home/navab/robot-simulation/install/navigrid_navigation/lib/python3.12/site-packages:${PYTHONPATH} /usr/bin/python3 -W ignore:setup.py install is deprecated -W ignore:easy_install command is deprecated setup.py develop --editable --build-directory /home/navab/robot-simulation/build/navigrid_navigation/build --no-deps symlink_data
[10.039s] DEBUG:colcon.colcon_core.task.python.build:Available setuptools 'develop' options: --optimize, --build-directory, --uninstall, --no-find-links, --multi-version, --always-copy, --zip-ok, --find-links, --upgrade, --allow-hosts, --script-dir, --prefix, --site-dirs, --install-layout, --version, --exclude-scripts, --force-installation-into-system-dir, --index-url, --egg-path, --record, --user, --install-dir, --dry-run, --quiet, --no-user-cfg, --verbose, --no-deps, --help, --always-unzip, --editable, --local-snapshots-ok
[10.067s] DEBUG:colcon.colcon_core.event_handler.log_command:Invoking command in '/home/navab/robot-simulation/build/navigrid_description': PYTHONPATH=/home/navab/robot-simulation/build/navigrid_description/prefix_override:/usr/lib/python3/dist-packages/colcon_core/task/python/colcon_distutils_commands:/home/navab/robot-simulation/install/navigrid_description/lib/python3.12/site-packages:${PYTHONPATH} /usr/bin/python3 -W ignore:setup.py install is deprecated -W ignore:easy_install command is deprecated setup.py develop --editable --build-directory /home/navab/robot-simulation/build/navigrid_description/build --no-deps symlink_data
[10.069s] DEBUG:colcon.colcon_core.task.python.build:Available setuptools 'develop' options: --optimize, --build-directory, --uninstall, --no-find-links, --multi-version, --always-copy, --zip-ok, --find-links, --upgrade, --allow-hosts, --script-dir, --prefix, --site-dirs, --install-layout, --version, --exclude-scripts, --force-installation-into-system-dir, --index-url, --egg-path, --record, --user, --install-dir, --dry-run, --quiet, --no-user-cfg, --verbose, --no-deps, --help, --always-unzip, --editable, --local-snapshots-ok
[10.086s] DEBUG:colcon.colcon_core.event_handler.log_command:Invoking command in '/home/navab/robot-simulation/build/navigrid_safety': PYTHONPATH=/home/navab/robot-simulation/build/navigrid_safety/prefix_override:/usr/lib/python3/dist-packages/colcon_core/task/python/colcon_distutils_commands:/home/navab/robot-simulation/install/navigrid_safety/lib/python3.12/site-packages:${PYTHONPATH} /usr/bin/python3 -W ignore:setup.py install is deprecated -W ignore:easy_install command is deprecated setup.py develop --editable --build-directory /home/navab/robot-simulation/build/navigrid_safety/build --no-deps symlink_data
[10.087s] DEBUG:colcon.colcon_core.task.python.build:Available setuptools 'develop' options: --optimize, --build-directory, --uninstall, --no-find-links, --multi-version, --always-copy, --zip-ok, --find-links, --upgrade, --allow-hosts, --script-dir, --prefix, --site-dirs, --install-layout, --version, --exclude-scripts, --force-installation-into-system-dir, --index-url, --egg-path, --record, --user, --install-dir, --dry-run, --quiet, --no-user-cfg, --verbose, --no-deps, --help, --always-unzip, --editable, --local-snapshots-ok
[10.096s] DEBUG:colcon.colcon_core.event_handler.log_command:Invoking command in '/home/navab/robot-simulation/build/navigrid_world': PYTHONPATH=/home/navab/robot-simulation/build/navigrid_world/prefix_override:/usr/lib/python3/dist-packages/colcon_core/task/python/colcon_distutils_commands:/home/navab/robot-simulation/install/navigrid_world/lib/python3.12/site-packages:${PYTHONPATH} /usr/bin/python3 -W ignore:setup.py install is deprecated -W ignore:easy_install command is deprecated setup.py develop --editable --build-directory /home/navab/robot-simulation/build/navigrid_world/build --no-deps symlink_data
[10.196s] DEBUG:colcon.colcon_core.task.python.build:Available setuptools 'develop' options: --optimize, --build-directory, --uninstall, --no-find-links, --multi-version, --always-copy, --zip-ok, --find-links, --upgrade, --allow-hosts, --script-dir, --prefix, --site-dirs, --install-layout, --version, --exclude-scripts, --force-installation-into-system-dir, --index-url, --egg-path, --record, --user, --install-dir, --dry-run, --quiet, --no-user-cfg, --verbose, --no-deps, --help, --always-unzip, --editable, --local-snapshots-ok
[10.213s] DEBUG:colcon.colcon_core.event_handler.log_command:Invoking command in '/home/navab/robot-simulation/build/navigrid_bringup': PYTHONPATH=/home/navab/robot-simulation/build/navigrid_bringup/prefix_override:/usr/lib/python3/dist-packages/colcon_core/task/python/colcon_distutils_commands:/home/navab/robot-simulation/install/navigrid_bringup/lib/python3.12/site-packages:${PYTHONPATH} /usr/bin/python3 -W ignore:setup.py install is deprecated -W ignore:easy_install command is deprecated setup.py develop --editable --build-directory /home/navab/robot-simulation/build/navigrid_bringup/build --no-deps symlink_data
[10.285s] DEBUG:colcon.colcon_core.task.python.build:Available setuptools 'develop' options: --optimize, --build-directory, --uninstall, --no-find-links, --multi-version, --always-copy, --zip-ok, --find-links, --upgrade, --allow-hosts, --script-dir, --prefix, --site-dirs, --install-layout, --version, --exclude-scripts, --force-installation-into-system-dir, --index-url, --egg-path, --record, --user, --install-dir, --dry-run, --quiet, --no-user-cfg, --verbose, --no-deps, --help, --always-unzip, --editable, --local-snapshots-ok
[10.300s] DEBUG:colcon.colcon_core.event_handler.log_command:Invoking command in '/home/navab/robot-simulation/build/navigrid_planner': PYTHONPATH=/home/navab/robot-simulation/build/navigrid_planner/prefix_override:/usr/lib/python3/dist-packages/colcon_core/task/python/colcon_distutils_commands:/home/navab/robot-simulation/install/navigrid_planner/lib/python3.12/site-packages:${PYTHONPATH} /usr/bin/python3 -W ignore:setup.py install is deprecated -W ignore:easy_install command is deprecated setup.py develop --editable --build-directory /home/navab/robot-simulation/build/navigrid_planner/build --no-deps symlink_data
[12.340s] Level 1:colcon.colcon_core.shell:create_environment_hook('navigrid_description', 'pythonpath_develop')
[12.342s] INFO:colcon.colcon_core.shell:Creating environment descriptor '/home/navab/robot-simulation/build/navigrid_description/share/navigrid_description/hook/pythonpath_develop.dsv'
[12.340s] DEBUG:colcon.colcon_core.event_handler.log_command:Invoked command in '/home/navab/robot-simulation/build/navigrid_description' returned '0': PYTHONPATH=/home/navab/robot-simulation/build/navigrid_description/prefix_override:/usr/lib/python3/dist-packages/colcon_core/task/python/colcon_distutils_commands:/home/navab/robot-simulation/install/navigrid_description/lib/python3.12/site-packages:${PYTHONPATH} /usr/bin/python3 -W ignore:setup.py install is deprecated -W ignore:easy_install command is deprecated setup.py develop --editable --build-directory /home/navab/robot-simulation/build/navigrid_description/build --no-deps symlink_data
[12.349s] INFO:colcon.colcon_core.shell:Creating environment hook '/home/navab/robot-simulation/build/navigrid_description/share/navigrid_description/hook/pythonpath_develop.sh'
[12.362s] Level 1:colcon.colcon_core.environment:checking '/home/navab/robot-simulation/install/navigrid_description' for CMake module files
[12.367s] Level 1:colcon.colcon_core.environment:checking '/home/navab/robot-simulation/install/navigrid_description' for CMake config files
[12.370s] Level 1:colcon.colcon_core.environment:checking '/home/navab/robot-simulation/install/navigrid_description/lib'
[12.371s] Level 1:colcon.colcon_core.environment:checking '/home/navab/robot-simulation/install/navigrid_description/bin'
[12.371s] Level 1:colcon.colcon_core.environment:checking '/home/navab/robot-simulation/install/navigrid_description/lib/pkgconfig/navigrid_description.pc'
[12.372s] Level 1:colcon.colcon_core.environment:checking '/home/navab/robot-simulation/install/navigrid_description/lib/python3.12/site-packages'
[12.372s] Level 1:colcon.colcon_core.shell:create_environment_hook('navigrid_description', 'pythonpath')
[12.373s] INFO:colcon.colcon_core.shell:Creating environment descriptor '/home/navab/robot-simulation/install/navigrid_description/share/navigrid_description/hook/pythonpath.dsv'
[12.376s] INFO:colcon.colcon_core.shell:Creating environment hook '/home/navab/robot-simulation/install/navigrid_description/share/navigrid_description/hook/pythonpath.sh'
[12.378s] Level 1:colcon.colcon_core.environment:checking '/home/navab/robot-simulation/install/navigrid_description/bin'
[12.378s] Level 1:colcon.colcon_core.environment:create_environment_scripts_only(navigrid_description)
[12.379s] INFO:colcon.colcon_core.shell:Creating package descriptor '/home/navab/robot-simulation/install/navigrid_description/share/navigrid_description/package.dsv'
[12.386s] INFO:colcon.colcon_core.shell:Creating package script '/home/navab/robot-simulation/install/navigrid_description/share/navigrid_description/package.sh'
[12.389s] INFO:colcon.colcon_core.shell:Creating package script '/home/navab/robot-simulation/install/navigrid_description/share/navigrid_description/package.bash'
[12.396s] INFO:colcon.colcon_core.shell:Creating package script '/home/navab/robot-simulation/install/navigrid_description/share/navigrid_description/package.zsh'
[12.401s] Level 1:colcon.colcon_core.environment:create_file_with_runtime_dependencies(/home/navab/robot-simulation/install/navigrid_description/share/colcon-core/packages/navigrid_description)
[12.437s] Level 1:colcon.colcon_core.shell:create_environment_hook('navigrid_navigation', 'pythonpath_develop')
[12.438s] DEBUG:colcon.colcon_core.event_handler.log_command:Invoked command in '/home/navab/robot-simulation/build/navigrid_navigation' returned '0': PYTHONPATH=/home/navab/robot-simulation/build/navigrid_navigation/prefix_override:/usr/lib/python3/dist-packages/colcon_core/task/python/colcon_distutils_commands:/home/navab/robot-simulation/install/navigrid_navigation/lib/python3.12/site-packages:${PYTHONPATH} /usr/bin/python3 -W ignore:setup.py install is deprecated -W ignore:easy_install command is deprecated setup.py develop --editable --build-directory /home/navab/robot-simulation/build/navigrid_navigation/build --no-deps symlink_data
[12.439s] INFO:colcon.colcon_core.shell:Creating environment descriptor '/home/navab/robot-simulation/build/navigrid_navigation/share/navigrid_navigation/hook/pythonpath_develop.dsv'
[12.447s] INFO:colcon.colcon_core.shell:Creating environment hook '/home/navab/robot-simulation/build/navigrid_navigation/share/navigrid_navigation/hook/pythonpath_develop.sh'
[12.453s] Level 1:colcon.colcon_core.environment:checking '/home/navab/robot-simulation/install/navigrid_navigation' for CMake module files
[12.456s] Level 1:colcon.colcon_core.environment:checking '/home/navab/robot-simulation/install/navigrid_navigation' for CMake config files
[12.457s] Level 1:colcon.colcon_core.environment:checking '/home/navab/robot-simulation/install/navigrid_navigation/lib'
[12.457s] Level 1:colcon.colcon_core.environment:checking '/home/navab/robot-simulation/install/navigrid_navigation/bin'
[12.458s] Level 1:colcon.colcon_core.environment:checking '/home/navab/robot-simulation/install/navigrid_navigation/lib/pkgconfig/navigrid_navigation.pc'
[12.458s] Level 1:colcon.colcon_core.environment:checking '/home/navab/robot-simulation/install/navigrid_navigation/lib/python3.12/site-packages'
[12.459s] Level 1:colcon.colcon_core.shell:create_environment_hook('navigrid_navigation', 'pythonpath')
[12.459s] INFO:colcon.colcon_core.shell:Creating environment descriptor '/home/navab/robot-simulation/install/navigrid_navigation/share/navigrid_navigation/hook/pythonpath.dsv'
[12.461s] INFO:colcon.colcon_core.shell:Creating environment hook '/home/navab/robot-simulation/install/navigrid_navigation/share/navigrid_navigation/hook/pythonpath.sh'
[12.463s] Level 1:colcon.colcon_core.environment:checking '/home/navab/robot-simulation/install/navigrid_navigation/bin'
[12.463s] Level 1:colcon.colcon_core.environment:create_environment_scripts_only(navigrid_navigation)
[12.464s] INFO:colcon.colcon_core.shell:Creating package descriptor '/home/navab/robot-simulation/install/navigrid_navigation/share/navigrid_navigation/package.dsv'
[12.466s] INFO:colcon.colcon_core.shell:Creating package script '/home/navab/robot-simulation/install/navigrid_navigation/share/navigrid_navigation/package.sh'
[12.468s] INFO:colcon.colcon_core.shell:Creating package script '/home/navab/robot-simulation/install/navigrid_navigation/share/navigrid_navigation/package.bash'
[12.472s] INFO:colcon.colcon_core.shell:Creating package script '/home/navab/robot-simulation/install/navigrid_navigation/share/navigrid_navigation/package.zsh'
[12.478s] Level 1:colcon.colcon_core.environment:create_file_with_runtime_dependencies(/home/navab/robot-simulation/install/navigrid_navigation/share/colcon-core/packages/navigrid_navigation)
[12.493s] Level 1:colcon.colcon_core.shell:create_environment_hook('navigrid_world', 'pythonpath_develop')
[12.493s] INFO:colcon.colcon_core.shell:Creating environment descriptor '/home/navab/robot-simulation/build/navigrid_world/share/navigrid_world/hook/pythonpath_develop.dsv'
[12.498s] INFO:colcon.colcon_core.shell:Creating environment hook '/home/navab/robot-simulation/build/navigrid_world/share/navigrid_world/hook/pythonpath_develop.sh'
[12.500s] Level 1:colcon.colcon_core.environment:checking '/home/navab/robot-simulation/install/navigrid_world' for CMake module files
[12.505s] DEBUG:colcon.colcon_core.event_handler.log_command:Invoked command in '/home/navab/robot-simulation/build/navigrid_world' returned '0': PYTHONPATH=/home/navab/robot-simulation/build/navigrid_world/prefix_override:/usr/lib/python3/dist-packages/colcon_core/task/python/colcon_distutils_commands:/home/navab/robot-simulation/install/navigrid_world/lib/python3.12/site-packages:${PYTHONPATH} /usr/bin/python3 -W ignore:setup.py install is deprecated -W ignore:easy_install command is deprecated setup.py develop --editable --build-directory /home/navab/robot-simulation/build/navigrid_world/build --no-deps symlink_data
[12.507s] Level 1:colcon.colcon_core.environment:checking '/home/navab/robot-simulation/install/navigrid_world' for CMake config files
[12.508s] Level 1:colcon.colcon_core.environment:checking '/home/navab/robot-simulation/install/navigrid_world/lib'
[12.508s] Level 1:colcon.colcon_core.environment:checking '/home/navab/robot-simulation/install/navigrid_world/bin'
[12.510s] Level 1:colcon.colcon_core.environment:checking '/home/navab/robot-simulation/install/navigrid_world/lib/pkgconfig/navigrid_world.pc'
[12.512s] Level 1:colcon.colcon_core.environment:checking '/home/navab/robot-simulation/install/navigrid_world/lib/python3.12/site-packages'
[12.512s] Level 1:colcon.colcon_core.shell:create_environment_hook('navigrid_world', 'pythonpath')
[12.512s] INFO:colcon.colcon_core.shell:Creating environment descriptor '/home/navab/robot-simulation/install/navigrid_world/share/navigrid_world/hook/pythonpath.dsv'
[12.514s] INFO:colcon.colcon_core.shell:Creating environment hook '/home/navab/robot-simulation/install/navigrid_world/share/navigrid_world/hook/pythonpath.sh'
[12.516s] Level 1:colcon.colcon_core.environment:checking '/home/navab/robot-simulation/install/navigrid_world/bin'
[12.516s] Level 1:colcon.colcon_core.environment:create_environment_scripts_only(navigrid_world)
[12.516s] INFO:colcon.colcon_core.shell:Creating package descriptor '/home/navab/robot-simulation/install/navigrid_world/share/navigrid_world/package.dsv'
[12.526s] INFO:colcon.colcon_core.shell:Creating package script '/home/navab/robot-simulation/install/navigrid_world/share/navigrid_world/package.sh'
[12.527s] INFO:colcon.colcon_core.shell:Creating package script '/home/navab/robot-simulation/install/navigrid_world/share/navigrid_world/package.bash'
[12.530s] INFO:colcon.colcon_core.shell:Creating package script '/home/navab/robot-simulation/install/navigrid_world/share/navigrid_world/package.zsh'
[12.532s] Level 1:colcon.colcon_core.environment:create_file_with_runtime_dependencies(/home/navab/robot-simulation/install/navigrid_world/share/colcon-core/packages/navigrid_world)
[12.717s] Level 1:colcon.colcon_core.shell:create_environment_hook('navigrid_safety', 'pythonpath_develop')
[12.718s] INFO:colcon.colcon_core.shell:Creating environment descriptor '/home/navab/robot-simulation/build/navigrid_safety/share/navigrid_safety/hook/pythonpath_develop.dsv'
[12.722s] DEBUG:colcon.colcon_core.event_handler.log_command:Invoked command in '/home/navab/robot-simulation/build/navigrid_safety' returned '0': PYTHONPATH=/home/navab/robot-simulation/build/navigrid_safety/prefix_override:/usr/lib/python3/dist-packages/colcon_core/task/python/colcon_distutils_commands:/home/navab/robot-simulation/install/navigrid_safety/lib/python3.12/site-packages:${PYTHONPATH} /usr/bin/python3 -W ignore:setup.py install is deprecated -W ignore:easy_install command is deprecated setup.py develop --editable --build-directory /home/navab/robot-simulation/build/navigrid_safety/build --no-deps symlink_data
[12.730s] INFO:colcon.colcon_core.shell:Creating environment hook '/home/navab/robot-simulation/build/navigrid_safety/share/navigrid_safety/hook/pythonpath_develop.sh'
[12.732s] Level 1:colcon.colcon_core.environment:checking '/home/navab/robot-simulation/install/navigrid_safety' for CMake module files
[12.734s] Level 1:colcon.colcon_core.environment:checking '/home/navab/robot-simulation/install/navigrid_safety' for CMake config files
[12.735s] Level 1:colcon.colcon_core.environment:checking '/home/navab/robot-simulation/install/navigrid_safety/lib'
[12.736s] Level 1:colcon.colcon_core.environment:checking '/home/navab/robot-simulation/install/navigrid_safety/bin'
[12.736s] Level 1:colcon.colcon_core.environment:checking '/home/navab/robot-simulation/install/navigrid_safety/lib/pkgconfig/navigrid_safety.pc'
[12.736s] Level 1:colcon.colcon_core.environment:checking '/home/navab/robot-simulation/install/navigrid_safety/lib/python3.12/site-packages'
[12.737s] Level 1:colcon.colcon_core.shell:create_environment_hook('navigrid_safety', 'pythonpath')
[12.737s] INFO:colcon.colcon_core.shell:Creating environment descriptor '/home/navab/robot-simulation/install/navigrid_safety/share/navigrid_safety/hook/pythonpath.dsv'
[12.744s] INFO:colcon.colcon_core.shell:Creating environment hook '/home/navab/robot-simulation/install/navigrid_safety/share/navigrid_safety/hook/pythonpath.sh'
[12.749s] Level 1:colcon.colcon_core.environment:checking '/home/navab/robot-simulation/install/navigrid_safety/bin'
[12.750s] Level 1:colcon.colcon_core.environment:create_environment_scripts_only(navigrid_safety)
[12.750s] INFO:colcon.colcon_core.shell:Creating package descriptor '/home/navab/robot-simulation/install/navigrid_safety/share/navigrid_safety/package.dsv'
[12.754s] INFO:colcon.colcon_core.shell:Creating package script '/home/navab/robot-simulation/install/navigrid_safety/share/navigrid_safety/package.sh'
[12.756s] INFO:colcon.colcon_core.shell:Creating package script '/home/navab/robot-simulation/install/navigrid_safety/share/navigrid_safety/package.bash'
[12.757s] INFO:colcon.colcon_core.shell:Creating package script '/home/navab/robot-simulation/install/navigrid_safety/share/navigrid_safety/package.zsh'
[12.760s] Level 1:colcon.colcon_core.environment:create_file_with_runtime_dependencies(/home/navab/robot-simulation/install/navigrid_safety/share/colcon-core/packages/navigrid_safety)
[12.772s] Level 1:colcon.colcon_core.shell:create_environment_hook('navigrid_planner', 'pythonpath_develop')
[12.773s] INFO:colcon.colcon_core.shell:Creating environment descriptor '/home/navab/robot-simulation/build/navigrid_planner/share/navigrid_planner/hook/pythonpath_develop.dsv'
[12.774s] DEBUG:colcon.colcon_core.event_handler.log_command:Invoked command in '/home/navab/robot-simulation/build/navigrid_planner' returned '0': PYTHONPATH=/home/navab/robot-simulation/build/navigrid_planner/prefix_override:/usr/lib/python3/dist-packages/colcon_core/task/python/colcon_distutils_commands:/home/navab/robot-simulation/install/navigrid_planner/lib/python3.12/site-packages:${PYTHONPATH} /usr/bin/python3 -W ignore:setup.py install is deprecated -W ignore:easy_install command is deprecated setup.py develop --editable --build-directory /home/navab/robot-simulation/build/navigrid_planner/build --no-deps symlink_data
[12.779s] INFO:colcon.colcon_core.shell:Creating environment hook '/home/navab/robot-simulation/build/navigrid_planner/share/navigrid_planner/hook/pythonpath_develop.sh'
[12.783s] Level 1:colcon.colcon_core.environment:checking '/home/navab/robot-simulation/install/navigrid_planner' for CMake module files
[12.786s] Level 1:colcon.colcon_core.environment:checking '/home/navab/robot-simulation/install/navigrid_planner' for CMake config files
[12.788s] Level 1:colcon.colcon_core.environment:checking '/home/navab/robot-simulation/install/navigrid_planner/lib'
[12.788s] Level 1:colcon.colcon_core.environment:checking '/home/navab/robot-simulation/install/navigrid_planner/bin'
[12.790s] Level 1:colcon.colcon_core.environment:checking '/home/navab/robot-simulation/install/navigrid_planner/lib/pkgconfig/navigrid_planner.pc'
[12.792s] Level 1:colcon.colcon_core.environment:checking '/home/navab/robot-simulation/install/navigrid_planner/lib/python3.12/site-packages'
[12.793s] Level 1:colcon.colcon_core.shell:create_environment_hook('navigrid_planner', 'pythonpath')
[12.794s] INFO:colcon.colcon_core.shell:Creating environment descriptor '/home/navab/robot-simulation/install/navigrid_planner/share/navigrid_planner/hook/pythonpath.dsv'
[12.795s] INFO:colcon.colcon_core.shell:Creating environment hook '/home/navab/robot-simulation/install/navigrid_planner/share/navigrid_planner/hook/pythonpath.sh'
[12.798s] Level 1:colcon.colcon_core.environment:checking '/home/navab/robot-simulation/install/navigrid_planner/bin'
[12.798s] Level 1:colcon.colcon_core.environment:create_environment_scripts_only(navigrid_planner)
[12.799s] INFO:colcon.colcon_core.shell:Creating package descriptor '/home/navab/robot-simulation/install/navigrid_planner/share/navigrid_planner/package.dsv'
[12.804s] INFO:colcon.colcon_core.shell:Creating package script '/home/navab/robot-simulation/install/navigrid_planner/share/navigrid_planner/package.sh'
[12.810s] INFO:colcon.colcon_core.shell:Creating package script '/home/navab/robot-simulation/install/navigrid_planner/share/navigrid_planner/package.bash'
[12.812s] INFO:colcon.colcon_core.shell:Creating package script '/home/navab/robot-simulation/install/navigrid_planner/share/navigrid_planner/package.zsh'
[12.817s] Level 1:colcon.colcon_core.environment:create_file_with_runtime_dependencies(/home/navab/robot-simulation/install/navigrid_planner/share/colcon-core/packages/navigrid_planner)
[12.845s] Level 1:colcon.colcon_core.shell:create_environment_hook('navigrid_bringup', 'pythonpath_develop')
[12.846s] DEBUG:colcon.colcon_core.event_handler.log_command:Invoked command in '/home/navab/robot-simulation/build/navigrid_bringup' returned '0': PYTHONPATH=/home/navab/robot-simulation/build/navigrid_bringup/prefix_override:/usr/lib/python3/dist-packages/colcon_core/task/python/colcon_distutils_commands:/home/navab/robot-simulation/install/navigrid_bringup/lib/python3.12/site-packages:${PYTHONPATH} /usr/bin/python3 -W ignore:setup.py install is deprecated -W ignore:easy_install command is deprecated setup.py develop --editable --build-directory /home/navab/robot-simulation/build/navigrid_bringup/build --no-deps symlink_data
[12.846s] INFO:colcon.colcon_core.shell:Creating environment descriptor '/home/navab/robot-simulation/build/navigrid_bringup/share/navigrid_bringup/hook/pythonpath_develop.dsv'
[12.853s] INFO:colcon.colcon_core.shell:Creating environment hook '/home/navab/robot-simulation/build/navigrid_bringup/share/navigrid_bringup/hook/pythonpath_develop.sh'
[12.855s] Level 1:colcon.colcon_core.environment:checking '/home/navab/robot-simulation/install/navigrid_bringup' for CMake module files
[12.859s] Level 1:colcon.colcon_core.environment:checking '/home/navab/robot-simulation/install/navigrid_bringup' for CMake config files
[12.861s] Level 1:colcon.colcon_core.environment:checking '/home/navab/robot-simulation/install/navigrid_bringup/lib'
[12.862s] Level 1:colcon.colcon_core.environment:checking '/home/navab/robot-simulation/install/navigrid_bringup/bin'
[12.863s] Level 1:colcon.colcon_core.environment:checking '/home/navab/robot-simulation/install/navigrid_bringup/lib/pkgconfig/navigrid_bringup.pc'
[12.864s] Level 1:colcon.colcon_core.environment:checking '/home/navab/robot-simulation/install/navigrid_bringup/lib/python3.12/site-packages'
[12.864s] Level 1:colcon.colcon_core.shell:create_environment_hook('navigrid_bringup', 'pythonpath')
[12.864s] INFO:colcon.colcon_core.shell:Creating environment descriptor '/home/navab/robot-simulation/install/navigrid_bringup/share/navigrid_bringup/hook/pythonpath.dsv'
[12.866s] INFO:colcon.colcon_core.shell:Creating environment hook '/home/navab/robot-simulation/install/navigrid_bringup/share/navigrid_bringup/hook/pythonpath.sh'
[12.867s] Level 1:colcon.colcon_core.environment:checking '/home/navab/robot-simulation/install/navigrid_bringup/bin'
[12.867s] Level 1:colcon.colcon_core.environment:create_environment_scripts_only(navigrid_bringup)
[12.868s] INFO:colcon.colcon_core.shell:Creating package descriptor '/home/navab/robot-simulation/install/navigrid_bringup/share/navigrid_bringup/package.dsv'
[12.869s] INFO:colcon.colcon_core.shell:Creating package script '/home/navab/robot-simulation/install/navigrid_bringup/share/navigrid_bringup/package.sh'
[12.870s] INFO:colcon.colcon_core.shell:Creating package script '/home/navab/robot-simulation/install/navigrid_bringup/share/navigrid_bringup/package.bash'
[12.871s] INFO:colcon.colcon_core.shell:Creating package script '/home/navab/robot-simulation/install/navigrid_bringup/share/navigrid_bringup/package.zsh'
[12.872s] Level 1:colcon.colcon_core.environment:create_file_with_runtime_dependencies(/home/navab/robot-simulation/install/navigrid_bringup/share/colcon-core/packages/navigrid_bringup)
[12.878s] DEBUG:colcon.colcon_parallel_executor.executor.parallel:closing loop
[12.879s] DEBUG:colcon.colcon_parallel_executor.executor.parallel:loop closed
[12.881s] DEBUG:colcon.colcon_parallel_executor.executor.parallel:run_until_complete finished with '0'
[12.881s] DEBUG:colcon.colcon_core.event_reactor:joining thread
[13.308s] INFO:colcon.colcon_core.plugin_system:Skipping extension 'colcon_notification.desktop_notification.notify_send': Could not find 'notify-send'
[13.308s] INFO:colcon.colcon_core.plugin_system:Skipping extension 'colcon_notification.desktop_notification.terminal_notifier': Not used on non-Darwin systems
[13.309s] INFO:colcon.colcon_core.plugin_system:Skipping extension 'colcon_notification.desktop_notification.win32': Not used on non-Windows systems
[13.309s] INFO:colcon.colcon_notification.desktop_notification:Sending desktop notification using 'notify2'
[13.338s] DEBUG:colcon.colcon_notification.desktop_notification.notify2:Failed to initialize notify2: org.freedesktop.DBus.Error.ServiceUnknown: The name org.freedesktop.Notifications was not provided by any .service files
[13.338s] DEBUG:colcon.colcon_core.event_reactor:joined thread
[13.339s] INFO:colcon.colcon_core.shell:Creating prefix script '/home/navab/robot-simulation/install/local_setup.sh'
[13.341s] INFO:colcon.colcon_core.shell:Creating prefix util module '/home/navab/robot-simulation/install/_local_setup_util_sh.py'
[13.349s] INFO:colcon.colcon_core.shell:Creating prefix chain script '/home/navab/robot-simulation/install/setup.sh'
[13.352s] INFO:colcon.colcon_core.shell:Creating prefix script '/home/navab/robot-simulation/install/local_setup.bash'
[13.355s] INFO:colcon.colcon_core.shell:Creating prefix chain script '/home/navab/robot-simulation/install/setup.bash'
[13.358s] INFO:colcon.colcon_core.shell:Creating prefix script '/home/navab/robot-simulation/install/local_setup.zsh'
[13.361s] INFO:colcon.colcon_core.shell:Creating prefix chain script '/home/navab/robot-simulation/install/setup.zsh'
