[8.563s] Invoking command in '/home/navab/robot-simulation/build/navigrid_description': PYTHONPATH=/home/navab/robot-simulation/build/navigrid_description/prefix_override:/usr/lib/python3/dist-packages/colcon_core/task/python/colcon_distutils_commands:/home/navab/robot-simulation/install/navigrid_description/lib/python3.12/site-packages:${PYTHONPATH} /usr/bin/python3 -W ignore:setup.py install is deprecated -W ignore:easy_install command is deprecated setup.py develop --editable --build-directory /home/navab/robot-simulation/build/navigrid_description/build --no-deps symlink_data
[9.525s] running develop
[10.265s] running egg_info
[10.278s] creating navigrid_description.egg-info
[10.388s] writing navigrid_description.egg-info/PKG-INFO
[10.389s] writing dependency_links to navigrid_description.egg-info/dependency_links.txt
[10.390s] writing requirements to navigrid_description.egg-info/requires.txt
[10.391s] writing top-level names to navigrid_description.egg-info/top_level.txt
[10.391s] writing manifest file 'navigrid_description.egg-info/SOURCES.txt'
[10.602s] reading manifest file 'navigrid_description.egg-info/SOURCES.txt'
[10.604s] writing manifest file 'navigrid_description.egg-info/SOURCES.txt'
[10.681s] running build_ext
[10.693s] Creating /home/navab/robot-simulation/install/navigrid_description/lib/python3.12/site-packages/navigrid-description.egg-link (link to .)
[10.694s] 
[10.694s] Installed /home/navab/robot-simulation/build/navigrid_description
[10.694s] running symlink_data
[10.694s] creating /home/navab/robot-simulation/install/navigrid_description/share/ament_index
[10.694s] creating /home/navab/robot-simulation/install/navigrid_description/share/ament_index/resource_index
[10.696s] creating /home/navab/robot-simulation/install/navigrid_description/share/ament_index/resource_index/packages
[10.696s] symbolically linking /home/navab/robot-simulation/build/navigrid_description/resource/navigrid_description -> /home/navab/robot-simulation/install/navigrid_description/share/ament_index/resource_index/packages
[10.696s] symbolically linking /home/navab/robot-simulation/build/navigrid_description/package.xml -> /home/navab/robot-simulation/install/navigrid_description/share/navigrid_description
[10.837s] Invoked command in '/home/navab/robot-simulation/build/navigrid_description' returned '0': PYTHONPATH=/home/navab/robot-simulation/build/navigrid_description/prefix_override:/usr/lib/python3/dist-packages/colcon_core/task/python/colcon_distutils_commands:/home/navab/robot-simulation/install/navigrid_description/lib/python3.12/site-packages:${PYTHONPATH} /usr/bin/python3 -W ignore:setup.py install is deprecated -W ignore:easy_install command is deprecated setup.py develop --editable --build-directory /home/navab/robot-simulation/build/navigrid_description/build --no-deps symlink_data
