[3.126s] Invoking command in '/home/navab/robot-simulation/src/navigrid_navigation': PYTHONPATH=/home/navab/robot-simulation/build/navigrid_navigation/prefix_override:/usr/lib/python3/dist-packages/colcon_core/task/python/colcon_distutils_commands:/home/navab/robot-simulation/install/navigrid_navigation/lib/python3.12/site-packages:${PYTHONPATH} /usr/bin/python3 -W ignore:setup.py install is deprecated -W ignore:easy_install command is deprecated setup.py egg_info --egg-base ../../build/navigrid_navigation build --build-base /home/navab/robot-simulation/build/navigrid_navigation/build install --record /home/navab/robot-simulation/build/navigrid_navigation/install.log --install-scripts $base/lib/navigrid_navigation --single-version-externally-managed install_data
[3.801s] running egg_info
[3.856s] writing ../../build/navigrid_navigation/navigrid_navigation.egg-info/PKG-INFO
[3.860s] writing dependency_links to ../../build/navigrid_navigation/navigrid_navigation.egg-info/dependency_links.txt
[3.861s] writing entry points to ../../build/navigrid_navigation/navigrid_navigation.egg-info/entry_points.txt
[3.861s] writing requirements to ../../build/navigrid_navigation/navigrid_navigation.egg-info/requires.txt
[3.862s] writing top-level names to ../../build/navigrid_navigation/navigrid_navigation.egg-info/top_level.txt
[3.937s] reading manifest file '../../build/navigrid_navigation/navigrid_navigation.egg-info/SOURCES.txt'
[3.940s] writing manifest file '../../build/navigrid_navigation/navigrid_navigation.egg-info/SOURCES.txt'
[3.941s] running build
[3.951s] running build_py
[3.951s] running install
[3.957s] running install_lib
[4.019s] running install_data
[4.020s] copying config/nav2_params.yaml -> /home/navab/robot-simulation/install/navigrid_navigation/share/navigrid_navigation/config
[4.028s] running install_egg_info
[4.086s] removing '/home/navab/robot-simulation/install/navigrid_navigation/lib/python3.12/site-packages/navigrid_navigation-0.0.0-py3.12.egg-info' (and everything under it)
[4.089s] Copying ../../build/navigrid_navigation/navigrid_navigation.egg-info to /home/navab/robot-simulation/install/navigrid_navigation/lib/python3.12/site-packages/navigrid_navigation-0.0.0-py3.12.egg-info
[4.098s] running install_scripts
[4.437s] Installing odom_tf_broadcaster script to /home/navab/robot-simulation/install/navigrid_navigation/lib/navigrid_navigation
[4.438s] writing list of installed files to '/home/navab/robot-simulation/build/navigrid_navigation/install.log'
[4.551s] Invoked command in '/home/navab/robot-simulation/src/navigrid_navigation' returned '0': PYTHONPATH=/home/navab/robot-simulation/build/navigrid_navigation/prefix_override:/usr/lib/python3/dist-packages/colcon_core/task/python/colcon_distutils_commands:/home/navab/robot-simulation/install/navigrid_navigation/lib/python3.12/site-packages:${PYTHONPATH} /usr/bin/python3 -W ignore:setup.py install is deprecated -W ignore:easy_install command is deprecated setup.py egg_info --egg-base ../../build/navigrid_navigation build --build-base /home/navab/robot-simulation/build/navigrid_navigation/build install --record /home/navab/robot-simulation/build/navigrid_navigation/install.log --install-scripts $base/lib/navigrid_navigation --single-version-externally-managed install_data
